******************************************************************************
               TMS320C6x Linker PC v7.4.20                     
******************************************************************************
>> Linked Thu Sep 14 18:32:15 2017

OUTPUT FILE NAME:   <formatif.out>
ENTRY POINT SYMBOL: "_c_int00"  address: 00001680


MEMORY CONFIGURATION

         name            origin    length      used     unused   attr    fill
----------------------  --------  ---------  --------  --------  ----  --------
  RAM                   00000001   fffffffe  000017f4  ffffe80a  RWIX


SECTION ALLOCATION MAP

 output                                  attributes/
section   page    origin      length       input sections
--------  ----  ----------  ----------   ----------------
.pinit     0    00000004    00000000     UNINITIALIZED

.bss       0    00000008    00000000     UNINITIALIZED

.stack     0    00000008    00001000     UNINITIALIZED
                  00000008    00000008     rts6200.lib : boot.obj (.stack)
                  00000010    00000ff8     --HOLE--

.data      0    00001008    00000004     
                  00001008    00000004     executerTampon.obj (.data)

.text      0    00001020    00000760     
                  00001020    00000240     rts6200.lib : memcpy62.obj (.text:_memcpy)
                  00001260    00000100                 : autoinit.obj (.text:__auto_init)
                  00001360    00000100     main.obj (.text)
                  00001460    000000e0     rts6200.lib : exit.obj (.text:_exit)
                  00001540    000000c0                 : cpy_tbl.obj (.text:_copy_in)
                  00001600    00000080                 : cpp_init.obj (.text:___TI_cpp_init)
                  00001680    00000080                 : boot.obj (.text:_c_int00)
                  00001700    00000040                 : args_main.obj (.text:__args_main)
                  00001740    00000020                 : exit.obj (.text:_abort)
                  00001760    00000020     executerTampon.obj (.text)

.far       0    00001780    0000004c     UNINITIALIZED
                  00001780    00000040     main.obj (.far)
                  000017c0    0000000c     rts6200.lib : exit.obj (.far)

.cinit     0    000017d0    00000044     
                  000017d0    0000002c     rts6200.lib : exit.obj (.cinit)
                  000017fc    00000004     --HOLE-- [fill = 0]
                  00001800    0000000c     main.obj (.cinit)
                  0000180c    00000004     --HOLE-- [fill = 0]
                  00001810    00000004     (.pad.cinit) [fill = 0]


GLOBAL SYMBOLS: SORTED ALPHABETICALLY BY Name 

address    name
--------   ----
00000008   $bss
00000008   .bss
00001008   .data
00001020   .text
00001740   C$$EXIT
00001780   _TamponCirculaire
00001008   __STACK_END
00001000   __STACK_SIZE
00000001   __TI_args_main
00001600   ___TI_cpp_init
000017c8   ___TI_enable_exit_profile_output
ffffffff   ___TI_pprof_out_hndl
ffffffff   ___TI_prof_data_size
ffffffff   ___TI_prof_data_start
ffffffff   ___binit__
00000008   ___bss__
ffffffff   ___c_args__
000017d0   ___cinit__
00001008   ___data__
0000100c   ___edata__
00000008   ___end__
00001780   ___etext__
ffffffff   ___pinit__
00001020   ___text__
00001700   __args_main
00001260   __auto_init
000017c0   __cleanup_ptr
000017c4   __dtors_ptr
00000008   __stack
00001740   _abort
00001680   _c_int00
00001540   _copy_in
00001760   _executerTampon
00001460   _exit
00001360   _main
00001020   _memcpy
ffffffff   binit
000017d0   cinit
0000100c   edata
00000008   end
00001780   etext
ffffffff   pinit


GLOBAL SYMBOLS: SORTED BY Symbol Address 

address    name
--------   ----
00000001   __TI_args_main
00000008   $bss
00000008   .bss
00000008   ___bss__
00000008   ___end__
00000008   __stack
00000008   end
00001000   __STACK_SIZE
00001008   .data
00001008   __STACK_END
00001008   ___data__
0000100c   ___edata__
0000100c   edata
00001020   .text
00001020   ___text__
00001020   _memcpy
00001260   __auto_init
00001360   _main
00001460   _exit
00001540   _copy_in
00001600   ___TI_cpp_init
00001680   _c_int00
00001700   __args_main
00001740   C$$EXIT
00001740   _abort
00001760   _executerTampon
00001780   _TamponCirculaire
00001780   ___etext__
00001780   etext
000017c0   __cleanup_ptr
000017c4   __dtors_ptr
000017c8   ___TI_enable_exit_profile_output
000017d0   ___cinit__
000017d0   cinit
ffffffff   ___TI_pprof_out_hndl
ffffffff   ___TI_prof_data_size
ffffffff   ___TI_prof_data_start
ffffffff   ___binit__
ffffffff   ___c_args__
ffffffff   ___pinit__
ffffffff   binit
ffffffff   pinit

[42 symbols]
