******************************************************************************
               TMS320C6x Linker PC v7.4.20                     
******************************************************************************
>> Linked Thu Nov 02 11:34:12 2017

OUTPUT FILE NAME:   <PROJECT.out>
ENTRY POINT SYMBOL: "_c_int00"  address: 00008860


MEMORY CONFIGURATION

         name            origin    length      used     unused   attr    fill
----------------------  --------  ---------  --------  --------  ----  --------
  RAM                   00000001   fffffffe  0000b5d7  ffff4a27  RWIX


SECTION ALLOCATION MAP

 output                                  attributes/
section   page    origin      length       input sections
--------  ----  ----------  ----------   ----------------
.pinit     0    00000004    00000000     UNINITIALIZED

.data      0    00000008    00000000     UNINITIALIZED

.bss       0    00000008    00000000     UNINITIALIZED

.text      0    00000020    00008cc0     
                  00000020    00000720     rts6700.lib : divd.obj (.text:__divd)
                  00000740    000006c0                 : _printfi.obj (.text:__getarg_diouxp)
                  00000e00    00000640                 : _printfi.obj (.text:__setfield)
                  00001440    00000560                 : _printfi.obj (.text:__printfi)
                  000019a0    000004c0                 : fputs.obj (.text:_fputs)
                  00001e60    00000420                 : _printfi.obj (.text:_fcvt)
                  00002280    00000400                 : _printfi.obj (.text:__pproc_fge)
                  00002680    00000400                 : _printfi.obj (.text:_ecvt)
                  00002a80    00000380                 : imath64.obj (.text:__divull)
                  00002e00    00000380                 : memory.obj (.text:_free)
                  00003180    00000360                 : _printfi.obj (.text:__pconv_e)
                  000034e0    00000360                 : _printfi.obj (.text:__pproc_fwp)
                  00003840    00000300                 : _printfi.obj (.text:__pproc_diouxp)
                  00003b40    000002e0     main.obj (.text)
                  00003e20    000002c0     rts6700.lib : _printfi.obj (.text:__pproc_str)
                  000040e0    000002c0                 : setvbuf.obj (.text:_setvbuf)
                  000043a0    000002a0                 : _printfi.obj (.text:__pconv_g)
                  00004640    000002a0                 : fputc.obj (.text:_fputc)
                  000048e0    00000260                 : imath40.obj (.text:__divul)
                  00004b40    00000240                 : _printfi.obj (.text:__mcpy)
                  00004d80    00000240                 : fopen.obj (.text:__openfile)
                  00004fc0    00000240                 : memory.obj (.text:_malloc)
                  00005200    00000240                 : memcpy62.obj (.text:_memcpy)
                  00005440    00000220                 : trgdrv.obj (.text:_HOSTrename)
                  00005660    00000220                 : lowlev.obj (.text:_open)
                  00005880    000001e0                 : lowlev.obj (.text:_getdevice)
                  00005a60    000001c0                 : fseek.obj (.text:_fseek)
                  00005c20    000001a0                 : _printfi.obj (.text:__ltostr)
                  00005dc0    000001a0                 : _printfi.obj (.text:__pproc_fflags)
                  00005f60    00000160                 : trgdrv.obj (.text:_HOSTlseek)
                  000060c0    00000160                 : fclose.obj (.text:__closefile)
                  00006220    00000160                 : fopen.obj (.text:__search_fp)
                  00006380    00000140                 : trgdrv.obj (.text:_HOSTread)
                  000064c0    00000140                 : frcmpyd_div.obj (.text:__frcmpyd_div)
                  00006600    00000140                 : strasg.obj (.text:__strasgi)
                  00006740    00000140                 : atoi.obj (.text:_atoi)
                  00006880    00000140                 : ltoa.obj (.text:_ltoa)
                  000069c0    00000120                 : trgdrv.obj (.text:_HOSTopen)
                  00006ae0    00000120                 : trgdrv.obj (.text:_HOSTwrite)
                  00006c00    00000120                 : _io_perm.obj (.text:__wrt_ok)
                  00006d20    00000120                 : lowlev.obj (.text:_close)
                  00006e40    00000120                 : fprintf.obj (.text:_fprintf)
                  00006f60    00000120                 : memset.obj (.text:_memset)
                  00007080    00000100                 : trgdrv.obj (.text:_HOSTclose)
                  00007180    00000100                 : trgdrv.obj (.text:_HOSTunlink)
                  00007280    00000100                 : autoinit.obj (.text:__auto_init)
                  00007380    00000100                 : _printfi.obj (.text:__div)
                  00007480    00000100                 : imath40.obj (.text:__divli)
                  00007580    00000100                 : _printfi.obj (.text:__pconv_f)
                  00007680    00000100                 : lowlev.obj (.text:_lseek)
                  00007780    00000100                 : printf.obj (.text:_printf)
                  00007880    00000100                 : lowlev.obj (.text:_write)
                  00007980    000000e0                 : fopen.obj (.text:__cleanup)
                  00007a60    000000e0                 : fflush.obj (.text:__doflush)
                  00007b40    000000e0                 : _printfi.obj (.text:__ecpy)
                  00007c20    000000e0                 : _printfi.obj (.text:__fcpy)
                  00007d00    000000e0                 : exit.obj (.text:_exit)
                  00007de0    000000e0                 : memory.obj (.text:_minsert)
                  00007ec0    000000e0                 : memory.obj (.text:_mremove)
                  00007fa0    000000c0                 : divu.obj (.text:__divu)
                  00008060    000000c0                 : cpy_tbl.obj (.text:_copy_in)
                  00008120    000000c0                 : lowlev.obj (.text:_finddevice)
                  000081e0    000000a0                 : fixdli.obj (.text:__fixdli)
                  00008280    000000a0                 : mpyll.obj (.text:__mpyll)
                  00008320    000000a0                 : imath40.obj (.text:__remli)
                  000083c0    000000a0                 : fopen.obj (.text:_fopen)
                  00008460    000000a0                 : trgmsg.obj (.text:_readmsg)
                  00008500    000000a0                 : lowlev.obj (.text:_tabinit)
                  000085a0    000000a0                 : lowlev.obj (.text:_unlink)
                  00008640    000000a0                 : trgmsg.obj (.text:_writemsg)
                  000086e0    00000080                 : cpp_init.obj (.text:___TI_cpp_init)
                  00008760    00000080                 : fltlid.obj (.text:__fltlid)
                  000087e0    00000080                 : llshift.obj (.text:__llshl)
                  00008860    00000080                 : boot.obj (.text:_c_int00)
                  000088e0    00000080                 : fclose.obj (.text:_fclose)
                  00008960    00000080                 : memccpy.obj (.text:_memccpy)
                  000089e0    00000060                 : isinf.obj (.text:___isinf)
                  00008a40    00000060                 : llshift.obj (.text:__llshru)
                  00008aa0    00000060                 : imath64.obj (.text:__subcull)
                  00008b00    00000060     autoCorr.obj (.text)
                  00008b60    00000040     rts6700.lib : _printfi.obj (.text:___isnan)
                  00008ba0    00000040                 : args_main.obj (.text:__args_main)
                  00008be0    00000020                 : negll.obj (.text:__negll)
                  00008c00    00000020                 : _lock.obj (.text:__nop)
                  00008c20    00000020                 : fprintf.obj (.text:__outc)
                  00008c40    00000020                 : printf.obj (.text:__outc)
                  00008c60    00000020                 : fprintf.obj (.text:__outs)
                  00008c80    00000020                 : printf.obj (.text:__outs)
                  00008ca0    00000020                 : exit.obj (.text:_abort)
                  00008cc0    00000020                 : remove.obj (.text:_remove)

.stack     0    00008ce0    00001000     UNINITIALIZED
                  00008ce0    00000008     rts6700.lib : boot.obj (.stack)
                  00008ce8    00000ff8     --HOLE--

.sysmem    0    00009ce0    00001000     UNINITIALIZED
                  00009ce0    00000008     rts6700.lib : memory.obj (.sysmem)
                  00009ce8    00000ff8     --HOLE--

.far       0    0000ace0    00000468     UNINITIALIZED
                  0000ace0    00000324     rts6700.lib : defs.obj (.far)
                  0000b004    0000011c                 : lowlev.obj (.far)
                  0000b120    0000000c                 : exit.obj (.far)
                  0000b12c    00000008                 : _lock.obj (.far)
                  0000b134    00000008                 : memory.obj (.far)
                  0000b13c    00000008                 : trgdrv.obj (.far)
                  0000b144    00000004                 : fopen.obj (.far)

.const     0    0000b148    0000023b     
                  0000b148    00000101     rts6700.lib : ctype.obj (.const:.string:__ctypes_)
                  0000b249    00000002                 : fputs.obj (.const:.string)
                  0000b24b    00000001     --HOLE-- [fill = 0]
                  0000b24c    00000098     main.obj (.const:.string)
                  0000b2e4    00000054     test.obj (.const:.string)
                  0000b338    00000028     main.obj (.const:_$P$T0$1)
                  0000b360    00000023     rts6700.lib : _printfi.obj (.const:.string)

.cinit     0    0000b388    00000154     
                  0000b388    0000005c     rts6700.lib : defs.obj (.cinit)
                  0000b3e4    00000004     --HOLE-- [fill = 0]
                  0000b3e8    0000005c                 : lowlev.obj (.cinit)
                  0000b444    00000004     --HOLE-- [fill = 0]
                  0000b448    0000002c                 : exit.obj (.cinit)
                  0000b474    00000004     --HOLE-- [fill = 0]
                  0000b478    0000002c                 : memory.obj (.cinit)
                  0000b4a4    00000004     --HOLE-- [fill = 0]
                  0000b4a8    0000001c                 : _lock.obj (.cinit)
                  0000b4c4    00000004     --HOLE-- [fill = 0]
                  0000b4c8    0000000c                 : fopen.obj (.cinit)
                  0000b4d4    00000004     --HOLE-- [fill = 0]
                  0000b4d8    00000004     (.pad.cinit) [fill = 0]

.cio       0    0000b4e0    00000120     UNINITIALIZED
                  0000b4e0    00000120     rts6700.lib : trgmsg.obj (.cio)


GLOBAL SYMBOLS: SORTED ALPHABETICALLY BY Name 

address    name
--------   ----
00000008   $bss
00000008   .bss
00000008   .data
00000020   .text
00008ca0   C$$EXIT
000086b8   C$$IO$$
00007080   _HOSTclose
00005f60   _HOSTlseek
000069c0   _HOSTopen
00006380   _HOSTread
00005440   _HOSTrename
00007180   _HOSTunlink
00006ae0   _HOSTwrite
0000b4e0   __CIOBUF_
00009ce0   __STACK_END
00001000   __STACK_SIZE
00001000   __SYSMEM_SIZE
00000001   __TI_args_main
000086e0   ___TI_cpp_init
0000b128   ___TI_enable_exit_profile_output
ffffffff   ___TI_pprof_out_hndl
ffffffff   ___TI_prof_data_size
ffffffff   ___TI_prof_data_start
ffffffff   ___binit__
00000008   ___bss__
ffffffff   ___c_args__
0000b388   ___cinit__
00000008   ___data__
00000008   ___edata__
00000008   ___end__
00008ce0   ___etext__
000089e0   ___isinf
ffffffff   ___pinit__
00000020   ___text__
00008ba0   __args_main
00007280   __auto_init
00007fa0   __c6xabi_divu
00006600   __c6xabi_strasgi
00007980   __cleanup
0000b120   __cleanup_ptr
000060c0   __closefile
0000b148   __ctypes_
00000020   __divd
00007480   __divli
00007fa0   __divu
000048e0   __divul
00002a80   __divull
00007a60   __doflush
0000b124   __dtors_ptr
000081e0   __fixdli
00008760   __fltlid
000064c0   __frcmpyd_div
0000b000   __ft_end
0000ace0   __ftable
000087e0   __llshl
00008a40   __llshru
0000b12c   __lock
00008280   __mpyll
00008be0   __negll
00008c00   __nop
00001440   __printfi
00008320   __remli
00008ce0   __stack
00006600   __strasgi
00008aa0   __subcull
00009ce0   __sys_memory
0000aec0   __tmpnams
0000b130   __unlock
00006c00   __wrt_ok
00008ca0   _abort
00006740   _atoi
00008b00   _autoCorrASM
00008860   _c_int00
00006d20   _close
00008060   _copy_in
00007d00   _exit
000088e0   _fclose
000083c0   _fopen
00006e40   _fprintf
00004640   _fputc
000019a0   _fputs
00002e00   _free
00005a60   _fseek
00007680   _lseek
00006880   _ltoa
00003b40   _main
00004fc0   _malloc
00008960   _memccpy
00005200   _memcpy
00006f60   _memset
00005660   _open
00007780   _printf
00004640   _putc
00008460   _readmsg
00008cc0   _remove
000040e0   _setvbuf
000085a0   _unlink
00007880   _write
00008640   _writemsg
ffffffff   binit
0000b388   cinit
00000008   edata
00000008   end
00008ce0   etext
ffffffff   pinit


GLOBAL SYMBOLS: SORTED BY Symbol Address 

address    name
--------   ----
00000001   __TI_args_main
00000008   $bss
00000008   .bss
00000008   .data
00000008   ___bss__
00000008   ___data__
00000008   ___edata__
00000008   ___end__
00000008   edata
00000008   end
00000020   .text
00000020   ___text__
00000020   __divd
00001000   __STACK_SIZE
00001000   __SYSMEM_SIZE
00001440   __printfi
000019a0   _fputs
00002a80   __divull
00002e00   _free
00003b40   _main
000040e0   _setvbuf
00004640   _fputc
00004640   _putc
000048e0   __divul
00004fc0   _malloc
00005200   _memcpy
00005440   _HOSTrename
00005660   _open
00005a60   _fseek
00005f60   _HOSTlseek
000060c0   __closefile
00006380   _HOSTread
000064c0   __frcmpyd_div
00006600   __c6xabi_strasgi
00006600   __strasgi
00006740   _atoi
00006880   _ltoa
000069c0   _HOSTopen
00006ae0   _HOSTwrite
00006c00   __wrt_ok
00006d20   _close
00006e40   _fprintf
00006f60   _memset
00007080   _HOSTclose
00007180   _HOSTunlink
00007280   __auto_init
00007480   __divli
00007680   _lseek
00007780   _printf
00007880   _write
00007980   __cleanup
00007a60   __doflush
00007d00   _exit
00007fa0   __c6xabi_divu
00007fa0   __divu
00008060   _copy_in
000081e0   __fixdli
00008280   __mpyll
00008320   __remli
000083c0   _fopen
00008460   _readmsg
000085a0   _unlink
00008640   _writemsg
000086b8   C$$IO$$
000086e0   ___TI_cpp_init
00008760   __fltlid
000087e0   __llshl
00008860   _c_int00
000088e0   _fclose
00008960   _memccpy
000089e0   ___isinf
00008a40   __llshru
00008aa0   __subcull
00008b00   _autoCorrASM
00008ba0   __args_main
00008be0   __negll
00008c00   __nop
00008ca0   C$$EXIT
00008ca0   _abort
00008cc0   _remove
00008ce0   ___etext__
00008ce0   __stack
00008ce0   etext
00009ce0   __STACK_END
00009ce0   __sys_memory
0000ace0   __ftable
0000aec0   __tmpnams
0000b000   __ft_end
0000b120   __cleanup_ptr
0000b124   __dtors_ptr
0000b128   ___TI_enable_exit_profile_output
0000b12c   __lock
0000b130   __unlock
0000b148   __ctypes_
0000b388   ___cinit__
0000b388   cinit
0000b4e0   __CIOBUF_
ffffffff   ___TI_pprof_out_hndl
ffffffff   ___TI_prof_data_size
ffffffff   ___TI_prof_data_start
ffffffff   ___binit__
ffffffff   ___c_args__
ffffffff   ___pinit__
ffffffff   binit
ffffffff   pinit

[105 symbols]
