<?xml version="1.0"?>
<link_info>
   <banner>TMS320C6x Linker PC v7.4.20</banner>
   <copyright>Copyright (c) 1996-2015 Texas Instruments Incorporated</copyright>
   <link_time>0x59ea7a28</link_time>
   <output_file>PROJECT.out</output_file>
   <entry_point>
      <name>_c_int00</name>
      <address>0xa300</address>
   </entry_point>
   <input_file_list>
      <input_file id="fl-2">
         <path>.\Sources\C\</path>
         <kind>object</kind>
         <file>main.obj</file>
         <name>main.obj</name>
      </input_file>
      <input_file id="fl-3">
         <path>.\Sources\C\</path>
         <kind>object</kind>
         <file>mathematic.obj</file>
         <name>mathematic.obj</name>
      </input_file>
      <input_file id="fl-4">
         <path>.\Sources\C\</path>
         <kind>object</kind>
         <file>test.obj</file>
         <name>test.obj</name>
      </input_file>
      <input_file id="fl-81">
         <path>C:\ti\c6000_7.4.20\lib\</path>
         <kind>archive</kind>
         <file>rts6200.lib</file>
         <name>addf.obj</name>
      </input_file>
      <input_file id="fl-82">
         <path>C:\ti\c6000_7.4.20\lib\</path>
         <kind>archive</kind>
         <file>rts6200.lib</file>
         <name>boot.obj</name>
      </input_file>
      <input_file id="fl-83">
         <path>C:\ti\c6000_7.4.20\lib\</path>
         <kind>archive</kind>
         <file>rts6200.lib</file>
         <name>cvtfd.obj</name>
      </input_file>
      <input_file id="fl-84">
         <path>C:\ti\c6000_7.4.20\lib\</path>
         <kind>archive</kind>
         <file>rts6200.lib</file>
         <name>exit.obj</name>
      </input_file>
      <input_file id="fl-85">
         <path>C:\ti\c6000_7.4.20\lib\</path>
         <kind>archive</kind>
         <file>rts6200.lib</file>
         <name>fclose.obj</name>
      </input_file>
      <input_file id="fl-86">
         <path>C:\ti\c6000_7.4.20\lib\</path>
         <kind>archive</kind>
         <file>rts6200.lib</file>
         <name>fflush.obj</name>
      </input_file>
      <input_file id="fl-87">
         <path>C:\ti\c6000_7.4.20\lib\</path>
         <kind>archive</kind>
         <file>rts6200.lib</file>
         <name>fopen.obj</name>
      </input_file>
      <input_file id="fl-88">
         <path>C:\ti\c6000_7.4.20\lib\</path>
         <kind>archive</kind>
         <file>rts6200.lib</file>
         <name>fprintf.obj</name>
      </input_file>
      <input_file id="fl-89">
         <path>C:\ti\c6000_7.4.20\lib\</path>
         <kind>archive</kind>
         <file>rts6200.lib</file>
         <name>fputc.obj</name>
      </input_file>
      <input_file id="fl-8a">
         <path>C:\ti\c6000_7.4.20\lib\</path>
         <kind>archive</kind>
         <file>rts6200.lib</file>
         <name>fputs.obj</name>
      </input_file>
      <input_file id="fl-8b">
         <path>C:\ti\c6000_7.4.20\lib\</path>
         <kind>archive</kind>
         <file>rts6200.lib</file>
         <name>lowlev.obj</name>
      </input_file>
      <input_file id="fl-8c">
         <path>C:\ti\c6000_7.4.20\lib\</path>
         <kind>archive</kind>
         <file>rts6200.lib</file>
         <name>memcpy62.obj</name>
      </input_file>
      <input_file id="fl-8d">
         <path>C:\ti\c6000_7.4.20\lib\</path>
         <kind>archive</kind>
         <file>rts6200.lib</file>
         <name>memory.obj</name>
      </input_file>
      <input_file id="fl-8e">
         <path>C:\ti\c6000_7.4.20\lib\</path>
         <kind>archive</kind>
         <file>rts6200.lib</file>
         <name>memset.obj</name>
      </input_file>
      <input_file id="fl-8f">
         <path>C:\ti\c6000_7.4.20\lib\</path>
         <kind>archive</kind>
         <file>rts6200.lib</file>
         <name>mpyf.obj</name>
      </input_file>
      <input_file id="fl-90">
         <path>C:\ti\c6000_7.4.20\lib\</path>
         <kind>archive</kind>
         <file>rts6200.lib</file>
         <name>printf.obj</name>
      </input_file>
      <input_file id="fl-91">
         <path>C:\ti\c6000_7.4.20\lib\</path>
         <kind>archive</kind>
         <file>rts6200.lib</file>
         <name>remove.obj</name>
      </input_file>
      <input_file id="fl-92">
         <path>C:\ti\c6000_7.4.20\lib\</path>
         <kind>archive</kind>
         <file>rts6200.lib</file>
         <name>trgdrv.obj</name>
      </input_file>
      <input_file id="fl-93">
         <path>C:\ti\c6000_7.4.20\lib\</path>
         <kind>archive</kind>
         <file>rts6200.lib</file>
         <name>trgmsg.obj</name>
      </input_file>
      <input_file id="fl-94">
         <path>C:\ti\c6000_7.4.20\lib\</path>
         <kind>archive</kind>
         <file>rts6200.lib</file>
         <name>_io_perm.obj</name>
      </input_file>
      <input_file id="fl-95">
         <path>C:\ti\c6000_7.4.20\lib\</path>
         <kind>archive</kind>
         <file>rts6200.lib</file>
         <name>_lock.obj</name>
      </input_file>
      <input_file id="fl-96">
         <path>C:\ti\c6000_7.4.20\lib\</path>
         <kind>archive</kind>
         <file>rts6200.lib</file>
         <name>_printfi.obj</name>
      </input_file>
      <input_file id="fl-97">
         <path>C:\ti\c6000_7.4.20\lib\</path>
         <kind>archive</kind>
         <file>rts6200.lib</file>
         <name>args_main.obj</name>
      </input_file>
      <input_file id="fl-98">
         <path>C:\ti\c6000_7.4.20\lib\</path>
         <kind>archive</kind>
         <file>rts6200.lib</file>
         <name>atoi.obj</name>
      </input_file>
      <input_file id="fl-99">
         <path>C:\ti\c6000_7.4.20\lib\</path>
         <kind>archive</kind>
         <file>rts6200.lib</file>
         <name>autoinit.obj</name>
      </input_file>
      <input_file id="fl-9a">
         <path>C:\ti\c6000_7.4.20\lib\</path>
         <kind>archive</kind>
         <file>rts6200.lib</file>
         <name>cmpd.obj</name>
      </input_file>
      <input_file id="fl-9b">
         <path>C:\ti\c6000_7.4.20\lib\</path>
         <kind>archive</kind>
         <file>rts6200.lib</file>
         <name>cpp_init.obj</name>
      </input_file>
      <input_file id="fl-9c">
         <path>C:\ti\c6000_7.4.20\lib\</path>
         <kind>archive</kind>
         <file>rts6200.lib</file>
         <name>cpy_tbl.obj</name>
      </input_file>
      <input_file id="fl-9d">
         <path>C:\ti\c6000_7.4.20\lib\</path>
         <kind>archive</kind>
         <file>rts6200.lib</file>
         <name>ctype.obj</name>
      </input_file>
      <input_file id="fl-9e">
         <path>C:\ti\c6000_7.4.20\lib\</path>
         <kind>archive</kind>
         <file>rts6200.lib</file>
         <name>defs.obj</name>
      </input_file>
      <input_file id="fl-9f">
         <path>C:\ti\c6000_7.4.20\lib\</path>
         <kind>archive</kind>
         <file>rts6200.lib</file>
         <name>divd.obj</name>
      </input_file>
      <input_file id="fl-a0">
         <path>C:\ti\c6000_7.4.20\lib\</path>
         <kind>archive</kind>
         <file>rts6200.lib</file>
         <name>divu.obj</name>
      </input_file>
      <input_file id="fl-a1">
         <path>C:\ti\c6000_7.4.20\lib\</path>
         <kind>archive</kind>
         <file>rts6200.lib</file>
         <name>fixdi.obj</name>
      </input_file>
      <input_file id="fl-a2">
         <path>C:\ti\c6000_7.4.20\lib\</path>
         <kind>archive</kind>
         <file>rts6200.lib</file>
         <name>fixdli.obj</name>
      </input_file>
      <input_file id="fl-a3">
         <path>C:\ti\c6000_7.4.20\lib\</path>
         <kind>archive</kind>
         <file>rts6200.lib</file>
         <name>fltlid.obj</name>
      </input_file>
      <input_file id="fl-a4">
         <path>C:\ti\c6000_7.4.20\lib\</path>
         <kind>archive</kind>
         <file>rts6200.lib</file>
         <name>frcmpyd_div.obj</name>
      </input_file>
      <input_file id="fl-a5">
         <path>C:\ti\c6000_7.4.20\lib\</path>
         <kind>archive</kind>
         <file>rts6200.lib</file>
         <name>frcmpyf.obj</name>
      </input_file>
      <input_file id="fl-a6">
         <path>C:\ti\c6000_7.4.20\lib\</path>
         <kind>archive</kind>
         <file>rts6200.lib</file>
         <name>fseek.obj</name>
      </input_file>
      <input_file id="fl-a7">
         <path>C:\ti\c6000_7.4.20\lib\</path>
         <kind>archive</kind>
         <file>rts6200.lib</file>
         <name>imath40.obj</name>
      </input_file>
      <input_file id="fl-a8">
         <path>C:\ti\c6000_7.4.20\lib\</path>
         <kind>archive</kind>
         <file>rts6200.lib</file>
         <name>imath64.obj</name>
      </input_file>
      <input_file id="fl-a9">
         <path>C:\ti\c6000_7.4.20\lib\</path>
         <kind>archive</kind>
         <file>rts6200.lib</file>
         <name>isinf.obj</name>
      </input_file>
      <input_file id="fl-aa">
         <path>C:\ti\c6000_7.4.20\lib\</path>
         <kind>archive</kind>
         <file>rts6200.lib</file>
         <name>llshift.obj</name>
      </input_file>
      <input_file id="fl-ab">
         <path>C:\ti\c6000_7.4.20\lib\</path>
         <kind>archive</kind>
         <file>rts6200.lib</file>
         <name>ltoa.obj</name>
      </input_file>
      <input_file id="fl-ac">
         <path>C:\ti\c6000_7.4.20\lib\</path>
         <kind>archive</kind>
         <file>rts6200.lib</file>
         <name>memccpy.obj</name>
      </input_file>
      <input_file id="fl-ad">
         <path>C:\ti\c6000_7.4.20\lib\</path>
         <kind>archive</kind>
         <file>rts6200.lib</file>
         <name>mpyd.obj</name>
      </input_file>
      <input_file id="fl-ae">
         <path>C:\ti\c6000_7.4.20\lib\</path>
         <kind>archive</kind>
         <file>rts6200.lib</file>
         <name>mpyll.obj</name>
      </input_file>
      <input_file id="fl-af">
         <path>C:\ti\c6000_7.4.20\lib\</path>
         <kind>archive</kind>
         <file>rts6200.lib</file>
         <name>negd.obj</name>
      </input_file>
      <input_file id="fl-b0">
         <path>C:\ti\c6000_7.4.20\lib\</path>
         <kind>archive</kind>
         <file>rts6200.lib</file>
         <name>negll.obj</name>
      </input_file>
      <input_file id="fl-b1">
         <path>C:\ti\c6000_7.4.20\lib\</path>
         <kind>archive</kind>
         <file>rts6200.lib</file>
         <name>setvbuf.obj</name>
      </input_file>
      <input_file id="fl-b2">
         <path>C:\ti\c6000_7.4.20\lib\</path>
         <kind>archive</kind>
         <file>rts6200.lib</file>
         <name>subd.obj</name>
      </input_file>
      <input_file id="fl-b3">
         <path>C:\ti\c6000_7.4.20\lib\</path>
         <kind>archive</kind>
         <file>rts6200.lib</file>
         <name>abs.obj</name>
      </input_file>
      <input_file id="fl-b4">
         <path>C:\ti\c6000_7.4.20\lib\</path>
         <kind>archive</kind>
         <file>rts6200.lib</file>
         <name>addd.obj</name>
      </input_file>
      <input_file id="fl-b5">
         <path>C:\ti\c6000_7.4.20\lib\</path>
         <kind>archive</kind>
         <file>rts6200.lib</file>
         <name>frcaddd.obj</name>
      </input_file>
      <input_file id="fl-b6">
         <path>C:\ti\c6000_7.4.20\lib\</path>
         <kind>archive</kind>
         <file>rts6200.lib</file>
         <name>frcmpyd.obj</name>
      </input_file>
      <input_file id="fl-b7">
         <path>C:\ti\c6000_7.4.20\lib\</path>
         <kind>archive</kind>
         <file>rts6200.lib</file>
         <name>renormd.obj</name>
      </input_file>
   </input_file_list>
   <object_component_list>
      <object_component id="oc-117">
         <name>.text:__divd</name>
         <load_address>0x20</load_address>
         <run_address>0x20</run_address>
         <size>0x700</size>
         <input_file_ref idref="fl-9f"/>
      </object_component>
      <object_component id="oc-10c">
         <name>.text:__getarg_diouxp</name>
         <load_address>0x720</load_address>
         <run_address>0x720</run_address>
         <size>0x700</size>
         <input_file_ref idref="fl-96"/>
      </object_component>
      <object_component id="oc-f0">
         <name>.text:__setfield</name>
         <load_address>0xe20</load_address>
         <run_address>0xe20</run_address>
         <size>0x680</size>
         <input_file_ref idref="fl-96"/>
      </object_component>
      <object_component id="oc-e3">
         <name>.text:__printfi</name>
         <load_address>0x14a0</load_address>
         <run_address>0x14a0</run_address>
         <size>0x560</size>
         <input_file_ref idref="fl-96"/>
      </object_component>
      <object_component id="oc-114">
         <name>.text:_fcvt</name>
         <load_address>0x1a00</load_address>
         <run_address>0x1a00</run_address>
         <size>0x520</size>
         <input_file_ref idref="fl-96"/>
      </object_component>
      <object_component id="oc-ec">
         <name>.text:_fputs</name>
         <load_address>0x1f20</load_address>
         <run_address>0x1f20</run_address>
         <size>0x520</size>
         <input_file_ref idref="fl-8a"/>
      </object_component>
      <object_component id="oc-111">
         <name>.text:_ecvt</name>
         <load_address>0x2440</load_address>
         <run_address>0x2440</run_address>
         <size>0x4e0</size>
         <input_file_ref idref="fl-96"/>
      </object_component>
      <object_component id="oc-fc">
         <name>.text:__pproc_fge</name>
         <load_address>0x2920</load_address>
         <run_address>0x2920</run_address>
         <size>0x4c0</size>
         <input_file_ref idref="fl-96"/>
      </object_component>
      <object_component id="oc-e0">
         <name>.text:__addf</name>
         <load_address>0x2de0</load_address>
         <run_address>0x2de0</run_address>
         <size>0x440</size>
         <input_file_ref idref="fl-81"/>
      </object_component>
      <object_component id="oc-10b">
         <name>.text:__pconv_e</name>
         <load_address>0x3220</load_address>
         <run_address>0x3220</run_address>
         <size>0x440</size>
         <input_file_ref idref="fl-96"/>
      </object_component>
      <object_component id="oc-124">
         <name>.text:__divull</name>
         <load_address>0x3660</load_address>
         <run_address>0x3660</run_address>
         <size>0x3a0</size>
         <input_file_ref idref="fl-a8"/>
      </object_component>
      <object_component id="oc-ef">
         <name>.text:__pproc_fwp</name>
         <load_address>0x3a00</load_address>
         <run_address>0x3a00</run_address>
         <size>0x380</size>
         <input_file_ref idref="fl-96"/>
      </object_component>
      <object_component id="oc-f6">
         <name>.text:_free</name>
         <load_address>0x3d80</load_address>
         <run_address>0x3d80</run_address>
         <size>0x380</size>
         <input_file_ref idref="fl-8d"/>
      </object_component>
      <object_component id="oc-12b">
         <name>.text:__frcaddd</name>
         <load_address>0x4100</load_address>
         <run_address>0x4100</run_address>
         <size>0x320</size>
         <input_file_ref idref="fl-b5"/>
      </object_component>
      <object_component id="oc-127">
         <name>.text:__addd</name>
         <load_address>0x4420</load_address>
         <run_address>0x4420</run_address>
         <size>0x300</size>
         <input_file_ref idref="fl-b4"/>
      </object_component>
      <object_component id="oc-fd">
         <name>.text:__pproc_diouxp</name>
         <load_address>0x4720</load_address>
         <run_address>0x4720</run_address>
         <size>0x300</size>
         <input_file_ref idref="fl-96"/>
      </object_component>
      <object_component id="oc-103">
         <name>.text:_setvbuf</name>
         <load_address>0x4a20</load_address>
         <run_address>0x4a20</run_address>
         <size>0x300</size>
         <input_file_ref idref="fl-b1"/>
      </object_component>
      <object_component id="oc-d3">
         <name>.text</name>
         <load_address>0x4d20</load_address>
         <run_address>0x4d20</run_address>
         <size>0x300</size>
         <input_file_ref idref="fl-2"/>
      </object_component>
      <object_component id="oc-116">
         <name>.text:__mpyd</name>
         <load_address>0x5020</load_address>
         <run_address>0x5020</run_address>
         <size>0x2e0</size>
         <input_file_ref idref="fl-ad"/>
      </object_component>
      <object_component id="oc-f1">
         <name>.text:__pproc_str</name>
         <load_address>0x5300</load_address>
         <run_address>0x5300</run_address>
         <size>0x2e0</size>
         <input_file_ref idref="fl-96"/>
      </object_component>
      <object_component id="oc-ed">
         <name>.text:_fputc</name>
         <load_address>0x55e0</load_address>
         <run_address>0x55e0</run_address>
         <size>0x2e0</size>
         <input_file_ref idref="fl-89"/>
      </object_component>
      <object_component id="oc-123">
         <name>.text:__divul</name>
         <load_address>0x58c0</load_address>
         <run_address>0x58c0</run_address>
         <size>0x260</size>
         <input_file_ref idref="fl-a7"/>
      </object_component>
      <object_component id="oc-df">
         <name>.text:__mpyf</name>
         <load_address>0x5b20</load_address>
         <run_address>0x5b20</run_address>
         <size>0x260</size>
         <input_file_ref idref="fl-8f"/>
      </object_component>
      <object_component id="oc-de">
         <name>.text:_malloc</name>
         <load_address>0x5d80</load_address>
         <run_address>0x5d80</run_address>
         <size>0x260</size>
         <input_file_ref idref="fl-8d"/>
      </object_component>
      <object_component id="oc-f4">
         <name>.text:_open</name>
         <load_address>0x5fe0</load_address>
         <run_address>0x5fe0</run_address>
         <size>0x260</size>
         <input_file_ref idref="fl-8b"/>
      </object_component>
      <object_component id="oc-113">
         <name>.text:__mcpy</name>
         <load_address>0x6240</load_address>
         <run_address>0x6240</run_address>
         <size>0x240</size>
         <input_file_ref idref="fl-96"/>
      </object_component>
      <object_component id="oc-e5">
         <name>.text:__openfile</name>
         <load_address>0x6480</load_address>
         <run_address>0x6480</run_address>
         <size>0x240</size>
         <input_file_ref idref="fl-87"/>
      </object_component>
      <object_component id="oc-d1">
         <name>.text:_memcpy</name>
         <load_address>0x66c0</load_address>
         <run_address>0x66c0</run_address>
         <size>0x240</size>
         <input_file_ref idref="fl-8c"/>
      </object_component>
      <object_component id="oc-d8">
         <name>.text</name>
         <load_address>0x6900</load_address>
         <run_address>0x6900</run_address>
         <size>0x240</size>
         <input_file_ref idref="fl-3"/>
      </object_component>
      <object_component id="oc-ce">
         <name>.text:_HOSTrename</name>
         <load_address>0x6b40</load_address>
         <run_address>0x6b40</run_address>
         <size>0x220</size>
         <input_file_ref idref="fl-92"/>
      </object_component>
      <object_component id="oc-109">
         <name>.text:__pconv_g</name>
         <load_address>0x6d60</load_address>
         <run_address>0x6d60</run_address>
         <size>0x200</size>
         <input_file_ref idref="fl-96"/>
      </object_component>
      <object_component id="oc-102">
         <name>.text:_fseek</name>
         <load_address>0x6f60</load_address>
         <run_address>0x6f60</run_address>
         <size>0x1e0</size>
         <input_file_ref idref="fl-a6"/>
      </object_component>
      <object_component id="oc-100">
         <name>.text:_getdevice</name>
         <load_address>0x7140</load_address>
         <run_address>0x7140</run_address>
         <size>0x1e0</size>
         <input_file_ref idref="fl-8b"/>
      </object_component>
      <object_component id="oc-10e">
         <name>.text:__ltostr</name>
         <load_address>0x7320</load_address>
         <run_address>0x7320</run_address>
         <size>0x1c0</size>
         <input_file_ref idref="fl-96"/>
      </object_component>
      <object_component id="oc-ee">
         <name>.text:__pproc_fflags</name>
         <load_address>0x74e0</load_address>
         <run_address>0x74e0</run_address>
         <size>0x1a0</size>
         <input_file_ref idref="fl-96"/>
      </object_component>
      <object_component id="oc-e8">
         <name>.text:__closefile</name>
         <load_address>0x7680</load_address>
         <run_address>0x7680</run_address>
         <size>0x180</size>
         <input_file_ref idref="fl-85"/>
      </object_component>
      <object_component id="oc-e4">
         <name>.text:__search_fp</name>
         <load_address>0x7800</load_address>
         <run_address>0x7800</run_address>
         <size>0x180</size>
         <input_file_ref idref="fl-87"/>
      </object_component>
      <object_component id="oc-cc">
         <name>.text:_HOSTlseek</name>
         <load_address>0x7980</load_address>
         <run_address>0x7980</run_address>
         <size>0x160</size>
         <input_file_ref idref="fl-92"/>
      </object_component>
      <object_component id="oc-121">
         <name>.text:__frcmpyd_div</name>
         <load_address>0x7ae0</load_address>
         <run_address>0x7ae0</run_address>
         <size>0x160</size>
         <input_file_ref idref="fl-a4"/>
      </object_component>
      <object_component id="oc-ca">
         <name>.text:_HOSTread</name>
         <load_address>0x7c40</load_address>
         <run_address>0x7c40</run_address>
         <size>0x140</size>
         <input_file_ref idref="fl-92"/>
      </object_component>
      <object_component id="oc-11f">
         <name>.text:__frcmpyd</name>
         <load_address>0x7d80</load_address>
         <run_address>0x7d80</run_address>
         <size>0x140</size>
         <input_file_ref idref="fl-b6"/>
      </object_component>
      <object_component id="oc-fb">
         <name>.text:_atoi</name>
         <load_address>0x7ec0</load_address>
         <run_address>0x7ec0</run_address>
         <size>0x140</size>
         <input_file_ref idref="fl-98"/>
      </object_component>
      <object_component id="oc-11b">
         <name>.text:_ltoa</name>
         <load_address>0x8000</load_address>
         <run_address>0x8000</run_address>
         <size>0x140</size>
         <input_file_ref idref="fl-ab"/>
      </object_component>
      <object_component id="oc-c8">
         <name>.text:_HOSTopen</name>
         <load_address>0x8140</load_address>
         <run_address>0x8140</run_address>
         <size>0x120</size>
         <input_file_ref idref="fl-92"/>
      </object_component>
      <object_component id="oc-cb">
         <name>.text:_HOSTwrite</name>
         <load_address>0x8260</load_address>
         <run_address>0x8260</run_address>
         <size>0x120</size>
         <input_file_ref idref="fl-92"/>
      </object_component>
      <object_component id="oc-f9">
         <name>.text:__wrt_ok</name>
         <load_address>0x8380</load_address>
         <run_address>0x8380</run_address>
         <size>0x120</size>
         <input_file_ref idref="fl-94"/>
      </object_component>
      <object_component id="oc-f7">
         <name>.text:_close</name>
         <load_address>0x84a0</load_address>
         <run_address>0x84a0</run_address>
         <size>0x120</size>
         <input_file_ref idref="fl-8b"/>
      </object_component>
      <object_component id="oc-dc">
         <name>.text:_fprintf</name>
         <load_address>0x85c0</load_address>
         <run_address>0x85c0</run_address>
         <size>0x120</size>
         <input_file_ref idref="fl-88"/>
      </object_component>
      <object_component id="oc-f2">
         <name>.text:_memset</name>
         <load_address>0x86e0</load_address>
         <run_address>0x86e0</run_address>
         <size>0x120</size>
         <input_file_ref idref="fl-8e"/>
      </object_component>
      <object_component id="oc-d9">
         <name>.text:_printf</name>
         <load_address>0x8800</load_address>
         <run_address>0x8800</run_address>
         <size>0x120</size>
         <input_file_ref idref="fl-90"/>
      </object_component>
      <object_component id="oc-c9">
         <name>.text:_HOSTclose</name>
         <load_address>0x8920</load_address>
         <run_address>0x8920</run_address>
         <size>0x100</size>
         <input_file_ref idref="fl-92"/>
      </object_component>
      <object_component id="oc-cd">
         <name>.text:_HOSTunlink</name>
         <load_address>0x8a20</load_address>
         <run_address>0x8a20</run_address>
         <size>0x100</size>
         <input_file_ref idref="fl-92"/>
      </object_component>
      <object_component id="oc-c5">
         <name>.text:__auto_init</name>
         <load_address>0x8b20</load_address>
         <run_address>0x8b20</run_address>
         <size>0x100</size>
         <input_file_ref idref="fl-99"/>
      </object_component>
      <object_component id="oc-107">
         <name>.text:__cmpd</name>
         <load_address>0x8c20</load_address>
         <run_address>0x8c20</run_address>
         <size>0x100</size>
         <input_file_ref idref="fl-9a"/>
      </object_component>
      <object_component id="oc-118">
         <name>.text:__div</name>
         <load_address>0x8d20</load_address>
         <run_address>0x8d20</run_address>
         <size>0x100</size>
         <input_file_ref idref="fl-96"/>
      </object_component>
      <object_component id="oc-126">
         <name>.text:__divli</name>
         <load_address>0x8e20</load_address>
         <run_address>0x8e20</run_address>
         <size>0x100</size>
         <input_file_ref idref="fl-a7"/>
      </object_component>
      <object_component id="oc-10a">
         <name>.text:__pconv_f</name>
         <load_address>0x8f20</load_address>
         <run_address>0x8f20</run_address>
         <size>0x100</size>
         <input_file_ref idref="fl-96"/>
      </object_component>
      <object_component id="oc-110">
         <name>.text:_lseek</name>
         <load_address>0x9020</load_address>
         <run_address>0x9020</run_address>
         <size>0x100</size>
         <input_file_ref idref="fl-8b"/>
      </object_component>
      <object_component id="oc-fa">
         <name>.text:_write</name>
         <load_address>0x9120</load_address>
         <run_address>0x9120</run_address>
         <size>0x100</size>
         <input_file_ref idref="fl-8b"/>
      </object_component>
      <object_component id="oc-f3">
         <name>.text:__cleanup</name>
         <load_address>0x9220</load_address>
         <run_address>0x9220</run_address>
         <size>0xe0</size>
         <input_file_ref idref="fl-87"/>
      </object_component>
      <object_component id="oc-f5">
         <name>.text:__doflush</name>
         <load_address>0x9300</load_address>
         <run_address>0x9300</run_address>
         <size>0xe0</size>
         <input_file_ref idref="fl-86"/>
      </object_component>
      <object_component id="oc-112">
         <name>.text:__ecpy</name>
         <load_address>0x93e0</load_address>
         <run_address>0x93e0</run_address>
         <size>0xe0</size>
         <input_file_ref idref="fl-96"/>
      </object_component>
      <object_component id="oc-115">
         <name>.text:__fcpy</name>
         <load_address>0x94c0</load_address>
         <run_address>0x94c0</run_address>
         <size>0xe0</size>
         <input_file_ref idref="fl-96"/>
      </object_component>
      <object_component id="oc-c7">
         <name>.text:_exit</name>
         <load_address>0x95a0</load_address>
         <run_address>0x95a0</run_address>
         <size>0xe0</size>
         <input_file_ref idref="fl-84"/>
      </object_component>
      <object_component id="oc-ea">
         <name>.text:_minsert</name>
         <load_address>0x9680</load_address>
         <run_address>0x9680</run_address>
         <size>0xe0</size>
         <input_file_ref idref="fl-8d"/>
      </object_component>
      <object_component id="oc-e9">
         <name>.text:_mremove</name>
         <load_address>0x9760</load_address>
         <run_address>0x9760</run_address>
         <size>0xe0</size>
         <input_file_ref idref="fl-8d"/>
      </object_component>
      <object_component id="oc-122">
         <name>.text:__divu</name>
         <load_address>0x9840</load_address>
         <run_address>0x9840</run_address>
         <size>0xc0</size>
         <input_file_ref idref="fl-a0"/>
      </object_component>
      <object_component id="oc-125">
         <name>.text:__remli</name>
         <load_address>0x9900</load_address>
         <run_address>0x9900</run_address>
         <size>0xc0</size>
         <input_file_ref idref="fl-a7"/>
      </object_component>
      <object_component id="oc-d0">
         <name>.text:_copy_in</name>
         <load_address>0x99c0</load_address>
         <run_address>0x99c0</run_address>
         <size>0xc0</size>
         <input_file_ref idref="fl-9c"/>
      </object_component>
      <object_component id="oc-10f">
         <name>.text:_finddevice</name>
         <load_address>0x9a80</load_address>
         <run_address>0x9a80</run_address>
         <size>0xc0</size>
         <input_file_ref idref="fl-8b"/>
      </object_component>
      <object_component id="oc-11e">
         <name>.text:__fixdi</name>
         <load_address>0x9b40</load_address>
         <run_address>0x9b40</run_address>
         <size>0xa0</size>
         <input_file_ref idref="fl-a1"/>
      </object_component>
      <object_component id="oc-11a">
         <name>.text:__fixdli</name>
         <load_address>0x9be0</load_address>
         <run_address>0x9be0</run_address>
         <size>0xa0</size>
         <input_file_ref idref="fl-a2"/>
      </object_component>
      <object_component id="oc-128">
         <name>.text:__llshl</name>
         <load_address>0x9c80</load_address>
         <run_address>0x9c80</run_address>
         <size>0xa0</size>
         <input_file_ref idref="fl-aa"/>
      </object_component>
      <object_component id="oc-119">
         <name>.text:__mpyll</name>
         <load_address>0x9d20</load_address>
         <run_address>0x9d20</run_address>
         <size>0xa0</size>
         <input_file_ref idref="fl-ae"/>
      </object_component>
      <object_component id="oc-12c">
         <name>.text:__renormd</name>
         <load_address>0x9dc0</load_address>
         <run_address>0x9dc0</run_address>
         <size>0xa0</size>
         <input_file_ref idref="fl-b7"/>
      </object_component>
      <object_component id="oc-db">
         <name>.text:_fopen</name>
         <load_address>0x9e60</load_address>
         <run_address>0x9e60</run_address>
         <size>0xa0</size>
         <input_file_ref idref="fl-87"/>
      </object_component>
      <object_component id="oc-d6">
         <name>.text:_readmsg</name>
         <load_address>0x9f00</load_address>
         <run_address>0x9f00</run_address>
         <size>0xa0</size>
         <input_file_ref idref="fl-93"/>
      </object_component>
      <object_component id="oc-ff">
         <name>.text:_tabinit</name>
         <load_address>0x9fa0</load_address>
         <run_address>0x9fa0</run_address>
         <size>0xa0</size>
         <input_file_ref idref="fl-8b"/>
      </object_component>
      <object_component id="oc-101">
         <name>.text:_unlink</name>
         <load_address>0xa040</load_address>
         <run_address>0xa040</run_address>
         <size>0xa0</size>
         <input_file_ref idref="fl-8b"/>
      </object_component>
      <object_component id="oc-d5">
         <name>.text:_writemsg</name>
         <load_address>0xa0e0</load_address>
         <run_address>0xa0e0</run_address>
         <size>0xa0</size>
         <input_file_ref idref="fl-93"/>
      </object_component>
      <object_component id="oc-d2">
         <name>.text:___TI_cpp_init</name>
         <load_address>0xa180</load_address>
         <run_address>0xa180</run_address>
         <size>0x80</size>
         <input_file_ref idref="fl-9b"/>
      </object_component>
      <object_component id="oc-11c">
         <name>.text:__fltlid</name>
         <load_address>0xa200</load_address>
         <run_address>0xa200</run_address>
         <size>0x80</size>
         <input_file_ref idref="fl-a3"/>
      </object_component>
      <object_component id="oc-12a">
         <name>.text:__llshru</name>
         <load_address>0xa280</load_address>
         <run_address>0xa280</run_address>
         <size>0x80</size>
         <input_file_ref idref="fl-aa"/>
      </object_component>
      <object_component id="oc-2">
         <name>.text:_c_int00</name>
         <load_address>0xa300</load_address>
         <run_address>0xa300</run_address>
         <size>0x80</size>
         <input_file_ref idref="fl-82"/>
      </object_component>
      <object_component id="oc-dd">
         <name>.text:_fclose</name>
         <load_address>0xa380</load_address>
         <run_address>0xa380</run_address>
         <size>0x80</size>
         <input_file_ref idref="fl-85"/>
      </object_component>
      <object_component id="oc-fe">
         <name>.text:_memccpy</name>
         <load_address>0xa400</load_address>
         <run_address>0xa400</run_address>
         <size>0x80</size>
         <input_file_ref idref="fl-ac"/>
      </object_component>
      <object_component id="oc-106">
         <name>.text:___isinf</name>
         <load_address>0xa480</load_address>
         <run_address>0xa480</run_address>
         <size>0x60</size>
         <input_file_ref idref="fl-a9"/>
      </object_component>
      <object_component id="oc-105">
         <name>.text:___isnan</name>
         <load_address>0xa4e0</load_address>
         <run_address>0xa4e0</run_address>
         <size>0x60</size>
         <input_file_ref idref="fl-96"/>
      </object_component>
      <object_component id="oc-da">
         <name>.text:__cvtfd</name>
         <load_address>0xa540</load_address>
         <run_address>0xa540</run_address>
         <size>0x60</size>
         <input_file_ref idref="fl-83"/>
      </object_component>
      <object_component id="oc-eb">
         <name>.text:__frcmpyf</name>
         <load_address>0xa5a0</load_address>
         <run_address>0xa5a0</run_address>
         <size>0x60</size>
         <input_file_ref idref="fl-a5"/>
      </object_component>
      <object_component id="oc-129">
         <name>.text:__subcull</name>
         <load_address>0xa600</load_address>
         <run_address>0xa600</run_address>
         <size>0x60</size>
         <input_file_ref idref="fl-a8"/>
      </object_component>
      <object_component id="oc-11d">
         <name>.text:__subd</name>
         <load_address>0xa660</load_address>
         <run_address>0xa660</run_address>
         <size>0x60</size>
         <input_file_ref idref="fl-b2"/>
      </object_component>
      <object_component id="oc-c6">
         <name>.text:__args_main</name>
         <load_address>0xa6c0</load_address>
         <run_address>0xa6c0</run_address>
         <size>0x40</size>
         <input_file_ref idref="fl-97"/>
      </object_component>
      <object_component id="oc-108">
         <name>.text:__negd</name>
         <load_address>0xa700</load_address>
         <run_address>0xa700</run_address>
         <size>0x40</size>
         <input_file_ref idref="fl-af"/>
      </object_component>
      <object_component id="oc-10d">
         <name>.text:__negll</name>
         <load_address>0xa740</load_address>
         <run_address>0xa740</run_address>
         <size>0x20</size>
         <input_file_ref idref="fl-b0"/>
      </object_component>
      <object_component id="oc-cf">
         <name>.text:__nop</name>
         <load_address>0xa760</load_address>
         <run_address>0xa760</run_address>
         <size>0x20</size>
         <input_file_ref idref="fl-95"/>
      </object_component>
      <object_component id="oc-e7">
         <name>.text:__outc</name>
         <load_address>0xa780</load_address>
         <run_address>0xa780</run_address>
         <size>0x20</size>
         <input_file_ref idref="fl-88"/>
      </object_component>
      <object_component id="oc-e2">
         <name>.text:__outc</name>
         <load_address>0xa7a0</load_address>
         <run_address>0xa7a0</run_address>
         <size>0x20</size>
         <input_file_ref idref="fl-90"/>
      </object_component>
      <object_component id="oc-e6">
         <name>.text:__outs</name>
         <load_address>0xa7c0</load_address>
         <run_address>0xa7c0</run_address>
         <size>0x20</size>
         <input_file_ref idref="fl-88"/>
      </object_component>
      <object_component id="oc-e1">
         <name>.text:__outs</name>
         <load_address>0xa7e0</load_address>
         <run_address>0xa7e0</run_address>
         <size>0x20</size>
         <input_file_ref idref="fl-90"/>
      </object_component>
      <object_component id="oc-d4">
         <name>.text:_abort</name>
         <load_address>0xa800</load_address>
         <run_address>0xa800</run_address>
         <size>0x20</size>
         <input_file_ref idref="fl-84"/>
      </object_component>
      <object_component id="oc-f8">
         <name>.text:_remove</name>
         <load_address>0xa820</load_address>
         <run_address>0xa820</run_address>
         <size>0x20</size>
         <input_file_ref idref="fl-91"/>
      </object_component>
      <object_component id="oc-104">
         <name>.const:.string:__ctypes_</name>
         <load_address>0xcca8</load_address>
         <run_address>0xcca8</run_address>
         <size>0x101</size>
         <input_file_ref idref="fl-9d"/>
      </object_component>
      <object_component id="oc-31">
         <name>.const:.string</name>
         <load_address>0xcda9</load_address>
         <run_address>0xcda9</run_address>
         <size>0x2</size>
         <input_file_ref idref="fl-8a"/>
      </object_component>
      <object_component id="oc-4">
         <name>.const:.string</name>
         <load_address>0xcdac</load_address>
         <run_address>0xcdac</run_address>
         <size>0x98</size>
         <input_file_ref idref="fl-2"/>
      </object_component>
      <object_component id="oc-5f">
         <name>.const:.string</name>
         <load_address>0xce44</load_address>
         <run_address>0xce44</run_address>
         <size>0x23</size>
         <input_file_ref idref="fl-96"/>
      </object_component>
      <object_component id="oc-d7">
         <name>.const:_$P$T0$1</name>
         <load_address>0xce68</load_address>
         <run_address>0xce68</run_address>
         <size>0x14</size>
         <input_file_ref idref="fl-2"/>
      </object_component>
      <object_component id="oc-120">
         <name>.const:.string:_initial_approx$1</name>
         <load_address>0xce7c</load_address>
         <run_address>0xce7c</run_address>
         <size>0x8</size>
         <input_file_ref idref="fl-9f"/>
      </object_component>
      <object_component id="oc-77">
         <name>.cinit</name>
         <load_address>0xce88</load_address>
         <run_address>0xce88</run_address>
         <size>0x5c</size>
         <input_file_ref idref="fl-9e"/>
      </object_component>
      <object_component id="oc-35">
         <name>.cinit</name>
         <load_address>0xcee8</load_address>
         <run_address>0xcee8</run_address>
         <size>0x5c</size>
         <input_file_ref idref="fl-8b"/>
      </object_component>
      <object_component id="oc-1b">
         <name>.cinit</name>
         <load_address>0xcf48</load_address>
         <run_address>0xcf48</run_address>
         <size>0x2c</size>
         <input_file_ref idref="fl-84"/>
      </object_component>
      <object_component id="oc-3d">
         <name>.cinit</name>
         <load_address>0xcf78</load_address>
         <run_address>0xcf78</run_address>
         <size>0x2c</size>
         <input_file_ref idref="fl-8d"/>
      </object_component>
      <object_component id="oc-5a">
         <name>.cinit</name>
         <load_address>0xcfa8</load_address>
         <run_address>0xcfa8</run_address>
         <size>0x1c</size>
         <input_file_ref idref="fl-95"/>
      </object_component>
      <object_component id="oc-26">
         <name>.cinit</name>
         <load_address>0xcfc8</load_address>
         <run_address>0xcfc8</run_address>
         <size>0xc</size>
         <input_file_ref idref="fl-87"/>
      </object_component>
      <object_component id="oc-14">
         <name>.stack</name>
         <uninitialized>true</uninitialized>
         <run_address>0xa840</run_address>
         <size>0x8</size>
         <input_file_ref idref="fl-82"/>
      </object_component>
      <object_component id="oc-150">
         <name>.stack</name>
         <uninitialized>true</uninitialized>
         <run_address>0xa840</run_address>
         <size>0x0</size>
      </object_component>
      <object_component id="oc-3f">
         <name>.sysmem</name>
         <uninitialized>true</uninitialized>
         <run_address>0xb840</run_address>
         <size>0x8</size>
         <input_file_ref idref="fl-8d"/>
      </object_component>
      <object_component id="oc-151">
         <name>.sysmem</name>
         <uninitialized>true</uninitialized>
         <run_address>0xb840</run_address>
         <size>0x0</size>
      </object_component>
      <object_component id="oc-1c">
         <name>.far</name>
         <uninitialized>true</uninitialized>
         <run_address>0xcc80</run_address>
         <size>0xc</size>
         <input_file_ref idref="fl-84"/>
      </object_component>
      <object_component id="oc-27">
         <name>.far</name>
         <uninitialized>true</uninitialized>
         <run_address>0xcca4</run_address>
         <size>0x4</size>
         <input_file_ref idref="fl-87"/>
      </object_component>
      <object_component id="oc-36">
         <name>.far</name>
         <uninitialized>true</uninitialized>
         <run_address>0xcb64</run_address>
         <size>0x11c</size>
         <input_file_ref idref="fl-8b"/>
      </object_component>
      <object_component id="oc-3e">
         <name>.far</name>
         <uninitialized>true</uninitialized>
         <run_address>0xcc94</run_address>
         <size>0x8</size>
         <input_file_ref idref="fl-8d"/>
      </object_component>
      <object_component id="oc-4f">
         <name>.far</name>
         <uninitialized>true</uninitialized>
         <run_address>0xcc9c</run_address>
         <size>0x8</size>
         <input_file_ref idref="fl-92"/>
      </object_component>
      <object_component id="oc-5b">
         <name>.far</name>
         <uninitialized>true</uninitialized>
         <run_address>0xcc8c</run_address>
         <size>0x8</size>
         <input_file_ref idref="fl-95"/>
      </object_component>
      <object_component id="oc-78">
         <name>.far</name>
         <uninitialized>true</uninitialized>
         <run_address>0xc840</run_address>
         <size>0x324</size>
         <input_file_ref idref="fl-9e"/>
      </object_component>
      <object_component id="oc-53">
         <name>.cio</name>
         <uninitialized>true</uninitialized>
         <run_address>0xcfe0</run_address>
         <size>0x120</size>
         <input_file_ref idref="fl-93"/>
      </object_component>
      <object_component id="oc-3">
         <name>.debug_info</name>
         <load_address>0x0</load_address>
         <run_address>0x0</run_address>
         <size>0xa49</size>
         <input_file_ref idref="fl-2"/>
      </object_component>
      <object_component id="oc-8">
         <name>.debug_info</name>
         <load_address>0xa49</load_address>
         <run_address>0xa49</run_address>
         <size>0x907</size>
         <input_file_ref idref="fl-3"/>
      </object_component>
      <object_component id="oc-c">
         <name>.debug_info</name>
         <load_address>0x1350</load_address>
         <run_address>0x1350</run_address>
         <size>0x5d2</size>
         <input_file_ref idref="fl-4"/>
      </object_component>
      <object_component id="oc-10">
         <name>.debug_info</name>
         <load_address>0x1922</load_address>
         <run_address>0x1922</run_address>
         <size>0x759</size>
         <input_file_ref idref="fl-81"/>
      </object_component>
      <object_component id="oc-13">
         <name>.debug_info</name>
         <load_address>0x207b</load_address>
         <run_address>0x207b</run_address>
         <size>0x73c</size>
         <input_file_ref idref="fl-82"/>
      </object_component>
      <object_component id="oc-17">
         <name>.debug_info</name>
         <load_address>0x27b7</load_address>
         <run_address>0x27b7</run_address>
         <size>0x6cf</size>
         <input_file_ref idref="fl-83"/>
      </object_component>
      <object_component id="oc-1a">
         <name>.debug_info</name>
         <load_address>0x2e86</load_address>
         <run_address>0x2e86</run_address>
         <size>0x877</size>
         <input_file_ref idref="fl-84"/>
      </object_component>
      <object_component id="oc-1f">
         <name>.debug_info</name>
         <load_address>0x36fd</load_address>
         <run_address>0x36fd</run_address>
         <size>0x8b1</size>
         <input_file_ref idref="fl-85"/>
      </object_component>
      <object_component id="oc-22">
         <name>.debug_info</name>
         <load_address>0x3fae</load_address>
         <run_address>0x3fae</run_address>
         <size>0x7b2</size>
         <input_file_ref idref="fl-86"/>
      </object_component>
      <object_component id="oc-25">
         <name>.debug_info</name>
         <load_address>0x4760</load_address>
         <run_address>0x4760</run_address>
         <size>0xbff</size>
         <input_file_ref idref="fl-87"/>
      </object_component>
      <object_component id="oc-2a">
         <name>.debug_info</name>
         <load_address>0x535f</load_address>
         <run_address>0x535f</run_address>
         <size>0x929</size>
         <input_file_ref idref="fl-88"/>
      </object_component>
      <object_component id="oc-2d">
         <name>.debug_info</name>
         <load_address>0x5c88</load_address>
         <run_address>0x5c88</run_address>
         <size>0x85b</size>
         <input_file_ref idref="fl-89"/>
      </object_component>
      <object_component id="oc-30">
         <name>.debug_info</name>
         <load_address>0x64e3</load_address>
         <run_address>0x64e3</run_address>
         <size>0xdb1</size>
         <input_file_ref idref="fl-8a"/>
      </object_component>
      <object_component id="oc-34">
         <name>.debug_info</name>
         <load_address>0x7294</load_address>
         <run_address>0x7294</run_address>
         <size>0x1434</size>
         <input_file_ref idref="fl-8b"/>
      </object_component>
      <object_component id="oc-39">
         <name>.debug_info</name>
         <load_address>0x86c8</load_address>
         <run_address>0x86c8</run_address>
         <size>0x851</size>
         <input_file_ref idref="fl-8c"/>
      </object_component>
      <object_component id="oc-3c">
         <name>.debug_info</name>
         <load_address>0x8f19</load_address>
         <run_address>0x8f19</run_address>
         <size>0xc94</size>
         <input_file_ref idref="fl-8d"/>
      </object_component>
      <object_component id="oc-42">
         <name>.debug_info</name>
         <load_address>0x9bad</load_address>
         <run_address>0x9bad</run_address>
         <size>0x7a8</size>
         <input_file_ref idref="fl-8e"/>
      </object_component>
      <object_component id="oc-45">
         <name>.debug_info</name>
         <load_address>0xa355</load_address>
         <run_address>0xa355</run_address>
         <size>0x6e3</size>
         <input_file_ref idref="fl-8f"/>
      </object_component>
      <object_component id="oc-48">
         <name>.debug_info</name>
         <load_address>0xaa38</load_address>
         <run_address>0xaa38</run_address>
         <size>0x933</size>
         <input_file_ref idref="fl-90"/>
      </object_component>
      <object_component id="oc-4b">
         <name>.debug_info</name>
         <load_address>0xb36b</load_address>
         <run_address>0xb36b</run_address>
         <size>0x695</size>
         <input_file_ref idref="fl-91"/>
      </object_component>
      <object_component id="oc-4e">
         <name>.debug_info</name>
         <load_address>0xba00</load_address>
         <run_address>0xba00</run_address>
         <size>0x11f7</size>
         <input_file_ref idref="fl-92"/>
      </object_component>
      <object_component id="oc-52">
         <name>.debug_info</name>
         <load_address>0xcbf7</load_address>
         <run_address>0xcbf7</run_address>
         <size>0xa1e</size>
         <input_file_ref idref="fl-93"/>
      </object_component>
      <object_component id="oc-56">
         <name>.debug_info</name>
         <load_address>0xd615</load_address>
         <run_address>0xd615</run_address>
         <size>0x78b</size>
         <input_file_ref idref="fl-94"/>
      </object_component>
      <object_component id="oc-59">
         <name>.debug_info</name>
         <load_address>0xdda0</load_address>
         <run_address>0xdda0</run_address>
         <size>0x67d</size>
         <input_file_ref idref="fl-95"/>
      </object_component>
      <object_component id="oc-5e">
         <name>.debug_info</name>
         <load_address>0xe41d</load_address>
         <run_address>0xe41d</run_address>
         <size>0x3b98</size>
         <input_file_ref idref="fl-96"/>
      </object_component>
      <object_component id="oc-62">
         <name>.debug_info</name>
         <load_address>0x11fb5</load_address>
         <run_address>0x11fb5</run_address>
         <size>0x712</size>
         <input_file_ref idref="fl-97"/>
      </object_component>
      <object_component id="oc-65">
         <name>.debug_info</name>
         <load_address>0x126c7</load_address>
         <run_address>0x126c7</run_address>
         <size>0x7e1</size>
         <input_file_ref idref="fl-98"/>
      </object_component>
      <object_component id="oc-68">
         <name>.debug_info</name>
         <load_address>0x12ea8</load_address>
         <run_address>0x12ea8</run_address>
         <size>0x8e9</size>
         <input_file_ref idref="fl-99"/>
      </object_component>
      <object_component id="oc-6b">
         <name>.debug_info</name>
         <load_address>0x13791</load_address>
         <run_address>0x13791</run_address>
         <size>0x6d6</size>
         <input_file_ref idref="fl-9a"/>
      </object_component>
      <object_component id="oc-6e">
         <name>.debug_info</name>
         <load_address>0x13e67</load_address>
         <run_address>0x13e67</run_address>
         <size>0x761</size>
         <input_file_ref idref="fl-9b"/>
      </object_component>
      <object_component id="oc-71">
         <name>.debug_info</name>
         <load_address>0x145c8</load_address>
         <run_address>0x145c8</run_address>
         <size>0x857</size>
         <input_file_ref idref="fl-9c"/>
      </object_component>
      <object_component id="oc-74">
         <name>.debug_info</name>
         <load_address>0x14e1f</load_address>
         <run_address>0x14e1f</run_address>
         <size>0x62b</size>
         <input_file_ref idref="fl-9d"/>
      </object_component>
      <object_component id="oc-76">
         <name>.debug_info</name>
         <load_address>0x1544a</load_address>
         <run_address>0x1544a</run_address>
         <size>0x718</size>
         <input_file_ref idref="fl-9e"/>
      </object_component>
      <object_component id="oc-7a">
         <name>.debug_info</name>
         <load_address>0x15b62</load_address>
         <run_address>0x15b62</run_address>
         <size>0xa3b</size>
         <input_file_ref idref="fl-9f"/>
      </object_component>
      <object_component id="oc-7d">
         <name>.debug_info</name>
         <load_address>0x1659d</load_address>
         <run_address>0x1659d</run_address>
         <size>0x101</size>
         <input_file_ref idref="fl-a0"/>
      </object_component>
      <object_component id="oc-80">
         <name>.debug_info</name>
         <load_address>0x1669e</load_address>
         <run_address>0x1669e</run_address>
         <size>0x6bf</size>
         <input_file_ref idref="fl-a1"/>
      </object_component>
      <object_component id="oc-83">
         <name>.debug_info</name>
         <load_address>0x16d5d</load_address>
         <run_address>0x16d5d</run_address>
         <size>0x6c2</size>
         <input_file_ref idref="fl-a2"/>
      </object_component>
      <object_component id="oc-86">
         <name>.debug_info</name>
         <load_address>0x1741f</load_address>
         <run_address>0x1741f</run_address>
         <size>0x6db</size>
         <input_file_ref idref="fl-a3"/>
      </object_component>
      <object_component id="oc-89">
         <name>.debug_info</name>
         <load_address>0x17afa</load_address>
         <run_address>0x17afa</run_address>
         <size>0x6d5</size>
         <input_file_ref idref="fl-a4"/>
      </object_component>
      <object_component id="oc-8c">
         <name>.debug_info</name>
         <load_address>0x181cf</load_address>
         <run_address>0x181cf</run_address>
         <size>0x6cc</size>
         <input_file_ref idref="fl-a5"/>
      </object_component>
      <object_component id="oc-8f">
         <name>.debug_info</name>
         <load_address>0x1889b</load_address>
         <run_address>0x1889b</run_address>
         <size>0x7ea</size>
         <input_file_ref idref="fl-a6"/>
      </object_component>
      <object_component id="oc-92">
         <name>.debug_info</name>
         <load_address>0x19085</load_address>
         <run_address>0x19085</run_address>
         <size>0x835</size>
         <input_file_ref idref="fl-a7"/>
      </object_component>
      <object_component id="oc-95">
         <name>.debug_info</name>
         <load_address>0x198ba</load_address>
         <run_address>0x198ba</run_address>
         <size>0x830</size>
         <input_file_ref idref="fl-a8"/>
      </object_component>
      <object_component id="oc-98">
         <name>.debug_info</name>
         <load_address>0x1a0ea</load_address>
         <run_address>0x1a0ea</run_address>
         <size>0x847</size>
         <input_file_ref idref="fl-a9"/>
      </object_component>
      <object_component id="oc-9b">
         <name>.debug_info</name>
         <load_address>0x1a931</load_address>
         <run_address>0x1a931</run_address>
         <size>0x732</size>
         <input_file_ref idref="fl-aa"/>
      </object_component>
      <object_component id="oc-9e">
         <name>.debug_info</name>
         <load_address>0x1b063</load_address>
         <run_address>0x1b063</run_address>
         <size>0x7c0</size>
         <input_file_ref idref="fl-ab"/>
      </object_component>
      <object_component id="oc-a1">
         <name>.debug_info</name>
         <load_address>0x1b823</load_address>
         <run_address>0x1b823</run_address>
         <size>0x764</size>
         <input_file_ref idref="fl-ac"/>
      </object_component>
      <object_component id="oc-a4">
         <name>.debug_info</name>
         <load_address>0x1bf87</load_address>
         <run_address>0x1bf87</run_address>
         <size>0x716</size>
         <input_file_ref idref="fl-ad"/>
      </object_component>
      <object_component id="oc-a7">
         <name>.debug_info</name>
         <load_address>0x1c69d</load_address>
         <run_address>0x1c69d</run_address>
         <size>0x6e8</size>
         <input_file_ref idref="fl-ae"/>
      </object_component>
      <object_component id="oc-aa">
         <name>.debug_info</name>
         <load_address>0x1cd85</load_address>
         <run_address>0x1cd85</run_address>
         <size>0x64e</size>
         <input_file_ref idref="fl-af"/>
      </object_component>
      <object_component id="oc-ad">
         <name>.debug_info</name>
         <load_address>0x1d3d3</load_address>
         <run_address>0x1d3d3</run_address>
         <size>0x649</size>
         <input_file_ref idref="fl-b0"/>
      </object_component>
      <object_component id="oc-b0">
         <name>.debug_info</name>
         <load_address>0x1da1c</load_address>
         <run_address>0x1da1c</run_address>
         <size>0x844</size>
         <input_file_ref idref="fl-b1"/>
      </object_component>
      <object_component id="oc-b3">
         <name>.debug_info</name>
         <load_address>0x1e260</load_address>
         <run_address>0x1e260</run_address>
         <size>0x675</size>
         <input_file_ref idref="fl-b2"/>
      </object_component>
      <object_component id="oc-b6">
         <name>.debug_info</name>
         <load_address>0x1e8d5</load_address>
         <run_address>0x1e8d5</run_address>
         <size>0x5fd</size>
         <input_file_ref idref="fl-b3"/>
      </object_component>
      <object_component id="oc-b9">
         <name>.debug_info</name>
         <load_address>0x1eed2</load_address>
         <run_address>0x1eed2</run_address>
         <size>0x721</size>
         <input_file_ref idref="fl-b4"/>
      </object_component>
      <object_component id="oc-bc">
         <name>.debug_info</name>
         <load_address>0x1f5f3</load_address>
         <run_address>0x1f5f3</run_address>
         <size>0x727</size>
         <input_file_ref idref="fl-b5"/>
      </object_component>
      <object_component id="oc-bf">
         <name>.debug_info</name>
         <load_address>0x1fd1a</load_address>
         <run_address>0x1fd1a</run_address>
         <size>0x763</size>
         <input_file_ref idref="fl-b6"/>
      </object_component>
      <object_component id="oc-c2">
         <name>.debug_info</name>
         <load_address>0x2047d</load_address>
         <run_address>0x2047d</run_address>
         <size>0x7a0</size>
         <input_file_ref idref="fl-b7"/>
      </object_component>
      <object_component id="oc-191">
         <name>.debug_info</name>
         <load_address>0x20c1d</load_address>
         <run_address>0x20c1d</run_address>
         <size>0x6e</size>
      </object_component>
      <object_component id="oc-5">
         <name>.debug_frame</name>
         <load_address>0x0</load_address>
         <run_address>0x0</run_address>
         <size>0x25e</size>
         <input_file_ref idref="fl-2"/>
      </object_component>
      <object_component id="oc-9">
         <name>.debug_frame</name>
         <load_address>0x25e</load_address>
         <run_address>0x25e</run_address>
         <size>0x25e</size>
         <input_file_ref idref="fl-3"/>
      </object_component>
      <object_component id="oc-d">
         <name>.debug_frame</name>
         <load_address>0x4bc</load_address>
         <run_address>0x4bc</run_address>
         <size>0x23f</size>
         <input_file_ref idref="fl-4"/>
      </object_component>
      <object_component id="oc-6">
         <name>.debug_line</name>
         <load_address>0x0</load_address>
         <run_address>0x0</run_address>
         <size>0x8f</size>
         <input_file_ref idref="fl-2"/>
      </object_component>
      <object_component id="oc-a">
         <name>.debug_line</name>
         <load_address>0x8f</load_address>
         <run_address>0x8f</run_address>
         <size>0x99</size>
         <input_file_ref idref="fl-3"/>
      </object_component>
      <object_component id="oc-e">
         <name>.debug_line</name>
         <load_address>0x128</load_address>
         <run_address>0x128</run_address>
         <size>0x31</size>
         <input_file_ref idref="fl-4"/>
      </object_component>
      <object_component id="oc-11">
         <name>.debug_line</name>
         <load_address>0x159</load_address>
         <run_address>0x159</run_address>
         <size>0x5b</size>
         <input_file_ref idref="fl-81"/>
      </object_component>
      <object_component id="oc-15">
         <name>.debug_line</name>
         <load_address>0x1b4</load_address>
         <run_address>0x1b4</run_address>
         <size>0x3d</size>
         <input_file_ref idref="fl-82"/>
      </object_component>
      <object_component id="oc-18">
         <name>.debug_line</name>
         <load_address>0x1f1</load_address>
         <run_address>0x1f1</run_address>
         <size>0x3d</size>
         <input_file_ref idref="fl-83"/>
      </object_component>
      <object_component id="oc-1d">
         <name>.debug_line</name>
         <load_address>0x22e</load_address>
         <run_address>0x22e</run_address>
         <size>0x4f</size>
         <input_file_ref idref="fl-84"/>
      </object_component>
      <object_component id="oc-20">
         <name>.debug_line</name>
         <load_address>0x27d</load_address>
         <run_address>0x27d</run_address>
         <size>0x53</size>
         <input_file_ref idref="fl-85"/>
      </object_component>
      <object_component id="oc-23">
         <name>.debug_line</name>
         <load_address>0x2d0</load_address>
         <run_address>0x2d0</run_address>
         <size>0x3e</size>
         <input_file_ref idref="fl-86"/>
      </object_component>
      <object_component id="oc-28">
         <name>.debug_line</name>
         <load_address>0x30e</load_address>
         <run_address>0x30e</run_address>
         <size>0x92</size>
         <input_file_ref idref="fl-87"/>
      </object_component>
      <object_component id="oc-2b">
         <name>.debug_line</name>
         <load_address>0x3a0</load_address>
         <run_address>0x3a0</run_address>
         <size>0x6b</size>
         <input_file_ref idref="fl-88"/>
      </object_component>
      <object_component id="oc-2e">
         <name>.debug_line</name>
         <load_address>0x40b</load_address>
         <run_address>0x40b</run_address>
         <size>0x3f</size>
         <input_file_ref idref="fl-89"/>
      </object_component>
      <object_component id="oc-32">
         <name>.debug_line</name>
         <load_address>0x44a</load_address>
         <run_address>0x44a</run_address>
         <size>0xd8</size>
         <input_file_ref idref="fl-8a"/>
      </object_component>
      <object_component id="oc-37">
         <name>.debug_line</name>
         <load_address>0x522</load_address>
         <run_address>0x522</run_address>
         <size>0x175</size>
         <input_file_ref idref="fl-8b"/>
      </object_component>
      <object_component id="oc-3a">
         <name>.debug_line</name>
         <load_address>0x697</load_address>
         <run_address>0x697</run_address>
         <size>0x4e</size>
         <input_file_ref idref="fl-8c"/>
      </object_component>
      <object_component id="oc-40">
         <name>.debug_line</name>
         <load_address>0x6e5</load_address>
         <run_address>0x6e5</run_address>
         <size>0xa7</size>
         <input_file_ref idref="fl-8d"/>
      </object_component>
      <object_component id="oc-43">
         <name>.debug_line</name>
         <load_address>0x78c</load_address>
         <run_address>0x78c</run_address>
         <size>0x47</size>
         <input_file_ref idref="fl-8e"/>
      </object_component>
      <object_component id="oc-46">
         <name>.debug_line</name>
         <load_address>0x7d3</load_address>
         <run_address>0x7d3</run_address>
         <size>0x3c</size>
         <input_file_ref idref="fl-8f"/>
      </object_component>
      <object_component id="oc-49">
         <name>.debug_line</name>
         <load_address>0x80f</load_address>
         <run_address>0x80f</run_address>
         <size>0x6a</size>
         <input_file_ref idref="fl-90"/>
      </object_component>
      <object_component id="oc-4c">
         <name>.debug_line</name>
         <load_address>0x879</load_address>
         <run_address>0x879</run_address>
         <size>0x39</size>
         <input_file_ref idref="fl-91"/>
      </object_component>
      <object_component id="oc-50">
         <name>.debug_line</name>
         <load_address>0x8b2</load_address>
         <run_address>0x8b2</run_address>
         <size>0x168</size>
         <input_file_ref idref="fl-92"/>
      </object_component>
      <object_component id="oc-54">
         <name>.debug_line</name>
         <load_address>0xa1a</load_address>
         <run_address>0xa1a</run_address>
         <size>0x64</size>
         <input_file_ref idref="fl-93"/>
      </object_component>
      <object_component id="oc-57">
         <name>.debug_line</name>
         <load_address>0xa7e</load_address>
         <run_address>0xa7e</run_address>
         <size>0x40</size>
         <input_file_ref idref="fl-94"/>
      </object_component>
      <object_component id="oc-5c">
         <name>.debug_line</name>
         <load_address>0xabe</load_address>
         <run_address>0xabe</run_address>
         <size>0x36</size>
         <input_file_ref idref="fl-95"/>
      </object_component>
      <object_component id="oc-60">
         <name>.debug_line</name>
         <load_address>0xaf4</load_address>
         <run_address>0xaf4</run_address>
         <size>0x39e</size>
         <input_file_ref idref="fl-96"/>
      </object_component>
      <object_component id="oc-63">
         <name>.debug_line</name>
         <load_address>0xe92</load_address>
         <run_address>0xe92</run_address>
         <size>0x41</size>
         <input_file_ref idref="fl-97"/>
      </object_component>
      <object_component id="oc-66">
         <name>.debug_line</name>
         <load_address>0xed3</load_address>
         <run_address>0xed3</run_address>
         <size>0x41</size>
         <input_file_ref idref="fl-98"/>
      </object_component>
      <object_component id="oc-69">
         <name>.debug_line</name>
         <load_address>0xf14</load_address>
         <run_address>0xf14</run_address>
         <size>0x47</size>
         <input_file_ref idref="fl-99"/>
      </object_component>
      <object_component id="oc-6c">
         <name>.debug_line</name>
         <load_address>0xf5b</load_address>
         <run_address>0xf5b</run_address>
         <size>0x37</size>
         <input_file_ref idref="fl-9a"/>
      </object_component>
      <object_component id="oc-6f">
         <name>.debug_line</name>
         <load_address>0xf92</load_address>
         <run_address>0xf92</run_address>
         <size>0x45</size>
         <input_file_ref idref="fl-9b"/>
      </object_component>
      <object_component id="oc-72">
         <name>.debug_line</name>
         <load_address>0xfd7</load_address>
         <run_address>0xfd7</run_address>
         <size>0x44</size>
         <input_file_ref idref="fl-9c"/>
      </object_component>
      <object_component id="oc-7b">
         <name>.debug_line</name>
         <load_address>0x101b</load_address>
         <run_address>0x101b</run_address>
         <size>0x5b</size>
         <input_file_ref idref="fl-9f"/>
      </object_component>
      <object_component id="oc-7e">
         <name>.debug_line</name>
         <load_address>0x1076</load_address>
         <run_address>0x1076</run_address>
         <size>0x44</size>
         <input_file_ref idref="fl-a0"/>
      </object_component>
      <object_component id="oc-81">
         <name>.debug_line</name>
         <load_address>0x10ba</load_address>
         <run_address>0x10ba</run_address>
         <size>0x3d</size>
         <input_file_ref idref="fl-a1"/>
      </object_component>
      <object_component id="oc-84">
         <name>.debug_line</name>
         <load_address>0x10f7</load_address>
         <run_address>0x10f7</run_address>
         <size>0x3d</size>
         <input_file_ref idref="fl-a2"/>
      </object_component>
      <object_component id="oc-87">
         <name>.debug_line</name>
         <load_address>0x1134</load_address>
         <run_address>0x1134</run_address>
         <size>0x3d</size>
         <input_file_ref idref="fl-a3"/>
      </object_component>
      <object_component id="oc-8a">
         <name>.debug_line</name>
         <load_address>0x1171</load_address>
         <run_address>0x1171</run_address>
         <size>0x3e</size>
         <input_file_ref idref="fl-a4"/>
      </object_component>
      <object_component id="oc-8d">
         <name>.debug_line</name>
         <load_address>0x11af</load_address>
         <run_address>0x11af</run_address>
         <size>0x3a</size>
         <input_file_ref idref="fl-a5"/>
      </object_component>
      <object_component id="oc-90">
         <name>.debug_line</name>
         <load_address>0x11e9</load_address>
         <run_address>0x11e9</run_address>
         <size>0x3c</size>
         <input_file_ref idref="fl-a6"/>
      </object_component>
      <object_component id="oc-93">
         <name>.debug_line</name>
         <load_address>0x1225</load_address>
         <run_address>0x1225</run_address>
         <size>0x73</size>
         <input_file_ref idref="fl-a7"/>
      </object_component>
      <object_component id="oc-96">
         <name>.debug_line</name>
         <load_address>0x1298</load_address>
         <run_address>0x1298</run_address>
         <size>0x5f</size>
         <input_file_ref idref="fl-a8"/>
      </object_component>
      <object_component id="oc-99">
         <name>.debug_line</name>
         <load_address>0x12f7</load_address>
         <run_address>0x12f7</run_address>
         <size>0x38</size>
         <input_file_ref idref="fl-a9"/>
      </object_component>
      <object_component id="oc-9c">
         <name>.debug_line</name>
         <load_address>0x132f</load_address>
         <run_address>0x132f</run_address>
         <size>0x56</size>
         <input_file_ref idref="fl-aa"/>
      </object_component>
      <object_component id="oc-9f">
         <name>.debug_line</name>
         <load_address>0x1385</load_address>
         <run_address>0x1385</run_address>
         <size>0x40</size>
         <input_file_ref idref="fl-ab"/>
      </object_component>
      <object_component id="oc-a2">
         <name>.debug_line</name>
         <load_address>0x13c5</load_address>
         <run_address>0x13c5</run_address>
         <size>0x3f</size>
         <input_file_ref idref="fl-ac"/>
      </object_component>
      <object_component id="oc-a5">
         <name>.debug_line</name>
         <load_address>0x1404</load_address>
         <run_address>0x1404</run_address>
         <size>0x3c</size>
         <input_file_ref idref="fl-ad"/>
      </object_component>
      <object_component id="oc-a8">
         <name>.debug_line</name>
         <load_address>0x1440</load_address>
         <run_address>0x1440</run_address>
         <size>0x3d</size>
         <input_file_ref idref="fl-ae"/>
      </object_component>
      <object_component id="oc-ab">
         <name>.debug_line</name>
         <load_address>0x147d</load_address>
         <run_address>0x147d</run_address>
         <size>0x37</size>
         <input_file_ref idref="fl-af"/>
      </object_component>
      <object_component id="oc-ae">
         <name>.debug_line</name>
         <load_address>0x14b4</load_address>
         <run_address>0x14b4</run_address>
         <size>0x37</size>
         <input_file_ref idref="fl-b0"/>
      </object_component>
      <object_component id="oc-b1">
         <name>.debug_line</name>
         <load_address>0x14eb</load_address>
         <run_address>0x14eb</run_address>
         <size>0x40</size>
         <input_file_ref idref="fl-b1"/>
      </object_component>
      <object_component id="oc-b4">
         <name>.debug_line</name>
         <load_address>0x152b</load_address>
         <run_address>0x152b</run_address>
         <size>0x37</size>
         <input_file_ref idref="fl-b2"/>
      </object_component>
      <object_component id="oc-b7">
         <name>.debug_line</name>
         <load_address>0x1562</load_address>
         <run_address>0x1562</run_address>
         <size>0x23</size>
         <input_file_ref idref="fl-b3"/>
      </object_component>
      <object_component id="oc-ba">
         <name>.debug_line</name>
         <load_address>0x1585</load_address>
         <run_address>0x1585</run_address>
         <size>0x3c</size>
         <input_file_ref idref="fl-b4"/>
      </object_component>
      <object_component id="oc-bd">
         <name>.debug_line</name>
         <load_address>0x15c1</load_address>
         <run_address>0x15c1</run_address>
         <size>0x3f</size>
         <input_file_ref idref="fl-b5"/>
      </object_component>
      <object_component id="oc-c0">
         <name>.debug_line</name>
         <load_address>0x1600</load_address>
         <run_address>0x1600</run_address>
         <size>0x3a</size>
         <input_file_ref idref="fl-b6"/>
      </object_component>
      <object_component id="oc-c3">
         <name>.debug_line</name>
         <load_address>0x163a</load_address>
         <run_address>0x163a</run_address>
         <size>0x53</size>
         <input_file_ref idref="fl-b7"/>
      </object_component>
      <object_component id="oc-7">
         <name>.debug_abbrev</name>
         <load_address>0x0</load_address>
         <run_address>0x0</run_address>
         <size>0x114</size>
         <input_file_ref idref="fl-2"/>
      </object_component>
      <object_component id="oc-b">
         <name>.debug_abbrev</name>
         <load_address>0x114</load_address>
         <run_address>0x114</run_address>
         <size>0xcb</size>
         <input_file_ref idref="fl-3"/>
      </object_component>
      <object_component id="oc-f">
         <name>.debug_abbrev</name>
         <load_address>0x1df</load_address>
         <run_address>0x1df</run_address>
         <size>0x76</size>
         <input_file_ref idref="fl-4"/>
      </object_component>
      <object_component id="oc-12">
         <name>.debug_abbrev</name>
         <load_address>0x255</load_address>
         <run_address>0x255</run_address>
         <size>0xb5</size>
         <input_file_ref idref="fl-81"/>
      </object_component>
      <object_component id="oc-16">
         <name>.debug_abbrev</name>
         <load_address>0x30a</load_address>
         <run_address>0x30a</run_address>
         <size>0xfe</size>
         <input_file_ref idref="fl-82"/>
      </object_component>
      <object_component id="oc-19">
         <name>.debug_abbrev</name>
         <load_address>0x408</load_address>
         <run_address>0x408</run_address>
         <size>0xc3</size>
         <input_file_ref idref="fl-83"/>
      </object_component>
      <object_component id="oc-1e">
         <name>.debug_abbrev</name>
         <load_address>0x4cb</load_address>
         <run_address>0x4cb</run_address>
         <size>0x119</size>
         <input_file_ref idref="fl-84"/>
      </object_component>
      <object_component id="oc-21">
         <name>.debug_abbrev</name>
         <load_address>0x5e4</load_address>
         <run_address>0x5e4</run_address>
         <size>0x130</size>
         <input_file_ref idref="fl-85"/>
      </object_component>
      <object_component id="oc-24">
         <name>.debug_abbrev</name>
         <load_address>0x714</load_address>
         <run_address>0x714</run_address>
         <size>0x12d</size>
         <input_file_ref idref="fl-86"/>
      </object_component>
      <object_component id="oc-29">
         <name>.debug_abbrev</name>
         <load_address>0x841</load_address>
         <run_address>0x841</run_address>
         <size>0x1cd</size>
         <input_file_ref idref="fl-87"/>
      </object_component>
      <object_component id="oc-2c">
         <name>.debug_abbrev</name>
         <load_address>0xa0e</load_address>
         <run_address>0xa0e</run_address>
         <size>0x14f</size>
         <input_file_ref idref="fl-88"/>
      </object_component>
      <object_component id="oc-2f">
         <name>.debug_abbrev</name>
         <load_address>0xb5d</load_address>
         <run_address>0xb5d</run_address>
         <size>0x11f</size>
         <input_file_ref idref="fl-89"/>
      </object_component>
      <object_component id="oc-33">
         <name>.debug_abbrev</name>
         <load_address>0xc7c</load_address>
         <run_address>0xc7c</run_address>
         <size>0x14b</size>
         <input_file_ref idref="fl-8a"/>
      </object_component>
      <object_component id="oc-38">
         <name>.debug_abbrev</name>
         <load_address>0xdc7</load_address>
         <run_address>0xdc7</run_address>
         <size>0x215</size>
         <input_file_ref idref="fl-8b"/>
      </object_component>
      <object_component id="oc-3b">
         <name>.debug_abbrev</name>
         <load_address>0xfdc</load_address>
         <run_address>0xfdc</run_address>
         <size>0xd5</size>
         <input_file_ref idref="fl-8c"/>
      </object_component>
      <object_component id="oc-41">
         <name>.debug_abbrev</name>
         <load_address>0x10b1</load_address>
         <run_address>0x10b1</run_address>
         <size>0x1f6</size>
         <input_file_ref idref="fl-8d"/>
      </object_component>
      <object_component id="oc-44">
         <name>.debug_abbrev</name>
         <load_address>0x12a7</load_address>
         <run_address>0x12a7</run_address>
         <size>0xd0</size>
         <input_file_ref idref="fl-8e"/>
      </object_component>
      <object_component id="oc-47">
         <name>.debug_abbrev</name>
         <load_address>0x1377</load_address>
         <run_address>0x1377</run_address>
         <size>0xa6</size>
         <input_file_ref idref="fl-8f"/>
      </object_component>
      <object_component id="oc-4a">
         <name>.debug_abbrev</name>
         <load_address>0x141d</load_address>
         <run_address>0x141d</run_address>
         <size>0x161</size>
         <input_file_ref idref="fl-90"/>
      </object_component>
      <object_component id="oc-4d">
         <name>.debug_abbrev</name>
         <load_address>0x157e</load_address>
         <run_address>0x157e</run_address>
         <size>0xab</size>
         <input_file_ref idref="fl-91"/>
      </object_component>
      <object_component id="oc-51">
         <name>.debug_abbrev</name>
         <load_address>0x1629</load_address>
         <run_address>0x1629</run_address>
         <size>0x180</size>
         <input_file_ref idref="fl-92"/>
      </object_component>
      <object_component id="oc-55">
         <name>.debug_abbrev</name>
         <load_address>0x17a9</load_address>
         <run_address>0x17a9</run_address>
         <size>0xd5</size>
         <input_file_ref idref="fl-93"/>
      </object_component>
      <object_component id="oc-58">
         <name>.debug_abbrev</name>
         <load_address>0x187e</load_address>
         <run_address>0x187e</run_address>
         <size>0xd1</size>
         <input_file_ref idref="fl-94"/>
      </object_component>
      <object_component id="oc-5d">
         <name>.debug_abbrev</name>
         <load_address>0x194f</load_address>
         <run_address>0x194f</run_address>
         <size>0x9f</size>
         <input_file_ref idref="fl-95"/>
      </object_component>
      <object_component id="oc-61">
         <name>.debug_abbrev</name>
         <load_address>0x19ee</load_address>
         <run_address>0x19ee</run_address>
         <size>0x1d1</size>
         <input_file_ref idref="fl-96"/>
      </object_component>
      <object_component id="oc-64">
         <name>.debug_abbrev</name>
         <load_address>0x1bbf</load_address>
         <run_address>0x1bbf</run_address>
         <size>0xe1</size>
         <input_file_ref idref="fl-97"/>
      </object_component>
      <object_component id="oc-67">
         <name>.debug_abbrev</name>
         <load_address>0x1ca0</load_address>
         <run_address>0x1ca0</run_address>
[...]
            <object_component_ref idref="oc-a9"/>
            <object_component_ref idref="oc-ac"/>
            <object_component_ref idref="oc-af"/>
            <object_component_ref idref="oc-b2"/>
            <object_component_ref idref="oc-b5"/>
            <object_component_ref idref="oc-b8"/>
            <object_component_ref idref="oc-bb"/>
            <object_component_ref idref="oc-be"/>
            <object_component_ref idref="oc-c1"/>
            <object_component_ref idref="oc-c4"/>
            <object_component_ref idref="oc-192"/>
         </contents>
      </logical_group>
   </logical_group_list>
   <placement_map>
      <memory_area>
         <name>RAM</name>
         <page_id>0x0</page_id>
         <origin>0x1</origin>
         <length>0xfffffffe</length>
         <used_space>0xd0d8</used_space>
         <unused_space>0xffff2f26</unused_space>
         <attributes>RWIX</attributes>
         <usage_details>
            <available_space>
               <start_address>0x1</start_address>
               <size>0x7</size>
            </available_space>
            <allocated_space>
               <start_address>0x8</start_address>
               <size>0x0</size>
               <logical_group_ref idref="lg-130"/>
            </allocated_space>
            <allocated_space>
               <start_address>0x8</start_address>
               <size>0x0</size>
               <logical_group_ref idref="lg-12f"/>
            </allocated_space>
            <available_space>
               <start_address>0x8</start_address>
               <size>0x18</size>
            </available_space>
            <allocated_space>
               <start_address>0x20</start_address>
               <size>0xa820</size>
               <logical_group_ref idref="lg-12d"/>
            </allocated_space>
            <allocated_space>
               <start_address>0xa840</start_address>
               <size>0x1000</size>
               <logical_group_ref idref="lg-133"/>
            </allocated_space>
            <allocated_space>
               <start_address>0xb840</start_address>
               <size>0x1000</size>
               <logical_group_ref idref="lg-134"/>
            </allocated_space>
            <allocated_space>
               <start_address>0xc840</start_address>
               <size>0x468</size>
               <logical_group_ref idref="lg-135"/>
            </allocated_space>
            <allocated_space>
               <start_address>0xcca8</start_address>
               <size>0x1dc</size>
               <logical_group_ref idref="lg-12e"/>
            </allocated_space>
            <available_space>
               <start_address>0xce84</start_address>
               <size>0x4</size>
            </available_space>
            <allocated_space>
               <start_address>0xce88</start_address>
               <size>0x154</size>
               <logical_group_ref idref="lg-131"/>
            </allocated_space>
            <available_space>
               <start_address>0xcfdc</start_address>
               <size>0x4</size>
            </available_space>
            <allocated_space>
               <start_address>0xcfe0</start_address>
               <size>0x120</size>
               <logical_group_ref idref="lg-137"/>
            </allocated_space>
            <available_space>
               <start_address>0xd100</start_address>
               <size>0xffff2eff</size>
            </available_space>
         </usage_details>
      </memory_area>
   </placement_map>
   <symbol_table>
      <symbol id="sm-0">
         <name>cinit</name>
         <value>0xce88</value>
      </symbol>
      <symbol id="sm-1">
         <name>___cinit__</name>
         <value>0xce88</value>
      </symbol>
      <symbol id="sm-2">
         <name>pinit</name>
         <value>0xffffffff</value>
      </symbol>
      <symbol id="sm-3">
         <name>___pinit__</name>
         <value>0xffffffff</value>
      </symbol>
      <symbol id="sm-4">
         <name>binit</name>
         <value>0xffffffff</value>
      </symbol>
      <symbol id="sm-5">
         <name>___binit__</name>
         <value>0xffffffff</value>
      </symbol>
      <symbol id="sm-6">
         <name>__STACK_SIZE</name>
         <value>0x1000</value>
      </symbol>
      <symbol id="sm-7">
         <name>__STACK_END</name>
         <value>0xb840</value>
      </symbol>
      <symbol id="sm-8">
         <name>__SYSMEM_SIZE</name>
         <value>0x1000</value>
      </symbol>
      <symbol id="sm-9">
         <name>___c_args__</name>
         <value>0xffffffff</value>
      </symbol>
      <symbol id="sm-a">
         <name>.text</name>
         <value>0x20</value>
      </symbol>
      <symbol id="sm-b">
         <name>___text__</name>
         <value>0x20</value>
      </symbol>
      <symbol id="sm-c">
         <name>etext</name>
         <value>0xa840</value>
      </symbol>
      <symbol id="sm-d">
         <name>___etext__</name>
         <value>0xa840</value>
      </symbol>
      <symbol id="sm-e">
         <name>.data</name>
         <value>0x8</value>
      </symbol>
      <symbol id="sm-f">
         <name>___data__</name>
         <value>0x8</value>
      </symbol>
      <symbol id="sm-10">
         <name>edata</name>
         <value>0x8</value>
      </symbol>
      <symbol id="sm-11">
         <name>___edata__</name>
         <value>0x8</value>
      </symbol>
      <symbol id="sm-12">
         <name>.bss</name>
         <value>0x8</value>
      </symbol>
      <symbol id="sm-13">
         <name>___bss__</name>
         <value>0x8</value>
      </symbol>
      <symbol id="sm-14">
         <name>end</name>
         <value>0x8</value>
      </symbol>
      <symbol id="sm-15">
         <name>___end__</name>
         <value>0x8</value>
      </symbol>
      <symbol id="sm-16">
         <name>___TI_pprof_out_hndl</name>
         <value>0xffffffff</value>
      </symbol>
      <symbol id="sm-17">
         <name>___TI_prof_data_start</name>
         <value>0xffffffff</value>
      </symbol>
      <symbol id="sm-18">
         <name>___TI_prof_data_size</name>
         <value>0xffffffff</value>
      </symbol>
      <symbol id="sm-19">
         <name>$bss</name>
         <value>0x8</value>
      </symbol>
      <symbol id="sm-6f">
         <name>_main</name>
         <value>0x4d20</value>
         <object_component_ref idref="oc-d3"/>
      </symbol>
      <symbol id="sm-95">
         <name>_autocorrelate</name>
         <value>0x6900</value>
         <object_component_ref idref="oc-d8"/>
      </symbol>
      <symbol id="sm-a6">
         <name>__addf</name>
         <value>0x2de0</value>
         <object_component_ref idref="oc-e0"/>
      </symbol>
      <symbol id="sm-b2">
         <name>_c_int00</name>
         <value>0xa300</value>
         <object_component_ref idref="oc-2"/>
      </symbol>
      <symbol id="sm-b3">
         <name>__stack</name>
         <value>0xa840</value>
         <object_component_ref idref="oc-14"/>
      </symbol>
      <symbol id="sm-bd">
         <name>__cvtfd</name>
         <value>0xa540</value>
         <object_component_ref idref="oc-da"/>
      </symbol>
      <symbol id="sm-cd">
         <name>C$$EXIT</name>
         <value>0xa800</value>
         <object_component_ref idref="oc-d4"/>
      </symbol>
      <symbol id="sm-ce">
         <name>_exit</name>
         <value>0x95a0</value>
         <object_component_ref idref="oc-c7"/>
      </symbol>
      <symbol id="sm-cf">
         <name>___TI_enable_exit_profile_output</name>
         <value>0xcc88</value>
         <object_component_ref idref="oc-1c"/>
      </symbol>
      <symbol id="sm-d0">
         <name>_abort</name>
         <value>0xa800</value>
         <object_component_ref idref="oc-d4"/>
      </symbol>
      <symbol id="sm-d1">
         <name>__cleanup_ptr</name>
         <value>0xcc80</value>
         <object_component_ref idref="oc-1c"/>
      </symbol>
      <symbol id="sm-d2">
         <name>__dtors_ptr</name>
         <value>0xcc84</value>
         <object_component_ref idref="oc-1c"/>
      </symbol>
      <symbol id="sm-de">
         <name>__closefile</name>
         <value>0x7680</value>
         <object_component_ref idref="oc-e8"/>
      </symbol>
      <symbol id="sm-df">
         <name>_fclose</name>
         <value>0xa380</value>
         <object_component_ref idref="oc-dd"/>
      </symbol>
      <symbol id="sm-e9">
         <name>__doflush</name>
         <value>0x9300</value>
         <object_component_ref idref="oc-f5"/>
      </symbol>
      <symbol id="sm-fd">
         <name>__cleanup</name>
         <value>0x9220</value>
         <object_component_ref idref="oc-f3"/>
      </symbol>
      <symbol id="sm-fe">
         <name>_fopen</name>
         <value>0x9e60</value>
         <object_component_ref idref="oc-db"/>
      </symbol>
      <symbol id="sm-10c">
         <name>_fprintf</name>
         <value>0x85c0</value>
         <object_component_ref idref="oc-dc"/>
      </symbol>
      <symbol id="sm-116">
         <name>_putc</name>
         <value>0x55e0</value>
         <object_component_ref idref="oc-ed"/>
      </symbol>
      <symbol id="sm-117">
         <name>_fputc</name>
         <value>0x55e0</value>
         <object_component_ref idref="oc-ed"/>
      </symbol>
      <symbol id="sm-123">
         <name>_fputs</name>
         <value>0x1f20</value>
         <object_component_ref idref="oc-ec"/>
      </symbol>
      <symbol id="sm-13f">
         <name>_unlink</name>
         <value>0xa040</value>
         <object_component_ref idref="oc-101"/>
      </symbol>
      <symbol id="sm-140">
         <name>_open</name>
         <value>0x5fe0</value>
         <object_component_ref idref="oc-f4"/>
      </symbol>
      <symbol id="sm-141">
         <name>_lseek</name>
         <value>0x9020</value>
         <object_component_ref idref="oc-110"/>
      </symbol>
      <symbol id="sm-142">
         <name>_close</name>
         <value>0x84a0</value>
         <object_component_ref idref="oc-f7"/>
      </symbol>
      <symbol id="sm-143">
         <name>_write</name>
         <value>0x9120</value>
         <object_component_ref idref="oc-fa"/>
      </symbol>
      <symbol id="sm-14d">
         <name>_memcpy</name>
         <value>0x66c0</value>
         <object_component_ref idref="oc-d1"/>
      </symbol>
      <symbol id="sm-163">
         <name>__sys_memory</name>
         <value>0xb840</value>
         <object_component_ref idref="oc-3f"/>
      </symbol>
      <symbol id="sm-164">
         <name>_free</name>
         <value>0x3d80</value>
         <object_component_ref idref="oc-f6"/>
      </symbol>
      <symbol id="sm-165">
         <name>_malloc</name>
         <value>0x5d80</value>
         <object_component_ref idref="oc-de"/>
      </symbol>
      <symbol id="sm-16f">
         <name>_memset</name>
         <value>0x86e0</value>
         <object_component_ref idref="oc-f2"/>
      </symbol>
      <symbol id="sm-179">
         <name>__mpyf</name>
         <value>0x5b20</value>
         <object_component_ref idref="oc-df"/>
      </symbol>
      <symbol id="sm-187">
         <name>_printf</name>
         <value>0x8800</value>
         <object_component_ref idref="oc-d9"/>
      </symbol>
      <symbol id="sm-191">
         <name>_remove</name>
         <value>0xa820</value>
         <object_component_ref idref="oc-f8"/>
      </symbol>
      <symbol id="sm-1a9">
         <name>_HOSTopen</name>
         <value>0x8140</value>
         <object_component_ref idref="oc-c8"/>
      </symbol>
      <symbol id="sm-1aa">
         <name>_HOSTread</name>
         <value>0x7c40</value>
         <object_component_ref idref="oc-ca"/>
      </symbol>
      <symbol id="sm-1ab">
         <name>_HOSTrename</name>
         <value>0x6b40</value>
         <object_component_ref idref="oc-ce"/>
      </symbol>
      <symbol id="sm-1ac">
         <name>_HOSTwrite</name>
         <value>0x8260</value>
         <object_component_ref idref="oc-cb"/>
      </symbol>
      <symbol id="sm-1ad">
         <name>_HOSTlseek</name>
         <value>0x7980</value>
         <object_component_ref idref="oc-cc"/>
      </symbol>
      <symbol id="sm-1ae">
         <name>_HOSTunlink</name>
         <value>0x8a20</value>
         <object_component_ref idref="oc-cd"/>
      </symbol>
      <symbol id="sm-1af">
         <name>_HOSTclose</name>
         <value>0x8920</value>
         <object_component_ref idref="oc-c9"/>
      </symbol>
      <symbol id="sm-1bd">
         <name>C$$IO$$</name>
         <value>0xa158</value>
         <object_component_ref idref="oc-d5"/>
      </symbol>
      <symbol id="sm-1be">
         <name>__CIOBUF_</name>
         <value>0xcfe0</value>
         <object_component_ref idref="oc-53"/>
      </symbol>
      <symbol id="sm-1bf">
         <name>_readmsg</name>
         <value>0x9f00</value>
         <object_component_ref idref="oc-d6"/>
      </symbol>
      <symbol id="sm-1c0">
         <name>_writemsg</name>
         <value>0xa0e0</value>
         <object_component_ref idref="oc-d5"/>
      </symbol>
      <symbol id="sm-1ca">
         <name>__wrt_ok</name>
         <value>0x8380</value>
         <object_component_ref idref="oc-f9"/>
      </symbol>
      <symbol id="sm-1d8">
         <name>__unlock</name>
         <value>0xcc90</value>
         <object_component_ref idref="oc-5b"/>
      </symbol>
      <symbol id="sm-1d9">
         <name>__lock</name>
         <value>0xcc8c</value>
         <object_component_ref idref="oc-5b"/>
      </symbol>
      <symbol id="sm-1da">
         <name>__nop</name>
         <value>0xa760</value>
         <object_component_ref idref="oc-cf"/>
      </symbol>
      <symbol id="sm-20a">
         <name>__printfi</name>
         <value>0x14a0</value>
         <object_component_ref idref="oc-e3"/>
      </symbol>
      <symbol id="sm-214">
         <name>__args_main</name>
         <value>0xa6c0</value>
         <object_component_ref idref="oc-c6"/>
      </symbol>
      <symbol id="sm-215">
         <name>__TI_args_main</name>
         <value>0x1</value>
      </symbol>
      <symbol id="sm-21f">
         <name>_atoi</name>
         <value>0x7ec0</value>
         <object_component_ref idref="oc-fb"/>
      </symbol>
      <symbol id="sm-229">
         <name>__auto_init</name>
         <value>0x8b20</value>
         <object_component_ref idref="oc-c5"/>
      </symbol>
      <symbol id="sm-233">
         <name>__cmpd</name>
         <value>0x8c20</value>
         <object_component_ref idref="oc-107"/>
      </symbol>
      <symbol id="sm-23d">
         <name>___TI_cpp_init</name>
         <value>0xa180</value>
         <object_component_ref idref="oc-d2"/>
      </symbol>
      <symbol id="sm-247">
         <name>_copy_in</name>
         <value>0x99c0</value>
         <object_component_ref idref="oc-d0"/>
      </symbol>
      <symbol id="sm-24f">
         <name>__ctypes_</name>
         <value>0xcca8</value>
         <object_component_ref idref="oc-104"/>
      </symbol>
      <symbol id="sm-259">
         <name>__tmpnams</name>
         <value>0xca20</value>
         <object_component_ref idref="oc-78"/>
      </symbol>
      <symbol id="sm-25a">
         <name>__ft_end</name>
         <value>0xcb60</value>
         <object_component_ref idref="oc-78"/>
      </symbol>
      <symbol id="sm-25b">
         <name>__ftable</name>
         <value>0xc840</value>
         <object_component_ref idref="oc-78"/>
      </symbol>
      <symbol id="sm-267">
         <name>__divd</name>
         <value>0x20</value>
         <object_component_ref idref="oc-117"/>
      </symbol>
      <symbol id="sm-26f">
         <name>__c6xabi_divu</name>
         <value>0x9840</value>
         <object_component_ref idref="oc-122"/>
      </symbol>
      <symbol id="sm-270">
         <name>__divu</name>
         <value>0x9840</value>
         <object_component_ref idref="oc-122"/>
      </symbol>
      <symbol id="sm-27a">
         <name>__fixdi</name>
         <value>0x9b40</value>
         <object_component_ref idref="oc-11e"/>
      </symbol>
      <symbol id="sm-284">
         <name>__fixdli</name>
         <value>0x9be0</value>
         <object_component_ref idref="oc-11a"/>
      </symbol>
      <symbol id="sm-28e">
         <name>__fltlid</name>
         <value>0xa200</value>
         <object_component_ref idref="oc-11c"/>
      </symbol>
      <symbol id="sm-298">
         <name>__frcmpyd_div</name>
         <value>0x7ae0</value>
         <object_component_ref idref="oc-121"/>
      </symbol>
      <symbol id="sm-2a2">
         <name>__frcmpyf</name>
         <value>0xa5a0</value>
         <object_component_ref idref="oc-eb"/>
      </symbol>
      <symbol id="sm-2ac">
         <name>_fseek</name>
         <value>0x6f60</value>
         <object_component_ref idref="oc-102"/>
      </symbol>
      <symbol id="sm-2ba">
         <name>__divul</name>
         <value>0x58c0</value>
         <object_component_ref idref="oc-123"/>
      </symbol>
      <symbol id="sm-2bb">
         <name>__remli</name>
         <value>0x9900</value>
         <object_component_ref idref="oc-125"/>
      </symbol>
      <symbol id="sm-2bc">
         <name>__divli</name>
         <value>0x8e20</value>
         <object_component_ref idref="oc-126"/>
      </symbol>
      <symbol id="sm-2c8">
         <name>__subcull</name>
         <value>0xa600</value>
         <object_component_ref idref="oc-129"/>
      </symbol>
      <symbol id="sm-2c9">
         <name>__divull</name>
         <value>0x3660</value>
         <object_component_ref idref="oc-124"/>
      </symbol>
      <symbol id="sm-2d3">
         <name>___isinf</name>
         <value>0xa480</value>
         <object_component_ref idref="oc-106"/>
      </symbol>
      <symbol id="sm-2df">
         <name>__llshl</name>
         <value>0x9c80</value>
         <object_component_ref idref="oc-128"/>
      </symbol>
      <symbol id="sm-2e0">
         <name>__llshru</name>
         <value>0xa280</value>
         <object_component_ref idref="oc-12a"/>
      </symbol>
      <symbol id="sm-2ea">
         <name>_ltoa</name>
         <value>0x8000</value>
         <object_component_ref idref="oc-11b"/>
      </symbol>
      <symbol id="sm-2f4">
         <name>_memccpy</name>
         <value>0xa400</value>
         <object_component_ref idref="oc-fe"/>
      </symbol>
      <symbol id="sm-2fe">
         <name>__mpyd</name>
         <value>0x5020</value>
         <object_component_ref idref="oc-116"/>
      </symbol>
      <symbol id="sm-308">
         <name>__mpyll</name>
         <value>0x9d20</value>
         <object_component_ref idref="oc-119"/>
      </symbol>
      <symbol id="sm-312">
         <name>__negd</name>
         <value>0xa700</value>
         <object_component_ref idref="oc-108"/>
      </symbol>
      <symbol id="sm-31c">
         <name>__negll</name>
         <value>0xa740</value>
         <object_component_ref idref="oc-10d"/>
      </symbol>
      <symbol id="sm-326">
         <name>_setvbuf</name>
         <value>0x4a20</value>
         <object_component_ref idref="oc-103"/>
      </symbol>
      <symbol id="sm-330">
         <name>__subd</name>
         <value>0xa660</value>
         <object_component_ref idref="oc-11d"/>
      </symbol>
      <symbol id="sm-341">
         <name>__addd</name>
         <value>0x4420</value>
         <object_component_ref idref="oc-127"/>
      </symbol>
      <symbol id="sm-34b">
         <name>__frcaddd</name>
         <value>0x4100</value>
         <object_component_ref idref="oc-12b"/>
      </symbol>
      <symbol id="sm-355">
         <name>__frcmpyd</name>
         <value>0x7d80</value>
         <object_component_ref idref="oc-11f"/>
      </symbol>
      <symbol id="sm-35f">
         <name>__renormd</name>
         <value>0x9dc0</value>
         <object_component_ref idref="oc-12c"/>
      </symbol>
   </symbol_table>
</link_info>
