<?xml version="1.0"?>
<link_info>
   <banner>TMS320C6x Linker PC v7.4.20</banner>
   <copyright>Copyright (c) 1996-2015 Texas Instruments Incorporated</copyright>
   <link_time>0x59fbc303</link_time>
   <output_file>PROJECT.out</output_file>
   <entry_point>
      <name>_c_int00</name>
      <address>0xe080</address>
   </entry_point>
   <input_file_list>
      <input_file id="fl-2">
         <path>.\Sources\ASM\</path>
         <kind>object</kind>
         <file>autocorrelateASM.obj</file>
         <name>autocorrelateASM.obj</name>
      </input_file>
      <input_file id="fl-3">
         <path>.\Sources\C\</path>
         <kind>object</kind>
         <file>integrationTest.obj</file>
         <name>integrationTest.obj</name>
      </input_file>
      <input_file id="fl-4">
         <path>.\Sources\C\</path>
         <kind>object</kind>
         <file>main.obj</file>
         <name>main.obj</name>
      </input_file>
      <input_file id="fl-5">
         <path>.\Sources\C\</path>
         <kind>object</kind>
         <file>mathematic.obj</file>
         <name>mathematic.obj</name>
      </input_file>
      <input_file id="fl-6">
         <path>.\Sources\C\</path>
         <kind>object</kind>
         <file>run.obj</file>
         <name>run.obj</name>
      </input_file>
      <input_file id="fl-7">
         <path>.\Sources\C\</path>
         <kind>object</kind>
         <file>test.obj</file>
         <name>test.obj</name>
      </input_file>
      <input_file id="fl-8">
         <path>.\Sources\C\</path>
         <kind>object</kind>
         <file>unitTest.obj</file>
         <name>unitTest.obj</name>
      </input_file>
      <input_file id="fl-85">
         <path>C:\ti\ccsv7\tools\compiler\c6000_7.4.20\lib\</path>
         <kind>archive</kind>
         <file>rts6700.lib</file>
         <name>boot.obj</name>
      </input_file>
      <input_file id="fl-86">
         <path>C:\ti\ccsv7\tools\compiler\c6000_7.4.20\lib\</path>
         <kind>archive</kind>
         <file>rts6700.lib</file>
         <name>exit.obj</name>
      </input_file>
      <input_file id="fl-87">
         <path>C:\ti\ccsv7\tools\compiler\c6000_7.4.20\lib\</path>
         <kind>archive</kind>
         <file>rts6700.lib</file>
         <name>fscanf.obj</name>
      </input_file>
      <input_file id="fl-88">
         <path>C:\ti\ccsv7\tools\compiler\c6000_7.4.20\lib\</path>
         <kind>archive</kind>
         <file>rts6700.lib</file>
         <name>memory.obj</name>
      </input_file>
      <input_file id="fl-89">
         <path>C:\ti\ccsv7\tools\compiler\c6000_7.4.20\lib\</path>
         <kind>archive</kind>
         <file>rts6700.lib</file>
         <name>printf.obj</name>
      </input_file>
      <input_file id="fl-8a">
         <path>C:\ti\ccsv7\tools\compiler\c6000_7.4.20\lib\</path>
         <kind>archive</kind>
         <file>rts6700.lib</file>
         <name>strncpy.obj</name>
      </input_file>
      <input_file id="fl-8b">
         <path>C:\ti\ccsv7\tools\compiler\c6000_7.4.20\lib\</path>
         <kind>archive</kind>
         <file>rts6700.lib</file>
         <name>ungetc.obj</name>
      </input_file>
      <input_file id="fl-8c">
         <path>C:\ti\ccsv7\tools\compiler\c6000_7.4.20\lib\</path>
         <kind>archive</kind>
         <file>rts6700.lib</file>
         <name>_lock.obj</name>
      </input_file>
      <input_file id="fl-8d">
         <path>C:\ti\ccsv7\tools\compiler\c6000_7.4.20\lib\</path>
         <kind>archive</kind>
         <file>rts6700.lib</file>
         <name>_printfi.obj</name>
      </input_file>
      <input_file id="fl-8e">
         <path>C:\ti\ccsv7\tools\compiler\c6000_7.4.20\lib\</path>
         <kind>archive</kind>
         <file>rts6700.lib</file>
         <name>_scanfi.obj</name>
      </input_file>
      <input_file id="fl-8f">
         <path>C:\ti\ccsv7\tools\compiler\c6000_7.4.20\lib\</path>
         <kind>archive</kind>
         <file>rts6700.lib</file>
         <name>args_main.obj</name>
      </input_file>
      <input_file id="fl-90">
         <path>C:\ti\ccsv7\tools\compiler\c6000_7.4.20\lib\</path>
         <kind>archive</kind>
         <file>rts6700.lib</file>
         <name>atoi.obj</name>
      </input_file>
      <input_file id="fl-91">
         <path>C:\ti\ccsv7\tools\compiler\c6000_7.4.20\lib\</path>
         <kind>archive</kind>
         <file>rts6700.lib</file>
         <name>autoinit.obj</name>
      </input_file>
      <input_file id="fl-92">
         <path>C:\ti\ccsv7\tools\compiler\c6000_7.4.20\lib\</path>
         <kind>archive</kind>
         <file>rts6700.lib</file>
         <name>cpp_init.obj</name>
      </input_file>
      <input_file id="fl-93">
         <path>C:\ti\ccsv7\tools\compiler\c6000_7.4.20\lib\</path>
         <kind>archive</kind>
         <file>rts6700.lib</file>
         <name>cpy_tbl.obj</name>
      </input_file>
      <input_file id="fl-94">
         <path>C:\ti\ccsv7\tools\compiler\c6000_7.4.20\lib\</path>
         <kind>archive</kind>
         <file>rts6700.lib</file>
         <name>ctype.obj</name>
      </input_file>
      <input_file id="fl-95">
         <path>C:\ti\ccsv7\tools\compiler\c6000_7.4.20\lib\</path>
         <kind>archive</kind>
         <file>rts6700.lib</file>
         <name>defs.obj</name>
      </input_file>
      <input_file id="fl-96">
         <path>C:\ti\ccsv7\tools\compiler\c6000_7.4.20\lib\</path>
         <kind>archive</kind>
         <file>rts6700.lib</file>
         <name>divd.obj</name>
      </input_file>
      <input_file id="fl-97">
         <path>C:\ti\ccsv7\tools\compiler\c6000_7.4.20\lib\</path>
         <kind>archive</kind>
         <file>rts6700.lib</file>
         <name>divu.obj</name>
      </input_file>
      <input_file id="fl-98">
         <path>C:\ti\ccsv7\tools\compiler\c6000_7.4.20\lib\</path>
         <kind>archive</kind>
         <file>rts6700.lib</file>
         <name>fgetc.obj</name>
      </input_file>
      <input_file id="fl-99">
         <path>C:\ti\ccsv7\tools\compiler\c6000_7.4.20\lib\</path>
         <kind>archive</kind>
         <file>rts6700.lib</file>
         <name>fixdli.obj</name>
      </input_file>
      <input_file id="fl-9a">
         <path>C:\ti\ccsv7\tools\compiler\c6000_7.4.20\lib\</path>
         <kind>archive</kind>
         <file>rts6700.lib</file>
         <name>fltlid.obj</name>
      </input_file>
      <input_file id="fl-9b">
         <path>C:\ti\ccsv7\tools\compiler\c6000_7.4.20\lib\</path>
         <kind>archive</kind>
         <file>rts6700.lib</file>
         <name>fputc.obj</name>
      </input_file>
      <input_file id="fl-9c">
         <path>C:\ti\ccsv7\tools\compiler\c6000_7.4.20\lib\</path>
         <kind>archive</kind>
         <file>rts6700.lib</file>
         <name>fputs.obj</name>
      </input_file>
      <input_file id="fl-9d">
         <path>C:\ti\ccsv7\tools\compiler\c6000_7.4.20\lib\</path>
         <kind>archive</kind>
         <file>rts6700.lib</file>
         <name>frcmpyd_div.obj</name>
      </input_file>
      <input_file id="fl-9e">
         <path>C:\ti\ccsv7\tools\compiler\c6000_7.4.20\lib\</path>
         <kind>archive</kind>
         <file>rts6700.lib</file>
         <name>imath40.obj</name>
      </input_file>
      <input_file id="fl-9f">
         <path>C:\ti\ccsv7\tools\compiler\c6000_7.4.20\lib\</path>
         <kind>archive</kind>
         <file>rts6700.lib</file>
         <name>imath64.obj</name>
      </input_file>
      <input_file id="fl-a0">
         <path>C:\ti\ccsv7\tools\compiler\c6000_7.4.20\lib\</path>
         <kind>archive</kind>
         <file>rts6700.lib</file>
         <name>isinf.obj</name>
      </input_file>
      <input_file id="fl-a1">
         <path>C:\ti\ccsv7\tools\compiler\c6000_7.4.20\lib\</path>
         <kind>archive</kind>
         <file>rts6700.lib</file>
         <name>llshift.obj</name>
      </input_file>
      <input_file id="fl-a2">
         <path>C:\ti\ccsv7\tools\compiler\c6000_7.4.20\lib\</path>
         <kind>archive</kind>
         <file>rts6700.lib</file>
         <name>lowlev.obj</name>
      </input_file>
      <input_file id="fl-a3">
         <path>C:\ti\ccsv7\tools\compiler\c6000_7.4.20\lib\</path>
         <kind>archive</kind>
         <file>rts6700.lib</file>
         <name>ltoa.obj</name>
      </input_file>
      <input_file id="fl-a4">
         <path>C:\ti\ccsv7\tools\compiler\c6000_7.4.20\lib\</path>
         <kind>archive</kind>
         <file>rts6700.lib</file>
         <name>memccpy.obj</name>
      </input_file>
      <input_file id="fl-a5">
         <path>C:\ti\ccsv7\tools\compiler\c6000_7.4.20\lib\</path>
         <kind>archive</kind>
         <file>rts6700.lib</file>
         <name>memcpy62.obj</name>
      </input_file>
      <input_file id="fl-a6">
         <path>C:\ti\ccsv7\tools\compiler\c6000_7.4.20\lib\</path>
         <kind>archive</kind>
         <file>rts6700.lib</file>
         <name>memset.obj</name>
      </input_file>
      <input_file id="fl-a7">
         <path>C:\ti\ccsv7\tools\compiler\c6000_7.4.20\lib\</path>
         <kind>archive</kind>
         <file>rts6700.lib</file>
         <name>mpyll.obj</name>
      </input_file>
      <input_file id="fl-a8">
         <path>C:\ti\ccsv7\tools\compiler\c6000_7.4.20\lib\</path>
         <kind>archive</kind>
         <file>rts6700.lib</file>
         <name>negll.obj</name>
      </input_file>
      <input_file id="fl-a9">
         <path>C:\ti\ccsv7\tools\compiler\c6000_7.4.20\lib\</path>
         <kind>archive</kind>
         <file>rts6700.lib</file>
         <name>setvbuf.obj</name>
      </input_file>
      <input_file id="fl-aa">
         <path>C:\ti\ccsv7\tools\compiler\c6000_7.4.20\lib\</path>
         <kind>archive</kind>
         <file>rts6700.lib</file>
         <name>strtod.obj</name>
      </input_file>
      <input_file id="fl-ab">
         <path>C:\ti\ccsv7\tools\compiler\c6000_7.4.20\lib\</path>
         <kind>archive</kind>
         <file>rts6700.lib</file>
         <name>strtol.obj</name>
      </input_file>
      <input_file id="fl-ac">
         <path>C:\ti\ccsv7\tools\compiler\c6000_7.4.20\lib\</path>
         <kind>archive</kind>
         <file>rts6700.lib</file>
         <name>strtold.obj</name>
      </input_file>
      <input_file id="fl-ad">
         <path>C:\ti\ccsv7\tools\compiler\c6000_7.4.20\lib\</path>
         <kind>archive</kind>
         <file>rts6700.lib</file>
         <name>strtoll.obj</name>
      </input_file>
      <input_file id="fl-ae">
         <path>C:\ti\ccsv7\tools\compiler\c6000_7.4.20\lib\</path>
         <kind>archive</kind>
         <file>rts6700.lib</file>
         <name>strtoul.obj</name>
      </input_file>
      <input_file id="fl-af">
         <path>C:\ti\ccsv7\tools\compiler\c6000_7.4.20\lib\</path>
         <kind>archive</kind>
         <file>rts6700.lib</file>
         <name>strtoull.obj</name>
      </input_file>
      <input_file id="fl-b0">
         <path>C:\ti\ccsv7\tools\compiler\c6000_7.4.20\lib\</path>
         <kind>archive</kind>
         <file>rts6700.lib</file>
         <name>trgdrv.obj</name>
      </input_file>
      <input_file id="fl-b1">
         <path>C:\ti\ccsv7\tools\compiler\c6000_7.4.20\lib\</path>
         <kind>archive</kind>
         <file>rts6700.lib</file>
         <name>trgmsg.obj</name>
      </input_file>
      <input_file id="fl-b2">
         <path>C:\ti\ccsv7\tools\compiler\c6000_7.4.20\lib\</path>
         <kind>archive</kind>
         <file>rts6700.lib</file>
         <name>_bufread.obj</name>
      </input_file>
      <input_file id="fl-b3">
         <path>C:\ti\ccsv7\tools\compiler\c6000_7.4.20\lib\</path>
         <kind>archive</kind>
         <file>rts6700.lib</file>
         <name>_io_perm.obj</name>
      </input_file>
      <input_file id="fl-b4">
         <path>C:\ti\ccsv7\tools\compiler\c6000_7.4.20\lib\</path>
         <kind>archive</kind>
         <file>rts6700.lib</file>
         <name>abs.obj</name>
      </input_file>
      <input_file id="fl-b5">
         <path>C:\ti\ccsv7\tools\compiler\c6000_7.4.20\lib\</path>
         <kind>archive</kind>
         <file>rts6700.lib</file>
         <name>divi.obj</name>
      </input_file>
      <input_file id="fl-b6">
         <path>C:\ti\ccsv7\tools\compiler\c6000_7.4.20\lib\</path>
         <kind>archive</kind>
         <file>rts6700.lib</file>
         <name>errno.obj</name>
      </input_file>
      <input_file id="fl-b7">
         <path>C:\ti\ccsv7\tools\compiler\c6000_7.4.20\lib\</path>
         <kind>archive</kind>
         <file>rts6700.lib</file>
         <name>fflush.obj</name>
      </input_file>
      <input_file id="fl-b8">
         <path>C:\ti\ccsv7\tools\compiler\c6000_7.4.20\lib\</path>
         <kind>archive</kind>
         <file>rts6700.lib</file>
         <name>fopen.obj</name>
      </input_file>
      <input_file id="fl-b9">
         <path>C:\ti\ccsv7\tools\compiler\c6000_7.4.20\lib\</path>
         <kind>archive</kind>
         <file>rts6700.lib</file>
         <name>fseek.obj</name>
      </input_file>
      <input_file id="fl-ba">
         <path>C:\ti\ccsv7\tools\compiler\c6000_7.4.20\lib\</path>
         <kind>archive</kind>
         <file>rts6700.lib</file>
         <name>fclose.obj</name>
      </input_file>
      <input_file id="fl-bb">
         <path>C:\ti\ccsv7\tools\compiler\c6000_7.4.20\lib\</path>
         <kind>archive</kind>
         <file>rts6700.lib</file>
         <name>remove.obj</name>
      </input_file>
   </input_file_list>
   <object_component_list>
      <object_component id="oc-eb">
         <name>.text</name>
         <load_address>0x20</load_address>
         <run_address>0x20</run_address>
         <size>0xd00</size>
         <input_file_ref idref="fl-7"/>
      </object_component>
      <object_component id="oc-f7">
         <name>.text:__scanfi</name>
         <load_address>0xd20</load_address>
         <run_address>0xd20</run_address>
         <size>0xbc0</size>
         <input_file_ref idref="fl-8e"/>
      </object_component>
      <object_component id="oc-107">
         <name>.text:__sset_arg</name>
         <load_address>0x18e0</load_address>
         <run_address>0x18e0</run_address>
         <size>0x7c0</size>
         <input_file_ref idref="fl-8e"/>
      </object_component>
      <object_component id="oc-12f">
         <name>.text:__divd</name>
         <load_address>0x20a0</load_address>
         <run_address>0x20a0</run_address>
         <size>0x720</size>
         <input_file_ref idref="fl-96"/>
      </object_component>
      <object_component id="oc-123">
         <name>.text:__getarg_diouxp</name>
         <load_address>0x27c0</load_address>
         <run_address>0x27c0</run_address>
         <size>0x6c0</size>
         <input_file_ref idref="fl-8d"/>
      </object_component>
      <object_component id="oc-fc">
         <name>.text:__setfield</name>
         <load_address>0x2e80</load_address>
         <run_address>0x2e80</run_address>
         <size>0x640</size>
         <input_file_ref idref="fl-8d"/>
      </object_component>
      <object_component id="oc-119">
         <name>.text:_strtod</name>
         <load_address>0x34c0</load_address>
         <run_address>0x34c0</run_address>
         <size>0x5e0</size>
         <input_file_ref idref="fl-aa"/>
      </object_component>
      <object_component id="oc-11a">
         <name>.text:_strtold</name>
         <load_address>0x3aa0</load_address>
         <run_address>0x3aa0</run_address>
         <size>0x5e0</size>
         <input_file_ref idref="fl-ac"/>
      </object_component>
      <object_component id="oc-11c">
         <name>.text:_strtoll</name>
         <load_address>0x4080</load_address>
         <run_address>0x4080</run_address>
         <size>0x5e0</size>
         <input_file_ref idref="fl-ad"/>
      </object_component>
      <object_component id="oc-104">
         <name>.text:__sproc_int</name>
         <load_address>0x4660</load_address>
         <run_address>0x4660</run_address>
         <size>0x5a0</size>
         <input_file_ref idref="fl-8e"/>
      </object_component>
      <object_component id="oc-11b">
         <name>.text:_strtol</name>
         <load_address>0x4c00</load_address>
         <run_address>0x4c00</run_address>
         <size>0x580</size>
         <input_file_ref idref="fl-ab"/>
      </object_component>
      <object_component id="oc-f3">
         <name>.text:__printfi</name>
         <load_address>0x5180</load_address>
         <run_address>0x5180</run_address>
         <size>0x560</size>
         <input_file_ref idref="fl-8d"/>
      </object_component>
      <object_component id="oc-117">
         <name>.text:_strtoul</name>
         <load_address>0x56e0</load_address>
         <run_address>0x56e0</run_address>
         <size>0x520</size>
         <input_file_ref idref="fl-ae"/>
      </object_component>
      <object_component id="oc-f8">
         <name>.text:_fputs</name>
         <load_address>0x5c00</load_address>
         <run_address>0x5c00</run_address>
         <size>0x4c0</size>
         <input_file_ref idref="fl-9c"/>
      </object_component>
      <object_component id="oc-118">
         <name>.text:_strtoull</name>
         <load_address>0x60c0</load_address>
         <run_address>0x60c0</run_address>
         <size>0x4a0</size>
         <input_file_ref idref="fl-af"/>
      </object_component>
      <object_component id="oc-138">
         <name>.text:_fcvt</name>
         <load_address>0x6560</load_address>
         <run_address>0x6560</run_address>
         <size>0x420</size>
         <input_file_ref idref="fl-8d"/>
      </object_component>
      <object_component id="oc-10c">
         <name>.text:__pproc_fge</name>
         <load_address>0x6980</load_address>
         <run_address>0x6980</run_address>
         <size>0x400</size>
         <input_file_ref idref="fl-8d"/>
      </object_component>
      <object_component id="oc-135">
         <name>.text:_ecvt</name>
         <load_address>0x6d80</load_address>
         <run_address>0x6d80</run_address>
         <size>0x400</size>
         <input_file_ref idref="fl-8d"/>
      </object_component>
      <object_component id="oc-102">
         <name>.text:__sget_conv</name>
         <load_address>0x7180</load_address>
         <run_address>0x7180</run_address>
         <size>0x3a0</size>
         <input_file_ref idref="fl-8e"/>
      </object_component>
      <object_component id="oc-12b">
         <name>.text:__divull</name>
         <load_address>0x7520</load_address>
         <run_address>0x7520</run_address>
         <size>0x380</size>
         <input_file_ref idref="fl-9f"/>
      </object_component>
      <object_component id="oc-103">
         <name>.text:__sproc_float</name>
         <load_address>0x78a0</load_address>
         <run_address>0x78a0</run_address>
         <size>0x380</size>
         <input_file_ref idref="fl-8e"/>
      </object_component>
      <object_component id="oc-126">
         <name>.text:_free</name>
         <load_address>0x7c20</load_address>
         <run_address>0x7c20</run_address>
         <size>0x380</size>
         <input_file_ref idref="fl-88"/>
      </object_component>
      <object_component id="oc-122">
         <name>.text:__pconv_e</name>
         <load_address>0x7fa0</load_address>
         <run_address>0x7fa0</run_address>
         <size>0x360</size>
         <input_file_ref idref="fl-8d"/>
      </object_component>
      <object_component id="oc-fb">
         <name>.text:__pproc_fwp</name>
         <load_address>0x8300</load_address>
         <run_address>0x8300</run_address>
         <size>0x360</size>
         <input_file_ref idref="fl-8d"/>
      </object_component>
      <object_component id="oc-10d">
         <name>.text:__pproc_diouxp</name>
         <load_address>0x8660</load_address>
         <run_address>0x8660</run_address>
         <size>0x300</size>
         <input_file_ref idref="fl-8d"/>
      </object_component>
      <object_component id="oc-fd">
         <name>.text:__pproc_str</name>
         <load_address>0x8960</load_address>
         <run_address>0x8960</run_address>
         <size>0x2c0</size>
         <input_file_ref idref="fl-8d"/>
      </object_component>
      <object_component id="oc-10f">
         <name>.text:_setvbuf</name>
         <load_address>0x8c20</load_address>
         <run_address>0x8c20</run_address>
         <size>0x2c0</size>
         <input_file_ref idref="fl-a9"/>
      </object_component>
      <object_component id="oc-120">
         <name>.text:__pconv_g</name>
         <load_address>0x8ee0</load_address>
         <run_address>0x8ee0</run_address>
         <size>0x2a0</size>
         <input_file_ref idref="fl-8d"/>
      </object_component>
      <object_component id="oc-f9">
         <name>.text:_fputc</name>
         <load_address>0x9180</load_address>
         <run_address>0x9180</run_address>
         <size>0x2a0</size>
         <input_file_ref idref="fl-9b"/>
      </object_component>
      <object_component id="oc-129">
         <name>.text:__divul</name>
         <load_address>0x9420</load_address>
         <run_address>0x9420</run_address>
         <size>0x260</size>
         <input_file_ref idref="fl-9e"/>
      </object_component>
      <object_component id="oc-dc">
         <name>.text</name>
         <load_address>0x9680</load_address>
         <run_address>0x9680</run_address>
         <size>0x260</size>
         <input_file_ref idref="fl-8"/>
      </object_component>
      <object_component id="oc-137">
         <name>.text:__mcpy</name>
         <load_address>0x98e0</load_address>
         <run_address>0x98e0</run_address>
         <size>0x240</size>
         <input_file_ref idref="fl-8d"/>
      </object_component>
      <object_component id="oc-127">
         <name>.text:_malloc</name>
         <load_address>0x9b20</load_address>
         <run_address>0x9b20</run_address>
         <size>0x240</size>
         <input_file_ref idref="fl-88"/>
      </object_component>
      <object_component id="oc-e6">
         <name>.text:_memcpy</name>
         <load_address>0x9d60</load_address>
         <run_address>0x9d60</run_address>
         <size>0x240</size>
         <input_file_ref idref="fl-a5"/>
      </object_component>
      <object_component id="oc-e4">
         <name>.text:_HOSTrename</name>
         <load_address>0x9fa0</load_address>
         <run_address>0x9fa0</run_address>
         <size>0x220</size>
         <input_file_ref idref="fl-b0"/>
      </object_component>
      <object_component id="oc-105">
         <name>.text:__sproc_str</name>
         <load_address>0xa1c0</load_address>
         <run_address>0xa1c0</run_address>
         <size>0x220</size>
         <input_file_ref idref="fl-8e"/>
      </object_component>
      <object_component id="oc-f5">
         <name>.text:__chkmbc</name>
         <load_address>0xa3e0</load_address>
         <run_address>0xa3e0</run_address>
         <size>0x200</size>
         <input_file_ref idref="fl-87"/>
      </object_component>
      <object_component id="oc-106">
         <name>.text:__sproc_lb</name>
         <load_address>0xa5e0</load_address>
         <run_address>0xa5e0</run_address>
         <size>0x1e0</size>
         <input_file_ref idref="fl-8e"/>
      </object_component>
      <object_component id="oc-14b">
         <name>.text:_getdevice</name>
         <load_address>0xa7c0</load_address>
         <run_address>0xa7c0</run_address>
         <size>0x1e0</size>
         <input_file_ref idref="fl-a2"/>
      </object_component>
      <object_component id="oc-11d">
         <name>.text:_fseek</name>
         <load_address>0xa9a0</load_address>
         <run_address>0xa9a0</run_address>
         <size>0x1c0</size>
         <input_file_ref idref="fl-b9"/>
      </object_component>
      <object_component id="oc-125">
         <name>.text:__ltostr</name>
         <load_address>0xab60</load_address>
         <run_address>0xab60</run_address>
         <size>0x1a0</size>
         <input_file_ref idref="fl-8d"/>
      </object_component>
      <object_component id="oc-fa">
         <name>.text:__pproc_fflags</name>
         <load_address>0xad00</load_address>
         <run_address>0xad00</run_address>
         <size>0x1a0</size>
         <input_file_ref idref="fl-8d"/>
      </object_component>
      <object_component id="oc-100">
         <name>.text:_fgetc</name>
         <load_address>0xaea0</load_address>
         <run_address>0xaea0</run_address>
         <size>0x180</size>
         <input_file_ref idref="fl-98"/>
      </object_component>
      <object_component id="oc-e2">
         <name>.text:_HOSTlseek</name>
         <load_address>0xb020</load_address>
         <run_address>0xb020</run_address>
         <size>0x160</size>
         <input_file_ref idref="fl-b0"/>
      </object_component>
      <object_component id="oc-111">
         <name>.text:__buff_read</name>
         <load_address>0xb180</load_address>
         <run_address>0xb180</run_address>
         <size>0x160</size>
         <input_file_ref idref="fl-b2"/>
      </object_component>
      <object_component id="oc-13d">
         <name>.text:__closefile</name>
         <load_address>0xb2e0</load_address>
         <run_address>0xb2e0</run_address>
         <size>0x160</size>
         <input_file_ref idref="fl-ba"/>
      </object_component>
      <object_component id="oc-113">
         <name>.text:__sget_scanset</name>
         <load_address>0xb440</load_address>
         <run_address>0xb440</run_address>
         <size>0x160</size>
         <input_file_ref idref="fl-8e"/>
      </object_component>
      <object_component id="oc-fe">
         <name>.text:_ungetc</name>
         <load_address>0xb5a0</load_address>
         <run_address>0xb5a0</run_address>
         <size>0x160</size>
         <input_file_ref idref="fl-8b"/>
      </object_component>
      <object_component id="oc-e0">
         <name>.text:_HOSTread</name>
         <load_address>0xb700</load_address>
         <run_address>0xb700</run_address>
         <size>0x140</size>
         <input_file_ref idref="fl-b0"/>
      </object_component>
      <object_component id="oc-141">
         <name>.text:__frcmpyd_div</name>
         <load_address>0xb840</load_address>
         <run_address>0xb840</run_address>
         <size>0x140</size>
         <input_file_ref idref="fl-9d"/>
      </object_component>
      <object_component id="oc-10b">
         <name>.text:_atoi</name>
         <load_address>0xb980</load_address>
         <run_address>0xb980</run_address>
         <size>0x140</size>
         <input_file_ref idref="fl-90"/>
      </object_component>
      <object_component id="oc-143">
         <name>.text:_ltoa</name>
         <load_address>0xbac0</load_address>
         <run_address>0xbac0</run_address>
         <size>0x140</size>
         <input_file_ref idref="fl-a3"/>
      </object_component>
      <object_component id="oc-e8">
         <name>.text</name>
         <load_address>0xbc00</load_address>
         <run_address>0xbc00</run_address>
         <size>0x140</size>
         <input_file_ref idref="fl-4"/>
      </object_component>
      <object_component id="oc-de">
         <name>.text:_HOSTopen</name>
         <load_address>0xbd40</load_address>
         <run_address>0xbd40</run_address>
         <size>0x120</size>
         <input_file_ref idref="fl-b0"/>
      </object_component>
      <object_component id="oc-e1">
         <name>.text:_HOSTwrite</name>
         <load_address>0xbe60</load_address>
         <run_address>0xbe60</run_address>
         <size>0x120</size>
         <input_file_ref idref="fl-b0"/>
      </object_component>
      <object_component id="oc-12d">
         <name>.text:__divi</name>
         <load_address>0xbf80</load_address>
         <run_address>0xbf80</run_address>
         <size>0x120</size>
         <input_file_ref idref="fl-b5"/>
      </object_component>
      <object_component id="oc-108">
         <name>.text:__wrt_ok</name>
         <load_address>0xc0a0</load_address>
         <run_address>0xc0a0</run_address>
         <size>0x120</size>
         <input_file_ref idref="fl-b3"/>
      </object_component>
      <object_component id="oc-146">
         <name>.text:_close</name>
         <load_address>0xc1c0</load_address>
         <run_address>0xc1c0</run_address>
         <size>0x120</size>
         <input_file_ref idref="fl-a2"/>
      </object_component>
      <object_component id="oc-101">
         <name>.text:_memset</name>
         <load_address>0xc2e0</load_address>
         <run_address>0xc2e0</run_address>
         <size>0x120</size>
         <input_file_ref idref="fl-a6"/>
      </object_component>
      <object_component id="oc-df">
         <name>.text:_HOSTclose</name>
         <load_address>0xc400</load_address>
         <run_address>0xc400</run_address>
         <size>0x100</size>
         <input_file_ref idref="fl-b0"/>
      </object_component>
      <object_component id="oc-e3">
         <name>.text:_HOSTunlink</name>
         <load_address>0xc500</load_address>
         <run_address>0xc500</run_address>
         <size>0x100</size>
         <input_file_ref idref="fl-b0"/>
      </object_component>
      <object_component id="oc-d9">
         <name>.text:__auto_init</name>
         <load_address>0xc600</load_address>
         <run_address>0xc600</run_address>
         <size>0x100</size>
         <input_file_ref idref="fl-91"/>
      </object_component>
      <object_component id="oc-13a">
         <name>.text:__div</name>
         <load_address>0xc700</load_address>
         <run_address>0xc700</run_address>
         <size>0x100</size>
         <input_file_ref idref="fl-8d"/>
      </object_component>
      <object_component id="oc-149">
         <name>.text:__divli</name>
         <load_address>0xc800</load_address>
         <run_address>0xc800</run_address>
         <size>0x100</size>
         <input_file_ref idref="fl-9e"/>
      </object_component>
      <object_component id="oc-121">
         <name>.text:__pconv_f</name>
         <load_address>0xc900</load_address>
         <run_address>0xc900</run_address>
         <size>0x100</size>
         <input_file_ref idref="fl-8d"/>
      </object_component>
      <object_component id="oc-134">
         <name>.text:_lseek</name>
         <load_address>0xca00</load_address>
         <run_address>0xca00</run_address>
         <size>0x100</size>
         <input_file_ref idref="fl-a2"/>
      </object_component>
      <object_component id="oc-ee">
         <name>.text:_printf</name>
         <load_address>0xcb00</load_address>
         <run_address>0xcb00</run_address>
         <size>0x100</size>
         <input_file_ref idref="fl-89"/>
      </object_component>
      <object_component id="oc-112">
         <name>.text:_read</name>
         <load_address>0xcc00</load_address>
         <run_address>0xcc00</run_address>
         <size>0x100</size>
         <input_file_ref idref="fl-a2"/>
      </object_component>
      <object_component id="oc-ef">
         <name>.text:_scanf</name>
         <load_address>0xcd00</load_address>
         <run_address>0xcd00</run_address>
         <size>0x100</size>
         <input_file_ref idref="fl-87"/>
      </object_component>
      <object_component id="oc-ea">
         <name>.text:_strncpy</name>
         <load_address>0xce00</load_address>
         <run_address>0xce00</run_address>
         <size>0x100</size>
         <input_file_ref idref="fl-8a"/>
      </object_component>
      <object_component id="oc-10a">
         <name>.text:_write</name>
         <load_address>0xcf00</load_address>
         <run_address>0xcf00</run_address>
         <size>0x100</size>
         <input_file_ref idref="fl-a2"/>
      </object_component>
      <object_component id="oc-128">
         <name>.text:__cleanup</name>
         <load_address>0xd000</load_address>
         <run_address>0xd000</run_address>
         <size>0xe0</size>
         <input_file_ref idref="fl-b8"/>
      </object_component>
      <object_component id="oc-109">
         <name>.text:__doflush</name>
         <load_address>0xd0e0</load_address>
         <run_address>0xd0e0</run_address>
         <size>0xe0</size>
         <input_file_ref idref="fl-b7"/>
      </object_component>
      <object_component id="oc-136">
         <name>.text:__ecpy</name>
         <load_address>0xd1c0</load_address>
         <run_address>0xd1c0</run_address>
         <size>0xe0</size>
         <input_file_ref idref="fl-8d"/>
      </object_component>
      <object_component id="oc-139">
         <name>.text:__fcpy</name>
         <load_address>0xd2a0</load_address>
         <run_address>0xd2a0</run_address>
         <size>0xe0</size>
         <input_file_ref idref="fl-8d"/>
      </object_component>
      <object_component id="oc-110">
         <name>.text:__rd_ok</name>
         <load_address>0xd380</load_address>
         <run_address>0xd380</run_address>
         <size>0xe0</size>
         <input_file_ref idref="fl-b3"/>
      </object_component>
      <object_component id="oc-db">
         <name>.text:_exit</name>
         <load_address>0xd460</load_address>
         <run_address>0xd460</run_address>
         <size>0xe0</size>
         <input_file_ref idref="fl-86"/>
      </object_component>
      <object_component id="oc-13c">
         <name>.text:_minsert</name>
         <load_address>0xd540</load_address>
         <run_address>0xd540</run_address>
         <size>0xe0</size>
         <input_file_ref idref="fl-88"/>
      </object_component>
      <object_component id="oc-13b">
         <name>.text:_mremove</name>
         <load_address>0xd620</load_address>
         <run_address>0xd620</run_address>
         <size>0xe0</size>
         <input_file_ref idref="fl-88"/>
      </object_component>
      <object_component id="oc-145">
         <name>.text:__divu</name>
         <load_address>0xd700</load_address>
         <run_address>0xd700</run_address>
         <size>0xc0</size>
         <input_file_ref idref="fl-97"/>
      </object_component>
      <object_component id="oc-e5">
         <name>.text:_copy_in</name>
         <load_address>0xd7c0</load_address>
         <run_address>0xd7c0</run_address>
         <size>0xc0</size>
         <input_file_ref idref="fl-93"/>
      </object_component>
      <object_component id="oc-14c">
         <name>.text:_finddevice</name>
         <load_address>0xd880</load_address>
         <run_address>0xd880</run_address>
         <size>0xc0</size>
         <input_file_ref idref="fl-a2"/>
      </object_component>
      <object_component id="oc-3">
         <name>.text</name>
         <load_address>0xd940</load_address>
         <run_address>0xd940</run_address>
         <size>0xc0</size>
         <input_file_ref idref="fl-2"/>
      </object_component>
      <object_component id="oc-142">
         <name>.text:__fixdli</name>
         <load_address>0xda00</load_address>
         <run_address>0xda00</run_address>
         <size>0xa0</size>
         <input_file_ref idref="fl-99"/>
      </object_component>
      <object_component id="oc-12a">
         <name>.text:__mpyll</name>
         <load_address>0xdaa0</load_address>
         <run_address>0xdaa0</run_address>
         <size>0xa0</size>
         <input_file_ref idref="fl-a7"/>
      </object_component>
      <object_component id="oc-148">
         <name>.text:__remli</name>
         <load_address>0xdb40</load_address>
         <run_address>0xdb40</run_address>
         <size>0xa0</size>
         <input_file_ref idref="fl-9e"/>
      </object_component>
      <object_component id="oc-132">
         <name>.text:__remul</name>
         <load_address>0xdbe0</load_address>
         <run_address>0xdbe0</run_address>
         <size>0xa0</size>
         <input_file_ref idref="fl-9e"/>
      </object_component>
      <object_component id="oc-133">
         <name>.text:__remull</name>
         <load_address>0xdc80</load_address>
         <run_address>0xdc80</run_address>
         <size>0xa0</size>
         <input_file_ref idref="fl-9f"/>
      </object_component>
      <object_component id="oc-ed">
         <name>.text:_readmsg</name>
         <load_address>0xdd20</load_address>
         <run_address>0xdd20</run_address>
         <size>0xa0</size>
         <input_file_ref idref="fl-b1"/>
      </object_component>
      <object_component id="oc-14a">
         <name>.text:_unlink</name>
         <load_address>0xddc0</load_address>
         <run_address>0xddc0</run_address>
         <size>0xa0</size>
         <input_file_ref idref="fl-a2"/>
      </object_component>
      <object_component id="oc-ec">
         <name>.text:_writemsg</name>
         <load_address>0xde60</load_address>
         <run_address>0xde60</run_address>
         <size>0xa0</size>
         <input_file_ref idref="fl-b1"/>
      </object_component>
      <object_component id="oc-e7">
         <name>.text:___TI_cpp_init</name>
         <load_address>0xdf00</load_address>
         <run_address>0xdf00</run_address>
         <size>0x80</size>
         <input_file_ref idref="fl-92"/>
      </object_component>
      <object_component id="oc-144">
         <name>.text:__fltlid</name>
         <load_address>0xdf80</load_address>
         <run_address>0xdf80</run_address>
         <size>0x80</size>
         <input_file_ref idref="fl-9a"/>
      </object_component>
      <object_component id="oc-13e">
         <name>.text:__llshl</name>
         <load_address>0xe000</load_address>
         <run_address>0xe000</run_address>
         <size>0x80</size>
         <input_file_ref idref="fl-a1"/>
      </object_component>
      <object_component id="oc-2">
         <name>.text:_c_int00</name>
         <load_address>0xe080</load_address>
         <run_address>0xe080</run_address>
         <size>0x80</size>
         <input_file_ref idref="fl-85"/>
      </object_component>
      <object_component id="oc-10e">
         <name>.text:_memccpy</name>
         <load_address>0xe100</load_address>
         <run_address>0xe100</run_address>
         <size>0x80</size>
         <input_file_ref idref="fl-a4"/>
      </object_component>
      <object_component id="oc-f0">
         <name>.text</name>
         <load_address>0xe180</load_address>
         <run_address>0xe180</run_address>
         <size>0x80</size>
         <input_file_ref idref="fl-6"/>
      </object_component>
      <object_component id="oc-11f">
         <name>.text:___isinf</name>
         <load_address>0xe200</load_address>
         <run_address>0xe200</run_address>
         <size>0x60</size>
         <input_file_ref idref="fl-a0"/>
      </object_component>
      <object_component id="oc-140">
         <name>.text:__llshru</name>
         <load_address>0xe260</load_address>
         <run_address>0xe260</run_address>
         <size>0x60</size>
         <input_file_ref idref="fl-a1"/>
      </object_component>
      <object_component id="oc-13f">
         <name>.text:__subcull</name>
         <load_address>0xe2c0</load_address>
         <run_address>0xe2c0</run_address>
         <size>0x60</size>
         <input_file_ref idref="fl-9f"/>
      </object_component>
      <object_component id="oc-11e">
         <name>.text:___isnan</name>
         <load_address>0xe320</load_address>
         <run_address>0xe320</run_address>
         <size>0x40</size>
         <input_file_ref idref="fl-8d"/>
      </object_component>
      <object_component id="oc-da">
         <name>.text:__args_main</name>
         <load_address>0xe360</load_address>
         <run_address>0xe360</run_address>
         <size>0x40</size>
         <input_file_ref idref="fl-8f"/>
      </object_component>
      <object_component id="oc-f6">
         <name>.text:__inpchar</name>
         <load_address>0xe3a0</load_address>
         <run_address>0xe3a0</run_address>
         <size>0x20</size>
         <input_file_ref idref="fl-87"/>
      </object_component>
      <object_component id="oc-124">
         <name>.text:__negll</name>
         <load_address>0xe3c0</load_address>
         <run_address>0xe3c0</run_address>
         <size>0x20</size>
         <input_file_ref idref="fl-a8"/>
      </object_component>
      <object_component id="oc-dd">
         <name>.text:__nop</name>
         <load_address>0xe3e0</load_address>
         <run_address>0xe3e0</run_address>
         <size>0x20</size>
         <input_file_ref idref="fl-8c"/>
      </object_component>
      <object_component id="oc-f2">
         <name>.text:__outc</name>
         <load_address>0xe400</load_address>
         <run_address>0xe400</run_address>
         <size>0x20</size>
         <input_file_ref idref="fl-89"/>
      </object_component>
      <object_component id="oc-f1">
         <name>.text:__outs</name>
         <load_address>0xe420</load_address>
         <run_address>0xe420</run_address>
         <size>0x20</size>
         <input_file_ref idref="fl-89"/>
      </object_component>
      <object_component id="oc-f4">
         <name>.text:__uninpchar</name>
         <load_address>0xe440</load_address>
         <run_address>0xe440</run_address>
         <size>0x20</size>
         <input_file_ref idref="fl-87"/>
      </object_component>
      <object_component id="oc-e9">
         <name>.text:_abort</name>
         <load_address>0xe460</load_address>
         <run_address>0xe460</run_address>
         <size>0x20</size>
         <input_file_ref idref="fl-86"/>
      </object_component>
      <object_component id="oc-147">
         <name>.text:_remove</name>
         <load_address>0xe480</load_address>
         <run_address>0xe480</run_address>
         <size>0x20</size>
         <input_file_ref idref="fl-bb"/>
      </object_component>
      <object_component id="oc-1a">
         <name>.const:.string</name>
         <load_address>0x104a0</load_address>
         <run_address>0x104a0</run_address>
         <size>0x2c8</size>
         <input_file_ref idref="fl-7"/>
      </object_component>
      <object_component id="oc-ff">
         <name>.const:.string:__ctypes_</name>
         <load_address>0x10768</load_address>
         <run_address>0x10768</run_address>
         <size>0x101</size>
         <input_file_ref idref="fl-94"/>
      </object_component>
      <object_component id="oc-72">
         <name>.const:.string</name>
         <load_address>0x10869</load_address>
         <run_address>0x10869</run_address>
         <size>0x2</size>
         <input_file_ref idref="fl-9c"/>
      </object_component>
      <object_component id="oc-1f">
         <name>.const:.string</name>
         <load_address>0x1086c</load_address>
         <run_address>0x1086c</run_address>
         <size>0xe8</size>
         <input_file_ref idref="fl-8"/>
      </object_component>
      <object_component id="oc-a">
         <name>.const:.string</name>
         <load_address>0x10954</load_address>
         <run_address>0x10954</run_address>
         <size>0xc8</size>
         <input_file_ref idref="fl-4"/>
      </object_component>
      <object_component id="oc-13">
         <name>.const:.string</name>
         <load_address>0x10a1c</load_address>
         <run_address>0x10a1c</run_address>
         <size>0x70</size>
         <input_file_ref idref="fl-6"/>
      </object_component>
      <object_component id="oc-12c">
         <name>.const:_digits</name>
         <load_address>0x10a90</load_address>
         <run_address>0x10a90</run_address>
         <size>0x50</size>
         <input_file_ref idref="fl-aa"/>
      </object_component>
      <object_component id="oc-130">
         <name>.const:_digits</name>
         <load_address>0x10ae0</load_address>
         <run_address>0x10ae0</run_address>
         <size>0x50</size>
         <input_file_ref idref="fl-ac"/>
      </object_component>
      <object_component id="oc-12e">
         <name>.const:_powerof10</name>
         <load_address>0x10b30</load_address>
         <run_address>0x10b30</run_address>
         <size>0x48</size>
         <input_file_ref idref="fl-aa"/>
      </object_component>
      <object_component id="oc-131">
         <name>.const:_powerof10</name>
         <load_address>0x10b78</load_address>
         <run_address>0x10b78</run_address>
         <size>0x48</size>
         <input_file_ref idref="fl-ac"/>
      </object_component>
      <object_component id="oc-44">
         <name>.const:.string</name>
         <load_address>0x10bc0</load_address>
         <run_address>0x10bc0</run_address>
         <size>0x23</size>
         <input_file_ref idref="fl-8d"/>
      </object_component>
      <object_component id="oc-114">
         <name>.const:.string:_flit$1</name>
         <load_address>0x10be4</load_address>
         <run_address>0x10be4</run_address>
         <size>0x7</size>
         <input_file_ref idref="fl-8e"/>
      </object_component>
      <object_component id="oc-115">
         <name>.const:.string:_barr$2</name>
         <load_address>0x10bec</load_address>
         <run_address>0x10bec</run_address>
         <size>0x6</size>
         <input_file_ref idref="fl-8e"/>
      </object_component>
      <object_component id="oc-5c">
         <name>.cinit</name>
         <load_address>0x111d8</load_address>
         <run_address>0x111d8</run_address>
         <size>0x5c</size>
         <input_file_ref idref="fl-95"/>
      </object_component>
      <object_component id="oc-85">
         <name>.cinit</name>
         <load_address>0x11238</load_address>
         <run_address>0x11238</run_address>
         <size>0x5c</size>
         <input_file_ref idref="fl-a2"/>
      </object_component>
      <object_component id="oc-18">
         <name>.cinit</name>
         <load_address>0x11298</load_address>
         <run_address>0x11298</run_address>
         <size>0x4c</size>
         <input_file_ref idref="fl-7"/>
      </object_component>
      <object_component id="oc-28">
         <name>.cinit</name>
         <load_address>0x112e8</load_address>
         <run_address>0x112e8</run_address>
         <size>0x2c</size>
         <input_file_ref idref="fl-86"/>
      </object_component>
      <object_component id="oc-30">
         <name>.cinit</name>
         <load_address>0x11318</load_address>
         <run_address>0x11318</run_address>
         <size>0x2c</size>
         <input_file_ref idref="fl-88"/>
      </object_component>
      <object_component id="oc-3f">
         <name>.cinit</name>
         <load_address>0x11348</load_address>
         <run_address>0x11348</run_address>
         <size>0x1c</size>
         <input_file_ref idref="fl-8c"/>
      </object_component>
      <object_component id="oc-c5">
         <name>.cinit</name>
         <load_address>0x11368</load_address>
         <run_address>0x11368</run_address>
         <size>0xc</size>
         <input_file_ref idref="fl-b6"/>
      </object_component>
      <object_component id="oc-cc">
         <name>.cinit</name>
         <load_address>0x11378</load_address>
         <run_address>0x11378</run_address>
         <size>0xc</size>
         <input_file_ref idref="fl-b8"/>
      </object_component>
      <object_component id="oc-24">
         <name>.stack</name>
         <uninitialized>true</uninitialized>
         <run_address>0xe4a0</run_address>
         <size>0x8</size>
         <input_file_ref idref="fl-85"/>
      </object_component>
      <object_component id="oc-170">
         <name>.stack</name>
         <uninitialized>true</uninitialized>
         <run_address>0xe4a0</run_address>
         <size>0x0</size>
      </object_component>
      <object_component id="oc-32">
         <name>.sysmem</name>
         <uninitialized>true</uninitialized>
         <run_address>0xf4a0</run_address>
         <size>0x8</size>
         <input_file_ref idref="fl-88"/>
      </object_component>
      <object_component id="oc-171">
         <name>.sysmem</name>
         <uninitialized>true</uninitialized>
         <run_address>0xf4a0</run_address>
         <size>0x0</size>
      </object_component>
      <object_component id="oc-19">
         <name>.far</name>
         <uninitialized>true</uninitialized>
         <run_address>0x10f1c</run_address>
         <size>0x174</size>
         <input_file_ref idref="fl-7"/>
      </object_component>
      <object_component id="oc-29">
         <name>.far</name>
         <uninitialized>true</uninitialized>
         <run_address>0x111ac</run_address>
         <size>0xc</size>
         <input_file_ref idref="fl-86"/>
      </object_component>
      <object_component id="oc-31">
         <name>.far</name>
         <uninitialized>true</uninitialized>
         <run_address>0x111c0</run_address>
         <size>0x8</size>
         <input_file_ref idref="fl-88"/>
      </object_component>
      <object_component id="oc-40">
         <name>.far</name>
         <uninitialized>true</uninitialized>
         <run_address>0x111b8</run_address>
         <size>0x8</size>
         <input_file_ref idref="fl-8c"/>
      </object_component>
      <object_component id="oc-5d">
         <name>.far</name>
         <uninitialized>true</uninitialized>
         <run_address>0x10bf8</run_address>
         <size>0x324</size>
         <input_file_ref idref="fl-95"/>
      </object_component>
      <object_component id="oc-86">
         <name>.far</name>
         <uninitialized>true</uninitialized>
         <run_address>0x11090</run_address>
         <size>0x11c</size>
         <input_file_ref idref="fl-a2"/>
      </object_component>
      <object_component id="oc-b1">
         <name>.far</name>
         <uninitialized>true</uninitialized>
         <run_address>0x111c8</run_address>
         <size>0x8</size>
         <input_file_ref idref="fl-b0"/>
      </object_component>
      <object_component id="oc-c6">
         <name>.far</name>
         <uninitialized>true</uninitialized>
         <run_address>0x111d0</run_address>
         <size>0x4</size>
         <input_file_ref idref="fl-b6"/>
      </object_component>
      <object_component id="oc-cd">
         <name>.far</name>
         <uninitialized>true</uninitialized>
         <run_address>0x111d4</run_address>
         <size>0x4</size>
         <input_file_ref idref="fl-b8"/>
      </object_component>
      <object_component id="oc-116">
         <name>.switch:__sset_arg</name>
         <load_address>0x114b0</load_address>
         <run_address>0x114b0</run_address>
         <size>0x28</size>
         <input_file_ref idref="fl-8e"/>
      </object_component>
      <object_component id="oc-b5">
         <name>.cio</name>
         <uninitialized>true</uninitialized>
         <run_address>0x11390</run_address>
         <size>0x120</size>
         <input_file_ref idref="fl-b1"/>
      </object_component>
      <object_component id="oc-4">
         <name>.debug_info</name>
         <load_address>0x0</load_address>
         <run_address>0x0</run_address>
         <size>0xd7</size>
         <input_file_ref idref="fl-2"/>
      </object_component>
      <object_component id="oc-7">
         <name>.debug_info</name>
         <load_address>0xd7</load_address>
         <run_address>0xd7</run_address>
         <size>0x5cc</size>
         <input_file_ref idref="fl-3"/>
      </object_component>
      <object_component id="oc-9">
         <name>.debug_info</name>
         <load_address>0x6a3</load_address>
         <run_address>0x6a3</run_address>
         <size>0x796</size>
         <input_file_ref idref="fl-4"/>
      </object_component>
      <object_component id="oc-e">
         <name>.debug_info</name>
         <load_address>0xe39</load_address>
         <run_address>0xe39</run_address>
         <size>0x5e8</size>
         <input_file_ref idref="fl-5"/>
      </object_component>
      <object_component id="oc-12">
         <name>.debug_info</name>
         <load_address>0x1421</load_address>
         <run_address>0x1421</run_address>
         <size>0x679</size>
         <input_file_ref idref="fl-6"/>
      </object_component>
      <object_component id="oc-17">
         <name>.debug_info</name>
         <load_address>0x1a9a</load_address>
         <run_address>0x1a9a</run_address>
         <size>0x1731</size>
         <input_file_ref idref="fl-7"/>
      </object_component>
      <object_component id="oc-1e">
         <name>.debug_info</name>
         <load_address>0x31cb</load_address>
         <run_address>0x31cb</run_address>
         <size>0x8fb</size>
         <input_file_ref idref="fl-8"/>
      </object_component>
      <object_component id="oc-23">
         <name>.debug_info</name>
         <load_address>0x3ac6</load_address>
         <run_address>0x3ac6</run_address>
         <size>0x70b</size>
         <input_file_ref idref="fl-85"/>
      </object_component>
      <object_component id="oc-27">
         <name>.debug_info</name>
         <load_address>0x41d1</load_address>
         <run_address>0x41d1</run_address>
         <size>0x7ff</size>
         <input_file_ref idref="fl-86"/>
      </object_component>
      <object_component id="oc-2c">
         <name>.debug_info</name>
         <load_address>0x49d0</load_address>
         <run_address>0x49d0</run_address>
         <size>0xc0c</size>
         <input_file_ref idref="fl-87"/>
      </object_component>
      <object_component id="oc-2f">
         <name>.debug_info</name>
         <load_address>0x55dc</load_address>
         <run_address>0x55dc</run_address>
         <size>0xb47</size>
         <input_file_ref idref="fl-88"/>
      </object_component>
      <object_component id="oc-35">
         <name>.debug_info</name>
         <load_address>0x6123</load_address>
         <run_address>0x6123</run_address>
         <size>0x902</size>
         <input_file_ref idref="fl-89"/>
      </object_component>
      <object_component id="oc-38">
         <name>.debug_info</name>
         <load_address>0x6a25</load_address>
         <run_address>0x6a25</run_address>
         <size>0x801</size>
         <input_file_ref idref="fl-8a"/>
      </object_component>
      <object_component id="oc-3b">
         <name>.debug_info</name>
         <load_address>0x7226</load_address>
         <run_address>0x7226</run_address>
         <size>0x771</size>
         <input_file_ref idref="fl-8b"/>
      </object_component>
      <object_component id="oc-3e">
         <name>.debug_info</name>
         <load_address>0x7997</load_address>
         <run_address>0x7997</run_address>
         <size>0x64c</size>
         <input_file_ref idref="fl-8c"/>
      </object_component>
      <object_component id="oc-43">
         <name>.debug_info</name>
         <load_address>0x7fe3</load_address>
         <run_address>0x7fe3</run_address>
         <size>0x2bda</size>
         <input_file_ref idref="fl-8d"/>
      </object_component>
      <object_component id="oc-47">
         <name>.debug_info</name>
         <load_address>0xabbd</load_address>
         <run_address>0xabbd</run_address>
         <size>0x1ebc</size>
         <input_file_ref idref="fl-8e"/>
      </object_component>
      <object_component id="oc-4a">
         <name>.debug_info</name>
         <load_address>0xca79</load_address>
         <run_address>0xca79</run_address>
         <size>0x6e1</size>
         <input_file_ref idref="fl-8f"/>
      </object_component>
      <object_component id="oc-4d">
         <name>.debug_info</name>
         <load_address>0xd15a</load_address>
         <run_address>0xd15a</run_address>
         <size>0x722</size>
         <input_file_ref idref="fl-90"/>
      </object_component>
      <object_component id="oc-50">
         <name>.debug_info</name>
         <load_address>0xd87c</load_address>
         <run_address>0xd87c</run_address>
         <size>0x871</size>
         <input_file_ref idref="fl-91"/>
      </object_component>
      <object_component id="oc-53">
         <name>.debug_info</name>
         <load_address>0xe0ed</load_address>
         <run_address>0xe0ed</run_address>
         <size>0x6e9</size>
         <input_file_ref idref="fl-92"/>
      </object_component>
      <object_component id="oc-56">
         <name>.debug_info</name>
         <load_address>0xe7d6</load_address>
         <run_address>0xe7d6</run_address>
         <size>0x7df</size>
         <input_file_ref idref="fl-93"/>
      </object_component>
      <object_component id="oc-59">
         <name>.debug_info</name>
         <load_address>0xefb5</load_address>
         <run_address>0xefb5</run_address>
         <size>0x5fa</size>
         <input_file_ref idref="fl-94"/>
      </object_component>
      <object_component id="oc-5b">
         <name>.debug_info</name>
         <load_address>0xf5af</load_address>
         <run_address>0xf5af</run_address>
         <size>0x6e7</size>
         <input_file_ref idref="fl-95"/>
      </object_component>
      <object_component id="oc-5f">
         <name>.debug_info</name>
         <load_address>0xfc96</load_address>
         <run_address>0xfc96</run_address>
         <size>0x982</size>
         <input_file_ref idref="fl-96"/>
      </object_component>
      <object_component id="oc-62">
         <name>.debug_info</name>
         <load_address>0x10618</load_address>
         <run_address>0x10618</run_address>
         <size>0xd0</size>
         <input_file_ref idref="fl-97"/>
      </object_component>
      <object_component id="oc-65">
         <name>.debug_info</name>
         <load_address>0x106e8</load_address>
         <run_address>0x106e8</run_address>
         <size>0x7c2</size>
         <input_file_ref idref="fl-98"/>
      </object_component>
      <object_component id="oc-68">
         <name>.debug_info</name>
         <load_address>0x10eaa</load_address>
         <run_address>0x10eaa</run_address>
         <size>0x691</size>
         <input_file_ref idref="fl-99"/>
      </object_component>
      <object_component id="oc-6b">
         <name>.debug_info</name>
         <load_address>0x1153b</load_address>
         <run_address>0x1153b</run_address>
         <size>0x6aa</size>
         <input_file_ref idref="fl-9a"/>
      </object_component>
      <object_component id="oc-6e">
         <name>.debug_info</name>
         <load_address>0x11be5</load_address>
         <run_address>0x11be5</run_address>
         <size>0x82a</size>
         <input_file_ref idref="fl-9b"/>
      </object_component>
      <object_component id="oc-71">
         <name>.debug_info</name>
         <load_address>0x1240f</load_address>
         <run_address>0x1240f</run_address>
         <size>0xb90</size>
         <input_file_ref idref="fl-9c"/>
      </object_component>
      <object_component id="oc-75">
         <name>.debug_info</name>
         <load_address>0x12f9f</load_address>
         <run_address>0x12f9f</run_address>
         <size>0x6a4</size>
         <input_file_ref idref="fl-9d"/>
      </object_component>
      <object_component id="oc-78">
         <name>.debug_info</name>
         <load_address>0x13643</load_address>
         <run_address>0x13643</run_address>
         <size>0x82f</size>
         <input_file_ref idref="fl-9e"/>
      </object_component>
      <object_component id="oc-7b">
         <name>.debug_info</name>
         <load_address>0x13e72</load_address>
         <run_address>0x13e72</run_address>
         <size>0x83b</size>
         <input_file_ref idref="fl-9f"/>
      </object_component>
      <object_component id="oc-7e">
         <name>.debug_info</name>
         <load_address>0x146ad</load_address>
         <run_address>0x146ad</run_address>
         <size>0x816</size>
         <input_file_ref idref="fl-a0"/>
      </object_component>
      <object_component id="oc-81">
         <name>.debug_info</name>
         <load_address>0x14ec3</load_address>
         <run_address>0x14ec3</run_address>
         <size>0x701</size>
         <input_file_ref idref="fl-a1"/>
      </object_component>
      <object_component id="oc-84">
         <name>.debug_info</name>
         <load_address>0x155c4</load_address>
         <run_address>0x155c4</run_address>
         <size>0x1000</size>
         <input_file_ref idref="fl-a2"/>
      </object_component>
      <object_component id="oc-89">
         <name>.debug_info</name>
         <load_address>0x165c4</load_address>
         <run_address>0x165c4</run_address>
         <size>0x748</size>
         <input_file_ref idref="fl-a3"/>
      </object_component>
      <object_component id="oc-8c">
         <name>.debug_info</name>
         <load_address>0x16d0c</load_address>
         <run_address>0x16d0c</run_address>
         <size>0x6ec</size>
         <input_file_ref idref="fl-a4"/>
      </object_component>
      <object_component id="oc-8f">
         <name>.debug_info</name>
         <load_address>0x173f8</load_address>
         <run_address>0x173f8</run_address>
         <size>0x792</size>
         <input_file_ref idref="fl-a5"/>
      </object_component>
      <object_component id="oc-92">
         <name>.debug_info</name>
         <load_address>0x17b8a</load_address>
         <run_address>0x17b8a</run_address>
         <size>0x730</size>
         <input_file_ref idref="fl-a6"/>
      </object_component>
      <object_component id="oc-95">
         <name>.debug_info</name>
         <load_address>0x182ba</load_address>
         <run_address>0x182ba</run_address>
         <size>0x6b7</size>
         <input_file_ref idref="fl-a7"/>
      </object_component>
      <object_component id="oc-98">
         <name>.debug_info</name>
         <load_address>0x18971</load_address>
         <run_address>0x18971</run_address>
         <size>0x618</size>
         <input_file_ref idref="fl-a8"/>
      </object_component>
      <object_component id="oc-9b">
         <name>.debug_info</name>
         <load_address>0x18f89</load_address>
         <run_address>0x18f89</run_address>
         <size>0x813</size>
         <input_file_ref idref="fl-a9"/>
      </object_component>
      <object_component id="oc-9e">
         <name>.debug_info</name>
         <load_address>0x1979c</load_address>
         <run_address>0x1979c</run_address>
         <size>0x9c3</size>
         <input_file_ref idref="fl-aa"/>
      </object_component>
      <object_component id="oc-a1">
         <name>.debug_info</name>
         <load_address>0x1a15f</load_address>
         <run_address>0x1a15f</run_address>
         <size>0x747</size>
         <input_file_ref idref="fl-ab"/>
      </object_component>
      <object_component id="oc-a4">
         <name>.debug_info</name>
         <load_address>0x1a8a6</load_address>
         <run_address>0x1a8a6</run_address>
         <size>0x9d4</size>
         <input_file_ref idref="fl-ac"/>
      </object_component>
      <object_component id="oc-a7">
         <name>.debug_info</name>
         <load_address>0x1b27a</load_address>
         <run_address>0x1b27a</run_address>
         <size>0x773</size>
         <input_file_ref idref="fl-ad"/>
      </object_component>
      <object_component id="oc-aa">
         <name>.debug_info</name>
         <load_address>0x1b9ed</load_address>
         <run_address>0x1b9ed</run_address>
         <size>0x72c</size>
         <input_file_ref idref="fl-ae"/>
      </object_component>
      <object_component id="oc-ad">
         <name>.debug_info</name>
         <load_address>0x1c119</load_address>
         <run_address>0x1c119</run_address>
         <size>0x75e</size>
         <input_file_ref idref="fl-af"/>
      </object_component>
      <object_component id="oc-b0">
         <name>.debug_info</name>
         <load_address>0x1c877</load_address>
         <run_address>0x1c877</run_address>
         <size>0xf02</size>
         <input_file_ref idref="fl-b0"/>
      </object_component>
      <object_component id="oc-b4">
         <name>.debug_info</name>
         <load_address>0x1d779</load_address>
         <run_address>0x1d779</run_address>
         <size>0x8d1</size>
         <input_file_ref idref="fl-b1"/>
      </object_component>
      <object_component id="oc-b8">
         <name>.debug_info</name>
         <load_address>0x1e04a</load_address>
         <run_address>0x1e04a</run_address>
         <size>0x800</size>
         <input_file_ref idref="fl-b2"/>
      </object_component>
      <object_component id="oc-bb">
         <name>.debug_info</name>
         <load_address>0x1e84a</load_address>
         <run_address>0x1e84a</run_address>
         <size>0x7cd</size>
         <input_file_ref idref="fl-b3"/>
      </object_component>
      <object_component id="oc-be">
         <name>.debug_info</name>
         <load_address>0x1f017</load_address>
         <run_address>0x1f017</run_address>
         <size>0x5cc</size>
         <input_file_ref idref="fl-b4"/>
      </object_component>
      <object_component id="oc-c1">
         <name>.debug_info</name>
         <load_address>0x1f5e3</load_address>
         <run_address>0x1f5e3</run_address>
         <size>0xd0</size>
         <input_file_ref idref="fl-b5"/>
      </object_component>
      <object_component id="oc-c4">
         <name>.debug_info</name>
         <load_address>0x1f6b3</load_address>
         <run_address>0x1f6b3</run_address>
         <size>0x5e2</size>
         <input_file_ref idref="fl-b6"/>
      </object_component>
      <object_component id="oc-c8">
         <name>.debug_info</name>
         <load_address>0x1fc95</load_address>
         <run_address>0x1fc95</run_address>
         <size>0x781</size>
         <input_file_ref idref="fl-b7"/>
      </object_component>
      <object_component id="oc-cb">
         <name>.debug_info</name>
         <load_address>0x20416</load_address>
         <run_address>0x20416</run_address>
         <size>0x885</size>
         <input_file_ref idref="fl-b8"/>
      </object_component>
      <object_component id="oc-d0">
         <name>.debug_info</name>
         <load_address>0x20c9b</load_address>
         <run_address>0x20c9b</run_address>
         <size>0x7b9</size>
         <input_file_ref idref="fl-b9"/>
      </object_component>
      <object_component id="oc-d3">
         <name>.debug_info</name>
         <load_address>0x21454</load_address>
         <run_address>0x21454</run_address>
         <size>0x806</size>
         <input_file_ref idref="fl-ba"/>
      </object_component>
      <object_component id="oc-d6">
         <name>.debug_info</name>
         <load_address>0x21c5a</load_address>
         <run_address>0x21c5a</run_address>
         <size>0x664</size>
         <input_file_ref idref="fl-bb"/>
      </object_component>
      <object_component id="oc-1bb">
         <name>.debug_info</name>
         <load_address>0x222be</load_address>
         <run_address>0x222be</run_address>
         <size>0x6e</size>
      </object_component>
      <object_component id="oc-5">
         <name>.debug_line</name>
         <load_address>0x0</load_address>
         <run_address>0x0</run_address>
         <size>0x7b</size>
         <input_file_ref idref="fl-2"/>
      </object_component>
      <object_component id="oc-c">
         <name>.debug_line</name>
         <load_address>0x7b</load_address>
         <run_address>0x7b</run_address>
         <size>0x69</size>
         <input_file_ref idref="fl-4"/>
      </object_component>
      <object_component id="oc-10">
         <name>.debug_line</name>
         <load_address>0xe4</load_address>
         <run_address>0xe4</run_address>
         <size>0x37</size>
         <input_file_ref idref="fl-5"/>
      </object_component>
      <object_component id="oc-15">
         <name>.debug_line</name>
         <load_address>0x11b</load_address>
         <run_address>0x11b</run_address>
         <size>0x4a</size>
         <input_file_ref idref="fl-6"/>
      </object_component>
      <object_component id="oc-1c">
         <name>.debug_line</name>
         <load_address>0x165</load_address>
         <run_address>0x165</run_address>
         <size>0x2c4</size>
         <input_file_ref idref="fl-7"/>
      </object_component>
      <object_component id="oc-21">
         <name>.debug_line</name>
         <load_address>0x429</load_address>
         <run_address>0x429</run_address>
         <size>0x7d</size>
         <input_file_ref idref="fl-8"/>
      </object_component>
      <object_component id="oc-25">
         <name>.debug_line</name>
         <load_address>0x4a6</load_address>
         <run_address>0x4a6</run_address>
         <size>0x3d</size>
         <input_file_ref idref="fl-85"/>
      </object_component>
      <object_component id="oc-2a">
         <name>.debug_line</name>
         <load_address>0x4e3</load_address>
         <run_address>0x4e3</run_address>
         <size>0x4f</size>
         <input_file_ref idref="fl-86"/>
      </object_component>
      <object_component id="oc-2d">
         <name>.debug_line</name>
         <load_address>0x532</load_address>
         <run_address>0x532</run_address>
         <size>0x8c</size>
         <input_file_ref idref="fl-87"/>
      </object_component>
      <object_component id="oc-33">
         <name>.debug_line</name>
         <load_address>0x5be</load_address>
         <run_address>0x5be</run_address>
         <size>0xa7</size>
         <input_file_ref idref="fl-88"/>
      </object_component>
      <object_component id="oc-36">
         <name>.debug_line</name>
         <load_address>0x665</load_address>
         <run_address>0x665</run_address>
         <size>0x6a</size>
         <input_file_ref idref="fl-89"/>
      </object_component>
      <object_component id="oc-39">
         <name>.debug_line</name>
         <load_address>0x6cf</load_address>
         <run_address>0x6cf</run_address>
         <size>0x6f</size>
         <input_file_ref idref="fl-8a"/>
      </object_component>
      <object_component id="oc-3c">
         <name>.debug_line</name>
         <load_address>0x73e</load_address>
         <run_address>0x73e</run_address>
         <size>0x3d</size>
         <input_file_ref idref="fl-8b"/>
      </object_component>
      <object_component id="oc-41">
         <name>.debug_line</name>
         <load_address>0x77b</load_address>
         <run_address>0x77b</run_address>
         <size>0x36</size>
         <input_file_ref idref="fl-8c"/>
      </object_component>
      <object_component id="oc-45">
         <name>.debug_line</name>
         <load_address>0x7b1</load_address>
         <run_address>0x7b1</run_address>
         <size>0x343</size>
         <input_file_ref idref="fl-8d"/>
      </object_component>
      <object_component id="oc-48">
         <name>.debug_line</name>
         <load_address>0xaf4</load_address>
         <run_address>0xaf4</run_address>
         <size>0x19e</size>
         <input_file_ref idref="fl-8e"/>
      </object_component>
      <object_component id="oc-4b">
         <name>.debug_line</name>
         <load_address>0xc92</load_address>
         <run_address>0xc92</run_address>
         <size>0x41</size>
         <input_file_ref idref="fl-8f"/>
      </object_component>
      <object_component id="oc-4e">
         <name>.debug_line</name>
         <load_address>0xcd3</load_address>
         <run_address>0xcd3</run_address>
         <size>0x41</size>
         <input_file_ref idref="fl-90"/>
      </object_component>
      <object_component id="oc-51">
         <name>.debug_line</name>
         <load_address>0xd14</load_address>
         <run_address>0xd14</run_address>
         <size>0x47</size>
         <input_file_ref idref="fl-91"/>
      </object_component>
      <object_component id="oc-54">
         <name>.debug_line</name>
         <load_address>0xd5b</load_address>
         <run_address>0xd5b</run_address>
         <size>0x45</size>
         <input_file_ref idref="fl-92"/>
      </object_component>
      <object_component id="oc-57">
         <name>.debug_line</name>
         <load_address>0xda0</load_address>
         <run_address>0xda0</run_address>
         <size>0x44</size>
         <input_file_ref idref="fl-93"/>
      </object_component>
      <object_component id="oc-60">
         <name>.debug_line</name>
         <load_address>0xde4</load_address>
         <run_address>0xde4</run_address>
         <size>0x3c</size>
         <input_file_ref idref="fl-96"/>
      </object_component>
      <object_component id="oc-63">
         <name>.debug_line</name>
         <load_address>0xe20</load_address>
         <run_address>0xe20</run_address>
         <size>0x44</size>
         <input_file_ref idref="fl-97"/>
      </object_component>
      <object_component id="oc-66">
         <name>.debug_line</name>
         <load_address>0xe64</load_address>
         <run_address>0xe64</run_address>
         <size>0x3e</size>
         <input_file_ref idref="fl-98"/>
      </object_component>
      <object_component id="oc-69">
         <name>.debug_line</name>
         <load_address>0xea2</load_address>
         <run_address>0xea2</run_address>
         <size>0x3d</size>
         <input_file_ref idref="fl-99"/>
      </object_component>
      <object_component id="oc-6c">
         <name>.debug_line</name>
         <load_address>0xedf</load_address>
         <run_address>0xedf</run_address>
         <size>0x3d</size>
         <input_file_ref idref="fl-9a"/>
      </object_component>
      <object_component id="oc-6f">
         <name>.debug_line</name>
         <load_address>0xf1c</load_address>
         <run_address>0xf1c</run_address>
         <size>0x3f</size>
         <input_file_ref idref="fl-9b"/>
      </object_component>
      <object_component id="oc-73">
         <name>.debug_line</name>
         <load_address>0xf5b</load_address>
         <run_address>0xf5b</run_address>
         <size>0xa9</size>
         <input_file_ref idref="fl-9c"/>
      </object_component>
      <object_component id="oc-76">
         <name>.debug_line</name>
         <load_address>0x1004</load_address>
         <run_address>0x1004</run_address>
         <size>0x3e</size>
         <input_file_ref idref="fl-9d"/>
      </object_component>
      <object_component id="oc-79">
         <name>.debug_line</name>
         <load_address>0x1042</load_address>
         <run_address>0x1042</run_address>
         <size>0x89</size>
         <input_file_ref idref="fl-9e"/>
      </object_component>
      <object_component id="oc-7c">
         <name>.debug_line</name>
         <load_address>0x10cb</load_address>
         <run_address>0x10cb</run_address>
         <size>0x75</size>
         <input_file_ref idref="fl-9f"/>
      </object_component>
      <object_component id="oc-7f">
         <name>.debug_line</name>
         <load_address>0x1140</load_address>
         <run_address>0x1140</run_address>
         <size>0x38</size>
         <input_file_ref idref="fl-a0"/>
      </object_component>
      <object_component id="oc-82">
         <name>.debug_line</name>
         <load_address>0x1178</load_address>
         <run_address>0x1178</run_address>
         <size>0x56</size>
         <input_file_ref idref="fl-a1"/>
      </object_component>
      <object_component id="oc-87">
         <name>.debug_line</name>
         <load_address>0x11ce</load_address>
         <run_address>0x11ce</run_address>
         <size>0x122</size>
         <input_file_ref idref="fl-a2"/>
      </object_component>
      <object_component id="oc-8a">
         <name>.debug_line</name>
         <load_address>0x12f0</load_address>
         <run_address>0x12f0</run_address>
         <size>0x40</size>
         <input_file_ref idref="fl-a3"/>
      </object_component>
      <object_component id="oc-8d">
         <name>.debug_line</name>
         <load_address>0x1330</load_address>
         <run_address>0x1330</run_address>
         <size>0x3f</size>
         <input_file_ref idref="fl-a4"/>
      </object_component>
      <object_component id="oc-90">
         <name>.debug_line</name>
         <load_address>0x136f</load_address>
         <run_address>0x136f</run_address>
         <size>0x4e</size>
         <input_file_ref idref="fl-a5"/>
      </object_component>
      <object_component id="oc-93">
         <name>.debug_line</name>
         <load_address>0x13bd</load_address>
         <run_address>0x13bd</run_address>
         <size>0x47</size>
         <input_file_ref idref="fl-a6"/>
      </object_component>
      <object_component id="oc-96">
         <name>.debug_line</name>
         <load_address>0x1404</load_address>
         <run_address>0x1404</run_address>
         <size>0x3d</size>
         <input_file_ref idref="fl-a7"/>
      </object_component>
      <object_component id="oc-99">
         <name>.debug_line</name>
         <load_address>0x1441</load_address>
         <run_address>0x1441</run_address>
         <size>0x37</size>
         <input_file_ref idref="fl-a8"/>
      </object_component>
      <object_component id="oc-9c">
         <name>.debug_line</name>
         <load_address>0x1478</load_address>
         <run_address>0x1478</run_address>
         <size>0x40</size>
         <input_file_ref idref="fl-a9"/>
      </object_component>
      <object_component id="oc-9f">
         <name>.debug_line</name>
         <load_address>0x14b8</load_address>
         <run_address>0x14b8</run_address>
         <size>0x5f</size>
         <input_file_ref idref="fl-aa"/>
      </object_component>
      <object_component id="oc-a2">
         <name>.debug_line</name>
         <load_address>0x1517</load_address>
         <run_address>0x1517</run_address>
         <size>0x44</size>
         <input_file_ref idref="fl-ab"/>
      </object_component>
      <object_component id="oc-a5">
         <name>.debug_line</name>
         <load_address>0x155b</load_address>
         <run_address>0x155b</run_address>
         <size>0x60</size>
         <input_file_ref idref="fl-ac"/>
      </object_component>
      <object_component id="oc-a8">
         <name>.debug_line</name>
         <load_address>0x15bb</load_address>
         <run_address>0x15bb</run_address>
         <size>0x45</size>
         <input_file_ref idref="fl-ad"/>
      </object_component>
      <object_component id="oc-ab">
         <name>.debug_line</name>
         <load_address>0x1600</load_address>
         <run_address>0x1600</run_address>
         <size>0x46</size>
         <input_file_ref idref="fl-ae"/>
      </object_component>
      <object_component id="oc-ae">
         <name>.debug_line</name>
         <load_address>0x1646</load_address>
         <run_address>0x1646</run_address>
         <size>0x47</size>
         <input_file_ref idref="fl-af"/>
      </object_component>
      <object_component id="oc-b2">
         <name>.debug_line</name>
         <load_address>0x168d</load_address>
         <run_address>0x168d</run_address>
         <size>0x139</size>
         <input_file_ref idref="fl-b0"/>
      </object_component>
      <object_component id="oc-b6">
         <name>.debug_line</name>
         <load_address>0x17c6</load_address>
         <run_address>0x17c6</run_address>
         <size>0x64</size>
         <input_file_ref idref="fl-b1"/>
      </object_component>
      <object_component id="oc-b9">
         <name>.debug_line</name>
         <load_address>0x182a</load_address>
         <run_address>0x182a</run_address>
         <size>0x4a</size>
         <input_file_ref idref="fl-b2"/>
      </object_component>
      <object_component id="oc-bc">
         <name>.debug_line</name>
         <load_address>0x1874</load_address>
         <run_address>0x1874</run_address>
         <size>0x57</size>
         <input_file_ref idref="fl-b3"/>
      </object_component>
      <object_component id="oc-bf">
         <name>.debug_line</name>
         <load_address>0x18cb</load_address>
         <run_address>0x18cb</run_address>
         <size>0x23</size>
         <input_file_ref idref="fl-b4"/>
      </object_component>
      <object_component id="oc-c2">
         <name>.debug_line</name>
         <load_address>0x18ee</load_address>
         <run_address>0x18ee</run_address>
         <size>0x45</size>
         <input_file_ref idref="fl-b5"/>
      </object_component>
      <object_component id="oc-c9">
         <name>.debug_line</name>
         <load_address>0x1933</load_address>
[...]
            </allocated_space>
            <available_space>
               <start_address>0x1138c</start_address>
               <size>0x4</size>
            </available_space>
            <allocated_space>
               <start_address>0x11390</start_address>
               <size>0x120</size>
               <logical_group_ref idref="lg-157"/>
            </allocated_space>
            <allocated_space>
               <start_address>0x114b0</start_address>
               <size>0x28</size>
               <logical_group_ref idref="lg-156"/>
            </allocated_space>
            <available_space>
               <start_address>0x114d8</start_address>
               <size>0xfffeeb27</size>
            </available_space>
         </usage_details>
      </memory_area>
   </placement_map>
   <symbol_table>
      <symbol id="sm-0">
         <name>cinit</name>
         <value>0x111d8</value>
      </symbol>
      <symbol id="sm-1">
         <name>___cinit__</name>
         <value>0x111d8</value>
      </symbol>
      <symbol id="sm-2">
         <name>pinit</name>
         <value>0xffffffff</value>
      </symbol>
      <symbol id="sm-3">
         <name>___pinit__</name>
         <value>0xffffffff</value>
      </symbol>
      <symbol id="sm-4">
         <name>binit</name>
         <value>0xffffffff</value>
      </symbol>
      <symbol id="sm-5">
         <name>___binit__</name>
         <value>0xffffffff</value>
      </symbol>
      <symbol id="sm-6">
         <name>__STACK_SIZE</name>
         <value>0x1000</value>
      </symbol>
      <symbol id="sm-7">
         <name>__STACK_END</name>
         <value>0xf4a0</value>
      </symbol>
      <symbol id="sm-8">
         <name>__SYSMEM_SIZE</name>
         <value>0x1000</value>
      </symbol>
      <symbol id="sm-9">
         <name>___c_args__</name>
         <value>0xffffffff</value>
      </symbol>
      <symbol id="sm-a">
         <name>.text</name>
         <value>0x20</value>
      </symbol>
      <symbol id="sm-b">
         <name>___text__</name>
         <value>0x20</value>
      </symbol>
      <symbol id="sm-c">
         <name>etext</name>
         <value>0xe4a0</value>
      </symbol>
      <symbol id="sm-d">
         <name>___etext__</name>
         <value>0xe4a0</value>
      </symbol>
      <symbol id="sm-e">
         <name>.data</name>
         <value>0x8</value>
      </symbol>
      <symbol id="sm-f">
         <name>___data__</name>
         <value>0x8</value>
      </symbol>
      <symbol id="sm-10">
         <name>edata</name>
         <value>0x8</value>
      </symbol>
      <symbol id="sm-11">
         <name>___edata__</name>
         <value>0x8</value>
      </symbol>
      <symbol id="sm-12">
         <name>.bss</name>
         <value>0x8</value>
      </symbol>
      <symbol id="sm-13">
         <name>___bss__</name>
         <value>0x8</value>
      </symbol>
      <symbol id="sm-14">
         <name>end</name>
         <value>0x8</value>
      </symbol>
      <symbol id="sm-15">
         <name>___end__</name>
         <value>0x8</value>
      </symbol>
      <symbol id="sm-16">
         <name>___TI_pprof_out_hndl</name>
         <value>0xffffffff</value>
      </symbol>
      <symbol id="sm-17">
         <name>___TI_prof_data_start</name>
         <value>0xffffffff</value>
      </symbol>
      <symbol id="sm-18">
         <name>___TI_prof_data_size</name>
         <value>0xffffffff</value>
      </symbol>
      <symbol id="sm-19">
         <name>$bss</name>
         <value>0x8</value>
      </symbol>
      <symbol id="sm-45">
         <name>_autocorrelateASM</name>
         <value>0xd940</value>
         <object_component_ref idref="oc-3"/>
      </symbol>
      <symbol id="sm-73">
         <name>_main</name>
         <value>0xbc00</value>
         <object_component_ref idref="oc-e8"/>
      </symbol>
      <symbol id="sm-8d">
         <name>_run</name>
         <value>0xe180</value>
         <object_component_ref idref="oc-f0"/>
      </symbol>
      <symbol id="sm-184">
         <name>_callSpecificUnitTest</name>
         <value>0x6a0</value>
         <object_component_ref idref="oc-eb"/>
      </symbol>
      <symbol id="sm-185">
         <name>_integrationTestSelected</name>
         <value>0x11014</value>
         <object_component_ref idref="oc-19"/>
      </symbol>
      <symbol id="sm-186">
         <name>_askIfTestAgain</name>
         <value>0xc30</value>
         <object_component_ref idref="oc-eb"/>
      </symbol>
      <symbol id="sm-187">
         <name>_unitTestName</name>
         <value>0x10f24</value>
         <object_component_ref idref="oc-19"/>
      </symbol>
      <symbol id="sm-188">
         <name>_unitTestSelected</name>
         <value>0x10f1c</value>
         <object_component_ref idref="oc-19"/>
      </symbol>
      <symbol id="sm-189">
         <name>_testSelection</name>
         <value>0x828</value>
         <object_component_ref idref="oc-eb"/>
      </symbol>
      <symbol id="sm-18a">
         <name>_test</name>
         <value>0x20</value>
         <object_component_ref idref="oc-eb"/>
      </symbol>
      <symbol id="sm-18b">
         <name>_specificTest</name>
         <value>0x26c</value>
         <object_component_ref idref="oc-eb"/>
      </symbol>
      <symbol id="sm-18c">
         <name>_callSpecificIntegrationTest</name>
         <value>0x764</value>
         <object_component_ref idref="oc-eb"/>
      </symbol>
      <symbol id="sm-18d">
         <name>_integrationTestName</name>
         <value>0x11018</value>
         <object_component_ref idref="oc-19"/>
      </symbol>
      <symbol id="sm-18e">
         <name>_printTestResult</name>
         <value>0xb10</value>
         <object_component_ref idref="oc-eb"/>
      </symbol>
      <symbol id="sm-1b1">
         <name>_autocorrelateTest</name>
         <value>0x97a4</value>
         <object_component_ref idref="oc-dc"/>
      </symbol>
      <symbol id="sm-1b2">
         <name>_templateTest</name>
         <value>0x9680</value>
         <object_component_ref idref="oc-dc"/>
      </symbol>
      <symbol id="sm-1be">
         <name>_c_int00</name>
         <value>0xe080</value>
         <object_component_ref idref="oc-2"/>
      </symbol>
      <symbol id="sm-1bf">
         <name>__stack</name>
         <value>0xe4a0</value>
         <object_component_ref idref="oc-24"/>
      </symbol>
      <symbol id="sm-1cf">
         <name>C$$EXIT</name>
         <value>0xe460</value>
         <object_component_ref idref="oc-e9"/>
      </symbol>
      <symbol id="sm-1d0">
         <name>_exit</name>
         <value>0xd460</value>
         <object_component_ref idref="oc-db"/>
      </symbol>
      <symbol id="sm-1d1">
         <name>___TI_enable_exit_profile_output</name>
         <value>0x111b4</value>
         <object_component_ref idref="oc-29"/>
      </symbol>
      <symbol id="sm-1d2">
         <name>_abort</name>
         <value>0xe460</value>
         <object_component_ref idref="oc-e9"/>
      </symbol>
      <symbol id="sm-1d3">
         <name>__cleanup_ptr</name>
         <value>0x111ac</value>
         <object_component_ref idref="oc-29"/>
      </symbol>
      <symbol id="sm-1d4">
         <name>__dtors_ptr</name>
         <value>0x111b0</value>
         <object_component_ref idref="oc-29"/>
      </symbol>
      <symbol id="sm-1e4">
         <name>_scanf</name>
         <value>0xcd00</value>
         <object_component_ref idref="oc-ef"/>
      </symbol>
      <symbol id="sm-1fa">
         <name>__sys_memory</name>
         <value>0xf4a0</value>
         <object_component_ref idref="oc-32"/>
      </symbol>
      <symbol id="sm-1fb">
         <name>_free</name>
         <value>0x7c20</value>
         <object_component_ref idref="oc-126"/>
      </symbol>
      <symbol id="sm-1fc">
         <name>_malloc</name>
         <value>0x9b20</value>
         <object_component_ref idref="oc-127"/>
      </symbol>
      <symbol id="sm-20a">
         <name>_printf</name>
         <value>0xcb00</value>
         <object_component_ref idref="oc-ee"/>
      </symbol>
      <symbol id="sm-214">
         <name>_strncpy</name>
         <value>0xce00</value>
         <object_component_ref idref="oc-ea"/>
      </symbol>
      <symbol id="sm-21e">
         <name>_ungetc</name>
         <value>0xb5a0</value>
         <object_component_ref idref="oc-fe"/>
      </symbol>
      <symbol id="sm-22c">
         <name>__unlock</name>
         <value>0x111bc</value>
         <object_component_ref idref="oc-40"/>
      </symbol>
      <symbol id="sm-22d">
         <name>__lock</name>
         <value>0x111b8</value>
         <object_component_ref idref="oc-40"/>
      </symbol>
      <symbol id="sm-22e">
         <name>__nop</name>
         <value>0xe3e0</value>
         <object_component_ref idref="oc-dd"/>
      </symbol>
      <symbol id="sm-25e">
         <name>__printfi</name>
         <value>0x5180</value>
         <object_component_ref idref="oc-f3"/>
      </symbol>
      <symbol id="sm-27c">
         <name>__scanfi</name>
         <value>0xd20</value>
         <object_component_ref idref="oc-f7"/>
      </symbol>
      <symbol id="sm-286">
         <name>__args_main</name>
         <value>0xe360</value>
         <object_component_ref idref="oc-da"/>
      </symbol>
      <symbol id="sm-287">
         <name>__TI_args_main</name>
         <value>0x1</value>
      </symbol>
      <symbol id="sm-291">
         <name>_atoi</name>
         <value>0xb980</value>
         <object_component_ref idref="oc-10b"/>
      </symbol>
      <symbol id="sm-29b">
         <name>__auto_init</name>
         <value>0xc600</value>
         <object_component_ref idref="oc-d9"/>
      </symbol>
      <symbol id="sm-2a5">
         <name>___TI_cpp_init</name>
         <value>0xdf00</value>
         <object_component_ref idref="oc-e7"/>
      </symbol>
      <symbol id="sm-2af">
         <name>_copy_in</name>
         <value>0xd7c0</value>
         <object_component_ref idref="oc-e5"/>
      </symbol>
      <symbol id="sm-2b7">
         <name>__ctypes_</name>
         <value>0x10768</value>
         <object_component_ref idref="oc-ff"/>
      </symbol>
      <symbol id="sm-2c1">
         <name>__tmpnams</name>
         <value>0x10dd8</value>
         <object_component_ref idref="oc-5d"/>
      </symbol>
      <symbol id="sm-2c2">
         <name>__ft_end</name>
         <value>0x10f18</value>
         <object_component_ref idref="oc-5d"/>
      </symbol>
      <symbol id="sm-2c3">
         <name>__ftable</name>
         <value>0x10bf8</value>
         <object_component_ref idref="oc-5d"/>
      </symbol>
      <symbol id="sm-2cd">
         <name>__divd</name>
         <value>0x20a0</value>
         <object_component_ref idref="oc-12f"/>
      </symbol>
      <symbol id="sm-2d5">
         <name>__c6xabi_divu</name>
         <value>0xd700</value>
         <object_component_ref idref="oc-145"/>
      </symbol>
      <symbol id="sm-2d6">
         <name>__divu</name>
         <value>0xd700</value>
         <object_component_ref idref="oc-145"/>
      </symbol>
      <symbol id="sm-2e0">
         <name>_getc</name>
         <value>0xaea0</value>
         <object_component_ref idref="oc-100"/>
      </symbol>
      <symbol id="sm-2e1">
         <name>_fgetc</name>
         <value>0xaea0</value>
         <object_component_ref idref="oc-100"/>
      </symbol>
      <symbol id="sm-2eb">
         <name>__fixdli</name>
         <value>0xda00</value>
         <object_component_ref idref="oc-142"/>
      </symbol>
      <symbol id="sm-2f5">
         <name>__fltlid</name>
         <value>0xdf80</value>
         <object_component_ref idref="oc-144"/>
      </symbol>
      <symbol id="sm-2ff">
         <name>_putc</name>
         <value>0x9180</value>
         <object_component_ref idref="oc-f9"/>
      </symbol>
      <symbol id="sm-300">
         <name>_fputc</name>
         <value>0x9180</value>
         <object_component_ref idref="oc-f9"/>
      </symbol>
      <symbol id="sm-30c">
         <name>_fputs</name>
         <value>0x5c00</value>
         <object_component_ref idref="oc-f8"/>
      </symbol>
      <symbol id="sm-316">
         <name>__frcmpyd_div</name>
         <value>0xb840</value>
         <object_component_ref idref="oc-141"/>
      </symbol>
      <symbol id="sm-326">
         <name>__divul</name>
         <value>0x9420</value>
         <object_component_ref idref="oc-129"/>
      </symbol>
      <symbol id="sm-327">
         <name>__remli</name>
         <value>0xdb40</value>
         <object_component_ref idref="oc-148"/>
      </symbol>
      <symbol id="sm-328">
         <name>__remul</name>
         <value>0xdbe0</value>
         <object_component_ref idref="oc-132"/>
      </symbol>
      <symbol id="sm-329">
         <name>__divli</name>
         <value>0xc800</value>
         <object_component_ref idref="oc-149"/>
      </symbol>
      <symbol id="sm-337">
         <name>__subcull</name>
         <value>0xe2c0</value>
         <object_component_ref idref="oc-13f"/>
      </symbol>
      <symbol id="sm-338">
         <name>__divull</name>
         <value>0x7520</value>
         <object_component_ref idref="oc-12b"/>
      </symbol>
      <symbol id="sm-339">
         <name>__remull</name>
         <value>0xdc80</value>
         <object_component_ref idref="oc-133"/>
      </symbol>
      <symbol id="sm-343">
         <name>___isinf</name>
         <value>0xe200</value>
         <object_component_ref idref="oc-11f"/>
      </symbol>
      <symbol id="sm-34f">
         <name>__llshl</name>
         <value>0xe000</value>
         <object_component_ref idref="oc-13e"/>
      </symbol>
      <symbol id="sm-350">
         <name>__llshru</name>
         <value>0xe260</value>
         <object_component_ref idref="oc-140"/>
      </symbol>
      <symbol id="sm-36a">
         <name>_read</name>
         <value>0xcc00</value>
         <object_component_ref idref="oc-112"/>
      </symbol>
      <symbol id="sm-36b">
         <name>_unlink</name>
         <value>0xddc0</value>
         <object_component_ref idref="oc-14a"/>
      </symbol>
      <symbol id="sm-36c">
         <name>_lseek</name>
         <value>0xca00</value>
         <object_component_ref idref="oc-134"/>
      </symbol>
      <symbol id="sm-36d">
         <name>_close</name>
         <value>0xc1c0</value>
         <object_component_ref idref="oc-146"/>
      </symbol>
      <symbol id="sm-36e">
         <name>_write</name>
         <value>0xcf00</value>
         <object_component_ref idref="oc-10a"/>
      </symbol>
      <symbol id="sm-378">
         <name>_ltoa</name>
         <value>0xbac0</value>
         <object_component_ref idref="oc-143"/>
      </symbol>
      <symbol id="sm-382">
         <name>_memccpy</name>
         <value>0xe100</value>
         <object_component_ref idref="oc-10e"/>
      </symbol>
      <symbol id="sm-38c">
         <name>_memcpy</name>
         <value>0x9d60</value>
         <object_component_ref idref="oc-e6"/>
      </symbol>
      <symbol id="sm-396">
         <name>_memset</name>
         <value>0xc2e0</value>
         <object_component_ref idref="oc-101"/>
      </symbol>
      <symbol id="sm-3a0">
         <name>__mpyll</name>
         <value>0xdaa0</value>
         <object_component_ref idref="oc-12a"/>
      </symbol>
      <symbol id="sm-3aa">
         <name>__negll</name>
         <value>0xe3c0</value>
         <object_component_ref idref="oc-124"/>
      </symbol>
      <symbol id="sm-3b4">
         <name>_setvbuf</name>
         <value>0x8c20</value>
         <object_component_ref idref="oc-10f"/>
      </symbol>
      <symbol id="sm-3c2">
         <name>_strtod</name>
         <value>0x34c0</value>
         <object_component_ref idref="oc-119"/>
      </symbol>
      <symbol id="sm-3cc">
         <name>_strtol</name>
         <value>0x4c00</value>
         <object_component_ref idref="oc-11b"/>
      </symbol>
      <symbol id="sm-3da">
         <name>_strtold</name>
         <value>0x3aa0</value>
         <object_component_ref idref="oc-11a"/>
      </symbol>
      <symbol id="sm-3e4">
         <name>_strtoll</name>
         <value>0x4080</value>
         <object_component_ref idref="oc-11c"/>
      </symbol>
      <symbol id="sm-3ee">
         <name>_strtoul</name>
         <value>0x56e0</value>
         <object_component_ref idref="oc-117"/>
      </symbol>
      <symbol id="sm-3f8">
         <name>_strtoull</name>
         <value>0x60c0</value>
         <object_component_ref idref="oc-118"/>
      </symbol>
      <symbol id="sm-410">
         <name>_HOSTopen</name>
         <value>0xbd40</value>
         <object_component_ref idref="oc-de"/>
      </symbol>
      <symbol id="sm-411">
         <name>_HOSTread</name>
         <value>0xb700</value>
         <object_component_ref idref="oc-e0"/>
      </symbol>
      <symbol id="sm-412">
         <name>_HOSTrename</name>
         <value>0x9fa0</value>
         <object_component_ref idref="oc-e4"/>
      </symbol>
      <symbol id="sm-413">
         <name>_HOSTwrite</name>
         <value>0xbe60</value>
         <object_component_ref idref="oc-e1"/>
      </symbol>
      <symbol id="sm-414">
         <name>_HOSTlseek</name>
         <value>0xb020</value>
         <object_component_ref idref="oc-e2"/>
      </symbol>
      <symbol id="sm-415">
         <name>_HOSTunlink</name>
         <value>0xc500</value>
         <object_component_ref idref="oc-e3"/>
      </symbol>
      <symbol id="sm-416">
         <name>_HOSTclose</name>
         <value>0xc400</value>
         <object_component_ref idref="oc-df"/>
      </symbol>
      <symbol id="sm-424">
         <name>C$$IO$$</name>
         <value>0xded8</value>
         <object_component_ref idref="oc-ec"/>
      </symbol>
      <symbol id="sm-425">
         <name>__CIOBUF_</name>
         <value>0x11390</value>
         <object_component_ref idref="oc-b5"/>
      </symbol>
      <symbol id="sm-426">
         <name>_readmsg</name>
         <value>0xdd20</value>
         <object_component_ref idref="oc-ed"/>
      </symbol>
      <symbol id="sm-427">
         <name>_writemsg</name>
         <value>0xde60</value>
         <object_component_ref idref="oc-ec"/>
      </symbol>
      <symbol id="sm-431">
         <name>__buff_read</name>
         <value>0xb180</value>
         <object_component_ref idref="oc-111"/>
      </symbol>
      <symbol id="sm-43d">
         <name>__rd_ok</name>
         <value>0xd380</value>
         <object_component_ref idref="oc-110"/>
      </symbol>
      <symbol id="sm-43e">
         <name>__wrt_ok</name>
         <value>0xc0a0</value>
         <object_component_ref idref="oc-108"/>
      </symbol>
      <symbol id="sm-44d">
         <name>__c6xabi_divi</name>
         <value>0xbf80</value>
         <object_component_ref idref="oc-12d"/>
      </symbol>
      <symbol id="sm-44e">
         <name>__divi</name>
         <value>0xbf80</value>
         <object_component_ref idref="oc-12d"/>
      </symbol>
      <symbol id="sm-458">
         <name>_errno</name>
         <value>0x111d0</value>
         <object_component_ref idref="oc-c6"/>
      </symbol>
      <symbol id="sm-462">
         <name>__doflush</name>
         <value>0xd0e0</value>
         <object_component_ref idref="oc-109"/>
      </symbol>
      <symbol id="sm-470">
         <name>__cleanup</name>
         <value>0xd000</value>
         <object_component_ref idref="oc-128"/>
      </symbol>
      <symbol id="sm-47a">
         <name>_fseek</name>
         <value>0xa9a0</value>
         <object_component_ref idref="oc-11d"/>
      </symbol>
      <symbol id="sm-484">
         <name>__closefile</name>
         <value>0xb2e0</value>
         <object_component_ref idref="oc-13d"/>
      </symbol>
      <symbol id="sm-48e">
         <name>_remove</name>
         <value>0xe480</value>
         <object_component_ref idref="oc-147"/>
      </symbol>
   </symbol_table>
</link_info>
