******************************************************************************
               TMS320C6x Linker PC v7.4.20                     
******************************************************************************
>> Linked Thu Oct 26 14:57:43 2017

OUTPUT FILE NAME:   <PROJECT.out>
ENTRY POINT SYMBOL: "_c_int00"  address: 0000a6e0


MEMORY CONFIGURATION

         name            origin    length      used     unused   attr    fill
----------------------  --------  ---------  --------  --------  ----  --------
  RAM                   00000001   fffffffe  0000d4e8  ffff2b16  RWIX


SECTION ALLOCATION MAP

 output                                  attributes/
section   page    origin      length       input sections
--------  ----  ----------  ----------   ----------------
.pinit     0    00000004    00000000     UNINITIALIZED

.data      0    00000008    00000000     UNINITIALIZED

.bss       0    00000008    00000000     UNINITIALIZED

.text      0    00000020    0000ac00     
                  00000020    00000700     rts6200.lib : divd.obj (.text:__divd)
                  00000720    00000700                 : _printfi.obj (.text:__getarg_diouxp)
                  00000e20    00000680                 : _printfi.obj (.text:__setfield)
                  000014a0    00000560                 : _printfi.obj (.text:__printfi)
                  00001a00    00000520                 : _printfi.obj (.text:_fcvt)
                  00001f20    00000520                 : fputs.obj (.text:_fputs)
                  00002440    000004e0                 : _printfi.obj (.text:_ecvt)
                  00002920    000004c0                 : _printfi.obj (.text:__pproc_fge)
                  00002de0    00000440                 : addf.obj (.text:__addf)
                  00003220    00000440                 : _printfi.obj (.text:__pconv_e)
                  00003660    000003a0                 : imath64.obj (.text:__divull)
                  00003a00    00000380                 : _printfi.obj (.text:__pproc_fwp)
                  00003d80    00000380                 : memory.obj (.text:_free)
                  00004100    00000320                 : frcaddd.obj (.text:__frcaddd)
                  00004420    00000320     main.obj (.text)
                  00004740    00000300     rts6200.lib : addd.obj (.text:__addd)
                  00004a40    00000300                 : _printfi.obj (.text:__pproc_diouxp)
                  00004d40    00000300                 : setvbuf.obj (.text:_setvbuf)
                  00005040    000002e0                 : mpyd.obj (.text:__mpyd)
                  00005320    000002e0                 : _printfi.obj (.text:__pproc_str)
                  00005600    000002e0                 : fputc.obj (.text:_fputc)
                  000058e0    000002c0     correlation.obj (.text)
                  00005ba0    00000260     rts6200.lib : imath40.obj (.text:__divul)
                  00005e00    00000260                 : mpyf.obj (.text:__mpyf)
                  00006060    00000260                 : memory.obj (.text:_malloc)
                  000062c0    00000260                 : lowlev.obj (.text:_open)
                  00006520    00000240                 : _printfi.obj (.text:__mcpy)
                  00006760    00000240                 : fopen.obj (.text:__openfile)
                  000069a0    00000240                 : memcpy62.obj (.text:_memcpy)
                  00006be0    00000220                 : trgdrv.obj (.text:_HOSTrename)
                  00006e00    00000200                 : _printfi.obj (.text:__pconv_g)
                  00007000    00000200     mathematic.obj (.text)
                  00007200    000001e0     rts6200.lib : fseek.obj (.text:_fseek)
                  000073e0    000001e0                 : lowlev.obj (.text:_getdevice)
                  000075c0    000001c0                 : _printfi.obj (.text:__ltostr)
                  00007780    000001a0                 : _printfi.obj (.text:__pproc_fflags)
                  00007920    00000180                 : fclose.obj (.text:__closefile)
                  00007aa0    00000180                 : fopen.obj (.text:__search_fp)
                  00007c20    00000160                 : trgdrv.obj (.text:_HOSTlseek)
                  00007d80    00000160                 : frcmpyd_div.obj (.text:__frcmpyd_div)
                  00007ee0    00000140                 : trgdrv.obj (.text:_HOSTread)
                  00008020    00000140                 : frcmpyd.obj (.text:__frcmpyd)
                  00008160    00000140                 : strasg.obj (.text:__strasgi)
                  000082a0    00000140                 : atoi.obj (.text:_atoi)
                  000083e0    00000140                 : ltoa.obj (.text:_ltoa)
                  00008520    00000120                 : trgdrv.obj (.text:_HOSTopen)
                  00008640    00000120                 : trgdrv.obj (.text:_HOSTwrite)
                  00008760    00000120                 : _io_perm.obj (.text:__wrt_ok)
                  00008880    00000120                 : lowlev.obj (.text:_close)
                  000089a0    00000120                 : fprintf.obj (.text:_fprintf)
                  00008ac0    00000120                 : memset.obj (.text:_memset)
                  00008be0    00000120                 : printf.obj (.text:_printf)
                  00008d00    00000100                 : trgdrv.obj (.text:_HOSTclose)
                  00008e00    00000100                 : trgdrv.obj (.text:_HOSTunlink)
                  00008f00    00000100                 : autoinit.obj (.text:__auto_init)
                  00009000    00000100                 : cmpd.obj (.text:__cmpd)
                  00009100    00000100                 : _printfi.obj (.text:__div)
                  00009200    00000100                 : imath40.obj (.text:__divli)
                  00009300    00000100                 : _printfi.obj (.text:__pconv_f)
                  00009400    00000100                 : lowlev.obj (.text:_lseek)
                  00009500    00000100                 : lowlev.obj (.text:_write)
                  00009600    000000e0                 : fopen.obj (.text:__cleanup)
                  000096e0    000000e0                 : fflush.obj (.text:__doflush)
                  000097c0    000000e0                 : _printfi.obj (.text:__ecpy)
                  000098a0    000000e0                 : _printfi.obj (.text:__fcpy)
                  00009980    000000e0                 : exit.obj (.text:_exit)
                  00009a60    000000e0                 : memory.obj (.text:_minsert)
                  00009b40    000000e0                 : memory.obj (.text:_mremove)
                  00009c20    000000c0                 : divu.obj (.text:__divu)
                  00009ce0    000000c0                 : imath40.obj (.text:__remli)
                  00009da0    000000c0                 : cpy_tbl.obj (.text:_copy_in)
                  00009e60    000000c0                 : lowlev.obj (.text:_finddevice)
                  00009f20    000000a0                 : fixdi.obj (.text:__fixdi)
                  00009fc0    000000a0                 : fixdli.obj (.text:__fixdli)
                  0000a060    000000a0                 : llshift.obj (.text:__llshl)
                  0000a100    000000a0                 : mpyll.obj (.text:__mpyll)
                  0000a1a0    000000a0                 : renormd.obj (.text:__renormd)
                  0000a240    000000a0                 : fopen.obj (.text:_fopen)
                  0000a2e0    000000a0                 : trgmsg.obj (.text:_readmsg)
                  0000a380    000000a0                 : lowlev.obj (.text:_tabinit)
                  0000a420    000000a0                 : lowlev.obj (.text:_unlink)
                  0000a4c0    000000a0                 : trgmsg.obj (.text:_writemsg)
                  0000a560    00000080                 : cpp_init.obj (.text:___TI_cpp_init)
                  0000a5e0    00000080                 : fltlid.obj (.text:__fltlid)
                  0000a660    00000080                 : llshift.obj (.text:__llshru)
                  0000a6e0    00000080                 : boot.obj (.text:_c_int00)
                  0000a760    00000080                 : fclose.obj (.text:_fclose)
                  0000a7e0    00000080                 : memccpy.obj (.text:_memccpy)
                  0000a860    00000060                 : isinf.obj (.text:___isinf)
                  0000a8c0    00000060                 : _printfi.obj (.text:___isnan)
                  0000a920    00000060                 : cvtfd.obj (.text:__cvtfd)
                  0000a980    00000060                 : frcmpyf.obj (.text:__frcmpyf)
                  0000a9e0    00000060                 : imath64.obj (.text:__subcull)
                  0000aa40    00000060                 : subd.obj (.text:__subd)
                  0000aaa0    00000040                 : args_main.obj (.text:__args_main)
                  0000aae0    00000040                 : negd.obj (.text:__negd)
                  0000ab20    00000020                 : negll.obj (.text:__negll)
                  0000ab40    00000020                 : _lock.obj (.text:__nop)
                  0000ab60    00000020                 : fprintf.obj (.text:__outc)
                  0000ab80    00000020                 : printf.obj (.text:__outc)
                  0000aba0    00000020                 : fprintf.obj (.text:__outs)
                  0000abc0    00000020                 : printf.obj (.text:__outs)
                  0000abe0    00000020                 : exit.obj (.text:_abort)
                  0000ac00    00000020                 : remove.obj (.text:_remove)

.stack     0    0000ac20    00001000     UNINITIALIZED
                  0000ac20    00000008     rts6200.lib : boot.obj (.stack)
                  0000ac28    00000ff8     --HOLE--

.sysmem    0    0000bc20    00001000     UNINITIALIZED
                  0000bc20    00000008     rts6200.lib : memory.obj (.sysmem)
                  0000bc28    00000ff8     --HOLE--

.far       0    0000cc20    0000046c     UNINITIALIZED
                  0000cc20    00000324     rts6200.lib : defs.obj (.far)
                  0000cf44    0000011c                 : lowlev.obj (.far)
                  0000d060    0000000c                 : exit.obj (.far)
                  0000d06c    00000008                 : _lock.obj (.far)
                  0000d074    00000008                 : memory.obj (.far)
                  0000d07c    00000008                 : trgdrv.obj (.far)
                  0000d084    00000004     main.obj (.far)
                  0000d088    00000004     rts6200.lib : fopen.obj (.far)

.const     0    0000d090    000001f8     
                  0000d090    00000101     rts6200.lib : ctype.obj (.const:.string:__ctypes_)
                  0000d191    00000002                 : fputs.obj (.const:.string)
                  0000d193    00000001     --HOLE-- [fill = 0]
                  0000d194    00000098     main.obj (.const:.string)
                  0000d22c    00000030     main.obj (.const:_$P$T0$1)
                  0000d25c    00000023     rts6200.lib : _printfi.obj (.const:.string)
                  0000d27f    00000001     --HOLE-- [fill = 0]
                  0000d280    00000008                 : divd.obj (.const:.string:_initial_approx$1)

.cinit     0    0000d288    00000164     
                  0000d288    0000005c     rts6200.lib : defs.obj (.cinit)
                  0000d2e4    00000004     --HOLE-- [fill = 0]
                  0000d2e8    0000005c                 : lowlev.obj (.cinit)
                  0000d344    00000004     --HOLE-- [fill = 0]
                  0000d348    0000002c                 : exit.obj (.cinit)
                  0000d374    00000004     --HOLE-- [fill = 0]
                  0000d378    0000002c                 : memory.obj (.cinit)
                  0000d3a4    00000004     --HOLE-- [fill = 0]
                  0000d3a8    0000001c                 : _lock.obj (.cinit)
                  0000d3c4    00000004     --HOLE-- [fill = 0]
                  0000d3c8    0000000c     main.obj (.cinit)
                  0000d3d4    00000004     --HOLE-- [fill = 0]
                  0000d3d8    0000000c     rts6200.lib : fopen.obj (.cinit)
                  0000d3e4    00000004     --HOLE-- [fill = 0]
                  0000d3e8    00000004     (.pad.cinit) [fill = 0]

.cio       0    0000d3f0    00000120     UNINITIALIZED
                  0000d3f0    00000120     rts6200.lib : trgmsg.obj (.cio)


GLOBAL SYMBOLS: SORTED ALPHABETICALLY BY Name 

address    name
--------   ----
00000008   $bss
00000008   .bss
00000008   .data
00000020   .text
0000abe0   C$$EXIT
0000a538   C$$IO$$
00008d00   _HOSTclose
00007c20   _HOSTlseek
00008520   _HOSTopen
00007ee0   _HOSTread
00006be0   _HOSTrename
00008e00   _HOSTunlink
00008640   _HOSTwrite
0000d084   _ResultCorr
0000d3f0   __CIOBUF_
0000bc20   __STACK_END
00001000   __STACK_SIZE
00001000   __SYSMEM_SIZE
00000001   __TI_args_main
0000a560   ___TI_cpp_init
0000d068   ___TI_enable_exit_profile_output
ffffffff   ___TI_pprof_out_hndl
ffffffff   ___TI_prof_data_size
ffffffff   ___TI_prof_data_start
ffffffff   ___binit__
00000008   ___bss__
ffffffff   ___c_args__
0000d288   ___cinit__
00000008   ___data__
00000008   ___edata__
00000008   ___end__
0000ac20   ___etext__
0000a860   ___isinf
ffffffff   ___pinit__
00000020   ___text__
00004740   __addd
00002de0   __addf
0000aaa0   __args_main
00008f00   __auto_init
00009c20   __c6xabi_divu
00008160   __c6xabi_strasgi
00009600   __cleanup
0000d060   __cleanup_ptr
00007920   __closefile
00009000   __cmpd
0000d090   __ctypes_
0000a920   __cvtfd
00000020   __divd
00009200   __divli
00009c20   __divu
00005ba0   __divul
00003660   __divull
000096e0   __doflush
0000d064   __dtors_ptr
00009f20   __fixdi
00009fc0   __fixdli
0000a5e0   __fltlid
00004100   __frcaddd
00008020   __frcmpyd
00007d80   __frcmpyd_div
0000a980   __frcmpyf
0000cf40   __ft_end
0000cc20   __ftable
0000a060   __llshl
0000a660   __llshru
0000d06c   __lock
00005040   __mpyd
00005e00   __mpyf
0000a100   __mpyll
0000aae0   __negd
0000ab20   __negll
0000ab40   __nop
000014a0   __printfi
00009ce0   __remli
0000a1a0   __renormd
0000ac20   __stack
00008160   __strasgi
0000a9e0   __subcull
0000aa40   __subd
0000bc20   __sys_memory
0000ce00   __tmpnams
0000d070   __unlock
00008760   __wrt_ok
0000abe0   _abort
000082a0   _atoi
00007000   _autocorrelate
0000a6e0   _c_int00
00008880   _close
00009da0   _copy_in
000058e0   _correlate
00009980   _exit
0000a760   _fclose
0000a240   _fopen
000089a0   _fprintf
00005600   _fputc
00001f20   _fputs
00003d80   _free
00007200   _fseek
00009400   _lseek
000083e0   _ltoa
00004420   _main
00006060   _malloc
0000a7e0   _memccpy
000069a0   _memcpy
00008ac0   _memset
000062c0   _open
00008be0   _printf
00005600   _putc
0000a2e0   _readmsg
0000ac00   _remove
00004d40   _setvbuf
0000a420   _unlink
00009500   _write
0000a4c0   _writemsg
ffffffff   binit
0000d288   cinit
00000008   edata
00000008   end
0000ac20   etext
ffffffff   pinit


GLOBAL SYMBOLS: SORTED BY Symbol Address 

address    name
--------   ----
00000001   __TI_args_main
00000008   $bss
00000008   .bss
00000008   .data
00000008   ___bss__
00000008   ___data__
00000008   ___edata__
00000008   ___end__
00000008   edata
00000008   end
00000020   .text
00000020   ___text__
00000020   __divd
00001000   __STACK_SIZE
00001000   __SYSMEM_SIZE
000014a0   __printfi
00001f20   _fputs
00002de0   __addf
00003660   __divull
00003d80   _free
00004100   __frcaddd
00004420   _main
00004740   __addd
00004d40   _setvbuf
00005040   __mpyd
00005600   _fputc
00005600   _putc
000058e0   _correlate
00005ba0   __divul
00005e00   __mpyf
00006060   _malloc
000062c0   _open
000069a0   _memcpy
00006be0   _HOSTrename
00007000   _autocorrelate
00007200   _fseek
00007920   __closefile
00007c20   _HOSTlseek
00007d80   __frcmpyd_div
00007ee0   _HOSTread
00008020   __frcmpyd
00008160   __c6xabi_strasgi
00008160   __strasgi
000082a0   _atoi
000083e0   _ltoa
00008520   _HOSTopen
00008640   _HOSTwrite
00008760   __wrt_ok
00008880   _close
000089a0   _fprintf
00008ac0   _memset
00008be0   _printf
00008d00   _HOSTclose
00008e00   _HOSTunlink
00008f00   __auto_init
00009000   __cmpd
00009200   __divli
00009400   _lseek
00009500   _write
00009600   __cleanup
000096e0   __doflush
00009980   _exit
00009c20   __c6xabi_divu
00009c20   __divu
00009ce0   __remli
00009da0   _copy_in
00009f20   __fixdi
00009fc0   __fixdli
0000a060   __llshl
0000a100   __mpyll
0000a1a0   __renormd
0000a240   _fopen
0000a2e0   _readmsg
0000a420   _unlink
0000a4c0   _writemsg
0000a538   C$$IO$$
0000a560   ___TI_cpp_init
0000a5e0   __fltlid
0000a660   __llshru
0000a6e0   _c_int00
0000a760   _fclose
0000a7e0   _memccpy
0000a860   ___isinf
0000a920   __cvtfd
0000a980   __frcmpyf
0000a9e0   __subcull
0000aa40   __subd
0000aaa0   __args_main
0000aae0   __negd
0000ab20   __negll
0000ab40   __nop
0000abe0   C$$EXIT
0000abe0   _abort
0000ac00   _remove
0000ac20   ___etext__
0000ac20   __stack
0000ac20   etext
0000bc20   __STACK_END
0000bc20   __sys_memory
0000cc20   __ftable
0000ce00   __tmpnams
0000cf40   __ft_end
0000d060   __cleanup_ptr
0000d064   __dtors_ptr
0000d068   ___TI_enable_exit_profile_output
0000d06c   __lock
0000d070   __unlock
0000d084   _ResultCorr
0000d090   __ctypes_
0000d288   ___cinit__
0000d288   cinit
0000d3f0   __CIOBUF_
ffffffff   ___TI_pprof_out_hndl
ffffffff   ___TI_prof_data_size
ffffffff   ___TI_prof_data_start
ffffffff   ___binit__
ffffffff   ___c_args__
ffffffff   ___pinit__
ffffffff   binit
ffffffff   pinit

[120 symbols]
