Microchip MPLAB XC8 Compiler V1.43 ()

Linker command line:

-W-3 --edf=C:\Program Files (x86)\Microchip\xc8\v1.43\dat\en_msgs.txt -cs \
  -h+dist/default/production\PIC.production.sym \
  --cmf=dist/default/production\PIC.production.cmf -z -Q18F67J94 \
  -oC:\Users\PROPRI~1\AppData\Local\Temp\s3m0.2 \
  -Mdist/default/production/PIC.production.map -E1 -ver=XC8 \
  -ASTACK=06Dh-0df9h -pstack=STACK -ACODE=00h-01FFEFh -ACONST=00h-01FFEFh \
  -ASMALLCONST=0E00h-0EFFhx497,01FF00h-01FFEFh \
  -AMEDIUMCONST=0E00h-0FFFFh,010E00h-01FFEFh -ACOMRAM=01h-05Fh \
  -AABS1=00h-0DF9h -ABIGRAM=01h-0DF9h \
  -ARAM=060h-0FFh,0100h-01FFhx12,0D00h-0DF9h -ABANK0=060h-0FFh \
  -ABANK1=0100h-01FFh -ABANK2=0200h-02FFh -ABANK3=0300h-03FFh \
  -ABANK4=0400h-04FFh -ABANK5=0500h-05FFh -ABANK6=0600h-06FFh \
  -ABANK7=0700h-07FFh -ABANK8=0800h-08FFh -ABANK9=0900h-09FFh \
  -ABANK10=0A00h-0AFFh -ABANK11=0B00h-0BFFh -ABANK12=0C00h-0CFFh \
  -ABANK13=0D00h-0DF9h \
  -ASFR=0DFAh-0DFFh,0E00h-0EFFh,0F00h-0F5Fh,0F60h-0FFFh \
  -preset_vec=00h,intcode=08h,intcodelo,powerup,init -pramtop=0E00h \
  -psmallconst=SMALLCONST -pmediumconst=MEDIUMCONST -pconst=CONST \
  -AFARRAM=00h-00h -ACONFIG=01FFF0h-01FFFFh -pconfig=CONFIG \
  -pjflash_buffer=01FBF8h \
  -prdata=COMRAM,nvrram=COMRAM,nvbit=COMRAM,rbss=COMRAM,rbit=COMRAM \
  -pfarbss=FARRAM,fardata=FARRAM,nvFARRAM=FARRAM \
  -pintsave_regs=BIGRAM,bigbss=BIGRAM,bigdata=BIGRAM -pbss=RAM \
  -pidata=CODE,irdata=CODE,ibigdata=CODE,ifardata=CODE -prparam=COMRAM \
  C:\Users\PROPRI~1\AppData\Local\Temp\s3m0.obj \
  dist/default/production\PIC.production.obj 

Object code version is 3.11

Machine type is 18F67J94

Call graph: (short form)




                Name                               Link     Load   Length Selector   Space Scale
C:\Users\PROPRI~1\AppData\Local\Temp\s3m0.obj
                init                                164      164        4        4       0
                reset_vec                             0        0        4        0       0
                config                            1FFF0    1FFF0       10    1FFF0       0
dist/default/production\PIC.production.obj
                intcode                               8        8      15C        4       0
                temp                                 4C       4C        1        1       1
                smallconst                          E00      E00       68      700       0
                text37                             120A     120A       DC      734       0
                text36                             1A10     1A10        A      734       0
                text35                             19E4     19E4       12      734       0
                text34                             1A1E     1A1E        4      734       0
                text33                             135C     135C       70      734       0
                text32                             14A2     14A2       56      734       0
                text31                             159C     159C       52      734       0
                text30                             163A     163A       4A      734       0
                text29                             19D2     19D2       12      734       0
                text28                             19A4     19A4       1A      734       0
                text27                             190C     190C       22      734       0
                text26                             1684     1684       44      734       0
                text25                             170A     170A       40      734       0
                text24                             174A     174A       3E      734       0
                text23                             1988     1988       1C      734       0
                text22                             154A     154A       52      734       0
                text21                             15EE     15EE       4C      734       0
                text20                             17F8     17F8       30      734       0
                text19                             12E6     12E6       76      734       0
                text18                             14F8     14F8       52      734       0
                text17                             16C8     16C8       42      734       0
                text16                             1086     1086      184      734       0
                text15                             13CC     13CC       6E      734       0
                text14                             1856     1856       2E      734       0
                text13                             1828     1828       2E      734       0
                text12                             143A     143A       68      734       0
                text11                             18EA     18EA       22      734       0
                text10                             18C8     18C8       22      734       0
                text9                              18A6     18A6       22      734       0
                text8                              1788     1788       3A      734       0
                text7                              194E     194E       1E      734       0
                text6                              192E     192E       20      734       0
                text5                              196C     196C       1C      734       0
                text4                              19BE     19BE       14      734       0
                text3                              1884     1884       22      734       0
                text2                              1A1A     1A1A        4      734       0
                text1                              19F6     19F6       10      734       0
                text0                               E68      E68      21E      734       0
                cstackCOMRAM                          1        1       2A        1       1
                cstackBANK0                          60       60        D       60       1
                dataCOMRAM                           42       42        A        1       1
                bssCOMRAM                            2B       2B       17        1       1
                cinit                              17C2     17C2       36      734       0
                idataCOMRAM                        1A06     1A06        A      734       0

TOTAL           Name                               Link     Load   Length     Space
        CLASS   STACK          

        CLASS   CODE           
                intcode                               8        8      15C         0
                init                                164      164        4         0
                reset_vec                             0        0        4         0
                text37                             120A     120A       DC         0
                text36                             1A10     1A10        A         0
                text35                             19E4     19E4       12         0
                text34                             1A1E     1A1E        4         0
                text33                             135C     135C       70         0
                text32                             14A2     14A2       56         0
                text31                             159C     159C       52         0
                text30                             163A     163A       4A         0
                text29                             19D2     19D2       12         0
                text28                             19A4     19A4       1A         0
                text27                             190C     190C       22         0
                text26                             1684     1684       44         0
                text25                             170A     170A       40         0
                text24                             174A     174A       3E         0
                text23                             1988     1988       1C         0
                text22                             154A     154A       52         0
                text21                             15EE     15EE       4C         0
                text20                             17F8     17F8       30         0
                text19                             12E6     12E6       76         0
                text18                             14F8     14F8       52         0
                text17                             16C8     16C8       42         0
                text16                             1086     1086      184         0
                text15                             13CC     13CC       6E         0
                text14                             1856     1856       2E         0
                text13                             1828     1828       2E         0
                text12                             143A     143A       68         0
                text11                             18EA     18EA       22         0
                text10                             18C8     18C8       22         0
                text9                              18A6     18A6       22         0
                text8                              1788     1788       3A         0
                text7                              194E     194E       1E         0
                text6                              192E     192E       20         0
                text5                              196C     196C       1C         0
                text4                              19BE     19BE       14         0
                text3                              1884     1884       22         0
                text2                              1A1A     1A1A        4         0
                text1                              19F6     19F6       10         0
                text0                               E68      E68      21E         0
                cinit                              17C2     17C2       36         0
                idataCOMRAM                        1A06     1A06        A         0

        CLASS   CONST          

        CLASS   SMALLCONST     
                smallconst                          E00      E00       68         0

        CLASS   MEDIUMCONST    

        CLASS   COMRAM         
                temp                                 4C       4C        1         1
                cstackCOMRAM                          1        1       2A         1
                dataCOMRAM                           42       42        A         1
                bssCOMRAM                            2B       2B       17         1

        CLASS   ABS1           

        CLASS   BIGRAM         

        CLASS   RAM            

        CLASS   BANK0          
                cstackBANK0                          60       60        D         1

        CLASS   BANK1          

        CLASS   BANK2          

        CLASS   BANK3          

        CLASS   BANK4          

        CLASS   BANK5          

        CLASS   BANK6          

        CLASS   BANK7          

        CLASS   BANK8          

        CLASS   BANK9          

        CLASS   BANK10         

        CLASS   BANK11         

        CLASS   BANK12         

        CLASS   BANK13         

        CLASS   SFR            

        CLASS   FARRAM         

        CLASS   CONFIG         
                config                            1FFF0    1FFF0       10         0

        CLASS   IDLOC          



SEGMENTS        Name                           Load    Length   Top    Selector   Space  Class

                reset_vec                      000000  000004  000004         0       0  CODE    
                cstackCOMRAM                   000001  00004C  00004D         1       1  COMRAM  
                intcode                        000008  000160  000168         4       0  CODE    
                cstackBANK0                    000060  00000D  00006D        60       1  BANK0   
                smallconst                     000E00  000068  000E68       700       0  SMALLCON
                text0                          000E68  000BBA  001A22       734       0  CODE    
                config                         01FFF0  000010  020000     1FFF0       0  CONFIG  


UNUSED ADDRESS RANGES

        Name                Unused          Largest block    Delta
        BANK0            0006D-000FF              93
        BANK1            00100-001FF             100
        BANK10           00A00-00AFF             100
        BANK11           00B00-00BFF             100
        BANK12           00C00-00CFF             100
        BANK13           00D00-00DF9              FA
        BANK2            00200-002FF             100
        BANK3            00300-003FF             100
        BANK4            00400-004FF             100
        BANK5            00500-005FF             100
        BANK6            00600-006FF             100
        BANK7            00700-007FF             100
        BANK8            00800-008FF             100
        BANK9            00900-009FF             100
        BIGRAM           0004D-0005F              13
                         0006D-00DF9             D8D
        CODE             00004-00007               4
                         00168-00DFF             C98
                         01A22-1FFEF           1E5CE
        COMRAM           0004D-0005F              13
        CONST            00004-00007               4
                         00168-00DFF             C98
                         01A22-1FFEF           1E5CE
        MEDIUMCONST      01A22-0FFFF            E5DE
                         10E00-1FFEF            F1F0
        RAM              0006D-00DF9             100
        SFR              00DFA-00FFF             100
        SMALLCONST       01A22-1FFEF             100
        STACK            0006D-00DF9             D8D

                                  Symbol Table

?___awmod                     cstackCOMRAM  00021
?___lmul                      cstackCOMRAM  00013
?___lwdiv                     cstackCOMRAM  00013
?___lwmod                     cstackCOMRAM  0001A
?_rand                        cstackCOMRAM  0001F
?_sprintf                     cstackCOMRAM  0001F
_ANCON1                       (abs)         00E47
_BAUDCON1                     (abs)         00F67
_ErrorUART                    bssCOMRAM     00039
_INTCON2bits                  (abs)         00FF1
_INTCON3bits                  (abs)         00FF0
_INTCONbits                   (abs)         00FF2
_IPR1bits                     (abs)         00F9F
_LATA                         (abs)         00F89
_LATBbits                     (abs)         00F8A
_LATC                         (abs)         00F8B
_LATDbits                     (abs)         00F8C
_OSCCON                       (abs)         00FD3
_PIE1bits                     (abs)         00F9D
_PIR1bits                     (abs)         00F9E
_RCONbits                     (abs)         00FD0
_RCREG1                       (abs)         00FAE
_RCSTA1                       (abs)         00FAB
_RCSTAbits                    (abs)         00FAB
_RPINR0_1                     (abs)         00E2A
_RPINR12_13                   (abs)         00E30
_RPINR26_27                   (abs)         00E37
_RPOR22_23                    (abs)         00E1D
_RPOR24_25                    (abs)         00E1E
_RPOR26_27                    (abs)         00E1F
_SPBRG1                       (abs)         00FAF
_SSP2BUF                      (abs)         00F03
_SSP2CON1                     (abs)         00F19
_SSP2CON3                     (abs)         00F39
_SSP2STAT                     (abs)         00F1A
_SSP2STATbits                 (abs)         00F1A
_T0CONbits                    (abs)         00FD5
_TRISA                        (abs)         00F92
_TRISAbits                    (abs)         00F92
_TRISBbits                    (abs)         00F93
_TRISC                        (abs)         00F94
_TRISCbits                    (abs)         00F94
_TRISD                        (abs)         00F95
_TRISDbits                    (abs)         00F95
_TXREG1                       (abs)         00FAD
_TXSTA1                       (abs)         00FAC
__CFG_XINST$OFF               (abs)         00000
__HRAM                        (abs)         00000
__Habs1                       abs1          00000
__Hbank0                      bank0         00000
__Hbank1                      bank1         00000
__Hbank10                     bank10        00000
__Hbank11                     bank11        00000
__Hbank12                     bank12        00000
__Hbank13                     bank13        00000
__Hbank2                      bank2         00000
__Hbank3                      bank3         00000
__Hbank4                      bank4         00000
__Hbank5                      bank5         00000
__Hbank6                      bank6         00000
__Hbank7                      bank7         00000
__Hbank8                      bank8         00000
__Hbank9                      bank9         00000
__Hbigbss                     bigbss        00000
__Hbigdata                    bigdata       00000
__Hbigram                     bigram        00000
__Hbss                        bss           00000
__HbssCOMRAM                  bssCOMRAM     00000
__Hcinit                      cinit         00000
__Hclrtext                    clrtext       00000
__Hcomram                     comram        00000
__Hconfig                     config        20000
__Hconst                      const         00000
__HcstackBANK0                cstackBANK0   00000
__HcstackCOMRAM               cstackCOMRAM  00000
__Hdata                       data          00000
__HdataCOMRAM                 dataCOMRAM    00000
__Hfarbss                     farbss        00000
__Hfardata                    fardata       00000
__Hibigdata                   ibigdata      00000
__Hidata                      idata         00000
__HidataCOMRAM                idataCOMRAM   00000
__Hidloc                      idloc         00000
__Hifardata                   ifardata      00000
__Hinit                       init          00168
__Hintcode                    intcode       00164
__Hintcode_body               intcode_body  00000
__Hintcodelo                  intcodelo     00164
__Hintentry                   intentry      00000
__Hintret                     intret        00000
__Hintsave_regs               intsave_regs  00000
__Hirdata                     irdata        00000
__Hjflash_buffer              jflash_buffer 1FBF8
__Hmediumconst                mediumconst   00000
__HnvFARRAM                   nvFARRAM      00000
__Hnvbit                      nvbit         00000
__Hnvrram                     nvrram        00000
__Hparam                      rparam        00000
__Hpowerup                    powerup       00164
__Hram                        ram           00000
__Hramtop                     ramtop        00E00
__Hrbit                       rbit          00000
__Hrbss                       rbss          00000
__Hrdata                      rdata         00000
__Hreset_vec                  reset_vec     00004
__Hrparam                     rparam        00000
__Hsfr                        sfr           00000
__Hsmallconst                 smallconst    00E68
__Hspace_0                    (abs)         20000
__Hspace_1                    (abs)         0006D
__Hspace_2                    (abs)         00000
__Hstack                      stack         00000
__Hstruct                     struct        00000
__Htemp                       temp          0004D
__Htext                       text          00000
__Htext0                      text0         00000
__Htext1                      text1         00000
__Htext10                     text10        00000
__Htext11                     text11        00000
__Htext12                     text12        00000
__Htext13                     text13        00000
__Htext14                     text14        00000
__Htext15                     text15        00000
__Htext16                     text16        00000
__Htext17                     text17        00000
__Htext18                     text18        00000
__Htext19                     text19        00000
__Htext2                      text2         00000
__Htext20                     text20        00000
__Htext21                     text21        00000
__Htext22                     text22        00000
__Htext23                     text23        00000
__Htext24                     text24        00000
__Htext25                     text25        00000
__Htext26                     text26        00000
__Htext27                     text27        00000
__Htext28                     text28        00000
__Htext29                     text29        00000
__Htext3                      text3         00000
__Htext30                     text30        00000
__Htext31                     text31        00000
__Htext32                     text32        00000
__Htext33                     text33        00000
__Htext34                     text34        00000
__Htext35                     text35        00000
__Htext36                     text36        00000
__Htext37                     text37        00000
__Htext4                      text4         00000
__Htext5                      text5         00000
__Htext6                      text6         00000
__Htext7                      text7         00000
__Htext8                      text8         00000
__Htext9                      text9         00000
__LRAM                        (abs)         00001
__Labs1                       abs1          00000
__Lbank0                      bank0         00000
__Lbank1                      bank1         00000
__Lbank10                     bank10        00000
__Lbank11                     bank11        00000
__Lbank12                     bank12        00000
__Lbank13                     bank13        00000
__Lbank2                      bank2         00000
__Lbank3                      bank3         00000
__Lbank4                      bank4         00000
__Lbank5                      bank5         00000
__Lbank6                      bank6         00000
__Lbank7                      bank7         00000
__Lbank8                      bank8         00000
__Lbank9                      bank9         00000
__Lbigbss                     bigbss        00000
__Lbigdata                    bigdata       00000
__Lbigram                     bigram        00000
__Lbss                        bss           00000
__LbssCOMRAM                  bssCOMRAM     00000
__Lcinit                      cinit         00000
__Lclrtext                    clrtext       00000
__Lcomram                     comram        00000
__Lconfig                     config        1FFF0
__Lconst                      const         00000
__LcstackBANK0                cstackBANK0   00000
__LcstackCOMRAM               cstackCOMRAM  00000
__Ldata                       data          00000
__LdataCOMRAM                 dataCOMRAM    00000
__Lfarbss                     farbss        00000
__Lfardata                    fardata       00000
__Libigdata                   ibigdata      00000
__Lidata                      idata         00000
__LidataCOMRAM                idataCOMRAM   00000
__Lidloc                      idloc         00000
__Lifardata                   ifardata      00000
__Linit                       init          00164
__Lintcode                    intcode       00008
__Lintcode_body               intcode_body  00000
__Lintcodelo                  intcodelo     00164
__Lintentry                   intentry      00000
__Lintret                     intret        00000
__Lintsave_regs               intsave_regs  00000
__Lirdata                     irdata        00000
__Ljflash_buffer              jflash_buffer 1FBF8
__Lmediumconst                mediumconst   00000
__LnvFARRAM                   nvFARRAM      00000
__Lnvbit                      nvbit         00000
__Lnvrram                     nvrram        00000
__Lparam                      rparam        00000
__Lpowerup                    powerup       00164
__Lram                        ram           00000
__Lramtop                     ramtop        00E00
__Lrbit                       rbit          00000
__Lrbss                       rbss          00000
__Lrdata                      rdata         00000
__Lreset_vec                  reset_vec     00000
__Lrparam                     rparam        00000
__Lsfr                        sfr           00000
__Lsmallconst                 smallconst    00E00
__Lspace_0                    (abs)         00000
__Lspace_1                    (abs)         00000
__Lspace_2                    (abs)         00000
__Lstack                      stack         00000
__Lstruct                     struct        00000
__Ltemp                       temp          0004C
__Ltext                       text          00000
__Ltext0                      text0         00000
__Ltext1                      text1         00000
__Ltext10                     text10        00000
__Ltext11                     text11        00000
__Ltext12                     text12        00000
__Ltext13                     text13        00000
__Ltext14                     text14        00000
__Ltext15                     text15        00000
__Ltext16                     text16        00000
__Ltext17                     text17        00000
__Ltext18                     text18        00000
__Ltext19                     text19        00000
__Ltext2                      text2         00000
__Ltext20                     text20        00000
__Ltext21                     text21        00000
__Ltext22                     text22        00000
__Ltext23                     text23        00000
__Ltext24                     text24        00000
__Ltext25                     text25        00000
__Ltext26                     text26        00000
__Ltext27                     text27        00000
__Ltext28                     text28        00000
__Ltext29                     text29        00000
__Ltext3                      text3         00000
__Ltext30                     text30        00000
__Ltext31                     text31        00000
__Ltext32                     text32        00000
__Ltext33                     text33        00000
__Ltext34                     text34        00000
__Ltext35                     text35        00000
__Ltext36                     text36        00000
__Ltext37                     text37        00000
__Ltext4                      text4         00000
__Ltext5                      text5         00000
__Ltext6                      text6         00000
__Ltext7                      text7         00000
__Ltext8                      text8         00000
__Ltext9                      text9         00000
__S0                          (abs)         20000
__S1                          (abs)         0006D
__S2                          (abs)         00000
___awmod                      text33        0135C
___awmod@counter              cstackCOMRAM  00025
___awmod@dividend             cstackCOMRAM  00021
___awmod@divisor              cstackCOMRAM  00023
___awmod@sign                 cstackCOMRAM  00026
___inthi_sp                   stack         00000
___intlo_sp                   stack         00000
___lmul                       text32        014A2
___lmul@multiplicand          cstackCOMRAM  00017
___lmul@multiplier            cstackCOMRAM  00013
___lmul@product               cstackCOMRAM  0001B
___lwdiv                      text18        014F8
___lwdiv@counter              cstackCOMRAM  00017
___lwdiv@dividend             cstackCOMRAM  00013
___lwdiv@divisor              cstackCOMRAM  00015
___lwdiv@quotient             cstackCOMRAM  00018
___lwmod                      text17        016C8
___lwmod@counter              cstackCOMRAM  0001E
___lwmod@dividend             cstackCOMRAM  0001A
___lwmod@divisor              cstackCOMRAM  0001C
___param_bank                 (abs)         00000
___rparam_used                (abs)         00001
___sp                         stack         00000
__accesstop                   (abs)         00060
__activetblptr                (abs)         00003
__end_of___awmod              text33        013CC
__end_of___lmul               text32        014F8
__end_of___lwdiv              text18        0154A
__end_of___lwmod              text17        0170A
__end_of__initialization      cinit         017EE
__end_of_activateLEDTarget    text37        012E6
__end_of_activateTarget       text36        01A1A
__end_of_changeMode           text35        019F6
__end_of_clearDisplay         text27        0192E
__end_of_displayCtrl          text26        016C8
__end_of_dpowers              smallconst    00E0B
__end_of_fireShot             text34        01A22
__end_of_fliplr               text22        0159C
__end_of_getRandomTarget      text30        01684
__end_of_initialisation_LCD   text23        019A4
__end_of_initialisation_PORT  text25        0174A
__end_of_initialisation_SPI   text24        01788
__end_of_main                 text0         01086
__end_of_moveCursor           text21        0163A
__end_of_printEndGame         text15        0143A
__end_of_printMBED            text13        01856
__end_of_printPoints          text11        0190C
__end_of_printRemBullets      text10        018EA
__end_of_printRemTime         text9         018C8
__end_of_printStartGame       text8         017C2
__end_of_printStat            text12        014A2
__end_of_putStringLCD         text19        0135C
__end_of_putchLCD             text20        01828
__end_of_rand                 text31        015EE
__end_of_readBusyFlag         text28        019BE
__end_of_rxIsr                intcode       00164
__end_of_setInterruptConfig   text7         0196C
__end_of_setModeLED           text6         0194E
__end_of_setPinConfig         text5         01988
__end_of_setTimerConfig       text4         019D2
__end_of_setUARTconfig        text3         018A6
__end_of_spi_Send_Read        text29        019E4
__end_of_sprintf              text16        0120A
__end_of_stopShot             text2         01A1E
__end_of_toggleGunLED         text1         01A06
__end_of_waitASec             text14        01884
__initialization              cinit         017C2
__mediumconst                 mediumconst   00000
__pbssCOMRAM                  bssCOMRAM     0002B
__pcinit                      cinit         017C2
__pcstackBANK0                cstackBANK0   00060
__pcstackCOMRAM               cstackCOMRAM  00001
__pdataCOMRAM                 dataCOMRAM    00042
__pidataCOMRAM                idataCOMRAM   01A06
__pintcode                    intcode       00008
__psmallconst                 smallconst    00E00
__ptext0                      text0         00E68
__ptext1                      text1         019F6
__ptext10                     text10        018C8
__ptext11                     text11        018EA
__ptext12                     text12        0143A
__ptext13                     text13        01828
__ptext14                     text14        01856
__ptext15                     text15        013CC
__ptext16                     text16        01086
__ptext17                     text17        016C8
__ptext18                     text18        014F8
__ptext19                     text19        012E6
__ptext2                      text2         01A1A
__ptext20                     text20        017F8
__ptext21                     text21        015EE
__ptext22                     text22        0154A
__ptext23                     text23        01988
__ptext24                     text24        0174A
__ptext25                     text25        0170A
__ptext26                     text26        01684
__ptext27                     text27        0190C
__ptext28                     text28        019A4
__ptext29                     text29        019D2
__ptext3                      text3         01884
__ptext30                     text30        0163A
__ptext31                     text31        0159C
__ptext32                     text32        014A2
__ptext33                     text33        0135C
__ptext34                     text34        01A1E
__ptext35                     text35        019E4
__ptext36                     text36        01A10
__ptext37                     text37        0120A
__ptext4                      text4         019BE
__ptext5                      text5         0196C
__ptext6                      text6         0192E
__ptext7                      text7         0194E
__ptext8                      text8         01788
__ptext9                      text9         018A6
__ramtop                      ramtop        00E00
__size_of___awmod             (abs)         00000
__size_of___lmul              (abs)         00000
__size_of___lwdiv             (abs)         00000
__size_of___lwmod             (abs)         00000
__size_of_activateLEDTarget   (abs)         00000
__size_of_activateTarget      (abs)         00000
__size_of_changeMode          (abs)         00000
__size_of_clearDisplay        (abs)         00000
__size_of_displayCtrl         (abs)         00000
__size_of_fireShot            (abs)         00000
__size_of_fliplr              (abs)         00000
__size_of_getRandomTarget     (abs)         00000
__size_of_initialisation_LCD  (abs)         00000
__size_of_initialisation_PORT (abs)         00000
__size_of_initialisation_SPI  (abs)         00000
__size_of_main                (abs)         00000
__size_of_moveCursor          (abs)         00000
__size_of_printEndGame        (abs)         00000
__size_of_printMBED           (abs)         00000
__size_of_printPoints         (abs)         00000
__size_of_printRemBullets     (abs)         00000
__size_of_printRemTime        (abs)         00000
__size_of_printStartGame      (abs)         00000
__size_of_printStat           (abs)         00000
__size_of_putStringLCD        (abs)         00000
__size_of_putchLCD            (abs)         00000
__size_of_rand                (abs)         00000
__size_of_readBusyFlag        (abs)         00000
__size_of_rxIsr               (abs)         00000
__size_of_setInterruptConfig  (abs)         00000
__size_of_setModeLED          (abs)         00000
__size_of_setPinConfig        (abs)         00000
__size_of_setTimerConfig      (abs)         00000
__size_of_setUARTconfig       (abs)         00000
__size_of_spi_Send_Read       (abs)         00000
__size_of_sprintf             (abs)         00000
__size_of_stopShot            (abs)         00000
__size_of_toggleGunLED        (abs)         00000
__size_of_waitASec            (abs)         00000
__smallconst                  smallconst    00E00
_activateLEDTarget            text37        0120A
_activateTarget               text36        01A10
_ammoLeft                     dataCOMRAM    0004A
_capteurFlag                  bssCOMRAM     00034
_changeMode                   text35        019E4
_clearDisplay                 text27        0190C
_displayCtrl                  text26        01684
_dpowers                      smallconst    00E01
_endFlag                      bssCOMRAM     00032
_fireShot                     text34        01A1E
_fliplr                       text22        0154A
_getRandomTarget              text30        0163A
_globalTimer                  bssCOMRAM     0002D
_initialisation_LCD           text23        01988
_initialisation_PORT          text25        0170A
_initialisation_SPI           text24        0174A
_main                         text0         00E68
_maxAmmo                      dataCOMRAM    00046
_modeFlag                     bssCOMRAM     00036
_moveCursor                   text21        015EE
_myModeState                  bssCOMRAM     0003C
_myState                      bssCOMRAM     0003D
_nextTarget                   bssCOMRAM     0003E
_pewFlag                      bssCOMRAM     00035
_printEndGame                 text15        013CC
_printMBED                    text13        01828
_printPoints                  text11        018EA
_printRemBullets              text10        018C8
_printRemTime                 text9         018A6
_printStartGame               text8         01788
_printStat                    text12        0143A
_putStringLCD                 text19        012E6
_putchLCD                     text20        017F8
_rand                         text31        0159C
_randx                        dataCOMRAM    00042
_readBusyFlag                 text28        019A4
_reloadFlag                   bssCOMRAM     00037
_rxChar                       bssCOMRAM     0003B
_rxFlag                       bssCOMRAM     00038
_rxIsr                        intcode       00008
_setInterruptConfig           text7         0194E
_setModeLED                   text6         0192E
_setPinConfig                 text5         0196C
_setTimerConfig               text4         019BE
_setUARTconfig                text3         01884
_singleGameTime               dataCOMRAM    00048
_spi_Send_Read                text29        019D2
_sprintf                      text16        01086
_startGame                    bssCOMRAM     00031
_stopShot                     text2         01A1A
_timerFlag                    bssCOMRAM     00033
_toggleCounter                bssCOMRAM     0002F
_toggleGunLED                 text1         019F6
_totalPoints                  bssCOMRAM     0002B
_transferedData               bssCOMRAM     0003A
_waitASec                     text14        01856
activateLEDTarget@ledNBR      cstackCOMRAM  0001B
activateLEDTarget@targetLED   cstackCOMRAM  00013
activateTarget@targetNbr      cstackCOMRAM  00013
btemp                         temp          0004C
displayCtrl@BCD               cstackCOMRAM  00018
displayCtrl@blink             cstackCOMRAM  00016
displayCtrl@cursor            cstackCOMRAM  00015
displayCtrl@display           cstackCOMRAM  00017
end_of_initialization         cinit         017EE
fliplr@input                  cstackCOMRAM  00015
getRandomTarget@Target        cstackCOMRAM  00027
int$flags                     temp          0004C
intlevel0                     text          00000
intlevel1                     text          00000
intlevel2                     text          00000
intlevel3                     text          00000
main@i                        cstackBANK0   0006B
moveCursor@address            cstackCOMRAM  0001A
moveCursor@col                cstackCOMRAM  00018
moveCursor@row                cstackCOMRAM  00016
printEndGame@nbPoints         cstackCOMRAM  00026
printEndGame@statArray        cstackCOMRAM  00028
printPoints@nbPoints          cstackBANK0   00067
printRemBullets@nbBullets     cstackBANK0   00067
printRemTime@nbSeconds        cstackBANK0   00067
printStat@stat                cstackCOMRAM  00026
printStat@statArray           cstackCOMRAM  00028
putStringLCD@i                cstackCOMRAM  0001B
putStringLCD@input            cstackCOMRAM  00017
putchLCD@input                cstackCOMRAM  00016
readBusyFlag@retValue         cstackCOMRAM  00014
setModeLED@Mode               cstackCOMRAM  00013
spi_Send_Read@byte            cstackCOMRAM  00013
sprintf@ap                    cstackBANK0   00060
sprintf@c                     cstackBANK0   00066
sprintf@f                     cstackCOMRAM  00021
sprintf@flag                  cstackBANK0   00062
sprintf@prec                  cstackBANK0   00063
sprintf@sp                    cstackCOMRAM  0001F
sprintf@val                   cstackBANK0   00064
stackhi                       (abs)         00DF9
stacklo                       (abs)         0006D
start                         init          00164
start_initialization          cinit         017C2
waitASec@i                    cstackCOMRAM  00014
wtemp6                        temp          0004D


FUNCTION INFORMATION:

 *************** function _main *****************
 Defined at:
		line 92 in file "main.c"
 Parameters:    Size  Location     Type
		None
 Auto vars:     Size  Location     Type
  i               2   11[BANK0 ] int 
 Return value:  Size  Location     Type
                  1    wreg      void 
 Registers used:
		wreg, fsr0l, fsr0h, fsr2l, fsr2h, status,2, status,0, tblptrl, tblptrh, tblptru, prodl, prodh, cstack
 Tracked objects:
		On entry : 
		On exit  : 
		Unchanged: 
 Data sizes:     COMRAM   BANK0   BANK1   BANK2   BANK3   BANK4   BANK5   BANK6   BANK7   BANK8   BANK9  BANK10  BANK11  BANK12  BANK13
      Params:         0       0       0       0       0       0       0       0       0       0       0       0       0       0       0
      Locals:         0       2       0       0       0       0       0       0       0       0       0       0       0       0       0
      Temps:          0       2       0       0       0       0       0       0       0       0       0       0       0       0       0
      Totals:         0       4       0       0       0       0       0       0       0       0       0       0       0       0       0
Total ram usage:        4 bytes
 Hardware stack levels required when called:    7
 This function calls:
		_activateLEDTarget
		_activateTarget
		_changeMode
		_fireShot
		_getRandomTarget
		_initialisation_LCD
		_printEndGame
		_printMBED
		_printPoints
		_printRemBullets
		_printRemTime
		_printStartGame
		_setInterruptConfig
		_setModeLED
		_setPinConfig
		_setTimerConfig
		_setUARTconfig
		_stopShot
		_toggleGunLED
		_waitASec
 This function is called by:
		Startup code after reset
 This function uses a non-reentrant model


 *************** function _toggleGunLED *****************
 Defined at:
		line 416 in file "main.c"
 Parameters:    Size  Location     Type
		None
 Auto vars:     Size  Location     Type
		None
 Return value:  Size  Location     Type
                  1    wreg      void 
 Registers used:
		None
 Tracked objects:
		On entry : 
		On exit  : 
		Unchanged: 
 Data sizes:     COMRAM   BANK0   BANK1   BANK2   BANK3   BANK4   BANK5   BANK6   BANK7   BANK8   BANK9  BANK10  BANK11  BANK12  BANK13
      Params:         0       0       0       0       0       0       0       0       0       0       0       0       0       0       0
      Locals:         0       0       0       0       0       0       0       0       0       0       0       0       0       0       0
      Temps:          0       0       0       0       0       0       0       0       0       0       0       0       0       0       0
      Totals:         0       0       0       0       0       0       0       0       0       0       0       0       0       0       0
Total ram usage:        0 bytes
 Hardware stack levels used:    1
 Hardware stack levels required when called:    1
 This function calls:
		Nothing
 This function is called by:
		_main
 This function uses a non-reentrant model


 *************** function _stopShot *****************
 Defined at:
		line 398 in file "main.c"
 Parameters:    Size  Location     Type
		None
 Auto vars:     Size  Location     Type
		None
 Return value:  Size  Location     Type
                  1    wreg      void 
 Registers used:
		None
 Tracked objects:
		On entry : 
		On exit  : 
		Unchanged: 
 Data sizes:     COMRAM   BANK0   BANK1   BANK2   BANK3   BANK4   BANK5   BANK6   BANK7   BANK8   BANK9  BANK10  BANK11  BANK12  BANK13
      Params:         0       0       0       0       0       0       0       0       0       0       0       0       0       0       0
      Locals:         0       0       0       0       0       0       0       0       0       0       0       0       0       0       0
      Temps:          0       0       0       0       0       0       0       0       0       0       0       0       0       0       0
      Totals:         0       0       0       0       0       0       0       0       0       0       0       0       0       0       0
Total ram usage:        0 bytes
 Hardware stack levels used:    1
 Hardware stack levels required when called:    1
 This function calls:
		Nothing
 This function is called by:
		_main
 This function uses a non-reentrant model


 *************** function _setUARTconfig *****************
 Defined at:
		line 303 in file "main.c"
 Parameters:    Size  Location     Type
		None
 Auto vars:     Size  Location     Type
		None
 Return value:  Size  Location     Type
                  1    wreg      void 
 Registers used:
		wreg, status,2
 Tracked objects:
		On entry : 
		On exit  : 
		Unchanged: 
 Data sizes:     COMRAM   BANK0   BANK1   BANK2   BANK3   BANK4   BANK5   BANK6   BANK7   BANK8   BANK9  BANK10  BANK11  BANK12  BANK13
      Params:         0       0       0       0       0       0       0       0       0       0       0       0       0       0       0
      Locals:         0       0       0       0       0       0       0       0       0       0       0       0       0       0       0
      Temps:          0       0       0       0       0       0       0       0       0       0       0       0       0       0       0
      Totals:         0       0       0       0       0       0       0       0       0       0       0       0       0       0       0
Total ram usage:        0 bytes
 Hardware stack levels used:    1
 Hardware stack levels required when called:    1
 This function calls:
		Nothing
 This function is called by:
		_main
 This function uses a non-reentrant model


 *************** function _setTimerConfig *****************
 Defined at:
		line 351 in file "main.c"
 Parameters:    Size  Location     Type
		None
 Auto vars:     Size  Location     Type
		None
 Return value:  Size  Location     Type
                  1    wreg      void 
 Registers used:
		wreg, status,2
 Tracked objects:
		On entry : 
		On exit  : 
		Unchanged: 
 Data sizes:     COMRAM   BANK0   BANK1   BANK2   BANK3   BANK4   BANK5   BANK6   BANK7   BANK8   BANK9  BANK10  BANK11  BANK12  BANK13
      Params:         0       0       0       0       0       0       0       0       0       0       0       0       0       0       0
      Locals:         0       0       0       0       0       0       0       0       0       0       0       0       0       0       0
      Temps:          0       0       0       0       0       0       0       0       0       0       0       0       0       0       0
      Totals:         0       0       0       0       0       0       0       0       0       0       0       0       0       0       0
Total ram usage:        0 bytes
 Hardware stack levels used:    1
 Hardware stack levels required when called:    1
 This function calls:
		Nothing
 This function is called by:
		_main
 This function uses a non-reentrant model


 *************** function _setPinConfig *****************
 Defined at:
		line 338 in file "main.c"
 Parameters:    Size  Location     Type
		None
 Auto vars:     Size  Location     Type
		None
 Return value:  Size  Location     Type
                  1    wreg      void 
 Registers used:
		wreg, status,2, status,0
 Tracked objects:
		On entry : 
		On exit  : 
		Unchanged: 
 Data sizes:     COMRAM   BANK0   BANK1   BANK2   BANK3   BANK4   BANK5   BANK6   BANK7   BANK8   BANK9  BANK10  BANK11  BANK12  BANK13
      Params:         0       0       0       0       0       0       0       0       0       0       0       0       0       0       0
      Locals:         0       0       0       0       0       0       0       0       0       0       0       0       0       0       0
      Temps:          0       0       0       0       0       0       0       0       0       0       0       0       0       0       0
      Totals:         0       0       0       0       0       0       0       0       0       0       0       0       0       0       0
Total ram usage:        0 bytes
 Hardware stack levels used:    1
 Hardware stack levels required when called:    1
 This function calls:
		Nothing
 This function is called by:
		_main
 This function uses a non-reentrant model


 *************** function _setModeLED *****************
 Defined at:
		line 402 in file "main.c"
 Parameters:    Size  Location     Type
  Mode            1    wreg     enum E13823
 Auto vars:     Size  Location     Type
  Mode            1   18[COMRAM] enum E13823
 Return value:  Size  Location     Type
                  1    wreg      void 
 Registers used:
		wreg, status,2, status,0
 Tracked objects:
		On entry : 
		On exit  : 
		Unchanged: 
 Data sizes:     COMRAM   BANK0   BANK1   BANK2   BANK3   BANK4   BANK5   BANK6   BANK7   BANK8   BANK9  BANK10  BANK11  BANK12  BANK13
      Params:         0       0       0       0       0       0       0       0       0       0       0       0       0       0       0
      Locals:         1       0       0       0       0       0       0       0       0       0       0       0       0       0       0
      Temps:          0       0       0       0       0       0       0       0       0       0       0       0       0       0       0
      Totals:         1       0       0       0       0       0       0       0       0       0       0       0       0       0       0
Total ram usage:        1 bytes
 Hardware stack levels used:    1
 Hardware stack levels required when called:    1
 This function calls:
		Nothing
 This function is called by:
		_main
 This function uses a non-reentrant model


 *************** function _setInterruptConfig *****************
 Defined at:
		line 315 in file "main.c"
 Parameters:    Size  Location     Type
		None
 Auto vars:     Size  Location     Type
		None
 Return value:  Size  Location     Type
                  1    wreg      void 
 Registers used:
		wreg, status,2
 Tracked objects:
		On entry : 
		On exit  : 
		Unchanged: 
 Data sizes:     COMRAM   BANK0   BANK1   BANK2   BANK3   BANK4   BANK5   BANK6   BANK7   BANK8   BANK9  BANK10  BANK11  BANK12  BANK13
      Params:         0       0       0       0       0       0       0       0       0       0       0       0       0       0       0
      Locals:         0       0       0       0       0       0       0       0       0       0       0       0       0       0       0
      Temps:          0       0       0       0       0       0       0       0       0       0       0       0       0       0       0
      Totals:         0       0       0       0       0       0       0       0       0       0       0       0       0       0       0
Total ram usage:        0 bytes
 Hardware stack levels used:    1
 Hardware stack levels required when called:    1
 This function calls:
		Nothing
 This function is called by:
		_main
 This function uses a non-reentrant model


 *************** function _printStartGame *****************
 Defined at:
		line 12 in file "LCD_Game_Printer.c"
 Parameters:    Size  Location     Type
		None
 Auto vars:     Size  Location     Type
		None
 Return value:  Size  Location     Type
                  1    wreg      void 
 Registers used:
		wreg, fsr0l, fsr0h, status,2, status,0, tblptrl, tblptrh, tblptru, prodl, prodh, cstack
 Tracked objects:
		On entry : 
		On exit  : 
		Unchanged: 
 Data sizes:     COMRAM   BANK0   BANK1   BANK2   BANK3   BANK4   BANK5   BANK6   BANK7   BANK8   BANK9  BANK10  BANK11  BANK12  BANK13
      Params:         0       0       0       0       0       0       0       0       0       0       0       0       0       0       0
      Locals:         0       0       0       0       0       0       0       0       0       0       0       0       0       0       0
      Temps:          0       0       0       0       0       0       0       0       0       0       0       0       0       0       0
      Totals:         0       0       0       0       0       0       0       0       0       0       0       0       0       0       0
Total ram usage:        0 bytes
 Hardware stack levels used:    1
 Hardware stack levels required when called:    5
 This function calls:
		_clearDisplay
		_moveCursor
		_putStringLCD
		_waitASec
 This function is called by:
		_main
 This function uses a non-reentrant model


 *************** function _printRemTime *****************
 Defined at:
		line 26 in file "LCD_Game_Printer.c"
 Parameters:    Size  Location     Type
  nbSeconds       2    7[BANK0 ] unsigned int 
 Auto vars:     Size  Location     Type
		None
 Return value:  Size  Location     Type
                  1    wreg      void 
 Registers used:
		wreg, fsr0l, fsr0h, fsr2l, fsr2h, status,2, status,0, tblptrl, tblptrh, tblptru, prodl, prodh, cstack
 Tracked objects:
		On entry : 
		On exit  : 
		Unchanged: 
 Data sizes:     COMRAM   BANK0   BANK1   BANK2   BANK3   BANK4   BANK5   BANK6   BANK7   BANK8   BANK9  BANK10  BANK11  BANK12  BANK13
      Params:         0       2       0       0       0       0       0       0       0       0       0       0       0       0       0
      Locals:         0       0       0       0       0       0       0       0       0       0       0       0       0       0       0
      Temps:          0       0       0       0       0       0       0       0       0       0       0       0       0       0       0
      Totals:         0       2       0       0       0       0       0       0       0       0       0       0       0       0       0
Total ram usage:        2 bytes
 Hardware stack levels used:    1
 Hardware stack levels required when called:    6
 This function calls:
		_moveCursor
		_printStat
 This function is called by:
		_main
 This function uses a non-reentrant model


 *************** function _printRemBullets *****************
 Defined at:
		line 21 in file "LCD_Game_Printer.c"
 Parameters:    Size  Location     Type
  nbBullets       2    7[BANK0 ] unsigned int 
 Auto vars:     Size  Location     Type
		None
 Return value:  Size  Location     Type
                  1    wreg      void 
 Registers used:
		wreg, fsr0l, fsr0h, fsr2l, fsr2h, status,2, status,0, tblptrl, tblptrh, tblptru, prodl, prodh, cstack
 Tracked objects:
		On entry : 
		On exit  : 
		Unchanged: 
 Data sizes:     COMRAM   BANK0   BANK1   BANK2   BANK3   BANK4   BANK5   BANK6   BANK7   BANK8   BANK9  BANK10  BANK11  BANK12  BANK13
      Params:         0       2       0       0       0       0       0       0       0       0       0       0       0       0       0
      Locals:         0       0       0       0       0       0       0       0       0       0       0       0       0       0       0
      Temps:          0       0       0       0       0       0       0       0       0       0       0       0       0       0       0
      Totals:         0       2       0       0       0       0       0       0       0       0       0       0       0       0       0
Total ram usage:        2 bytes
 Hardware stack levels used:    1
 Hardware stack levels required when called:    6
 This function calls:
		_moveCursor
		_printStat
 This function is called by:
		_main
 This function uses a non-reentrant model


 *************** function _printPoints *****************
 Defined at:
		line 31 in file "LCD_Game_Printer.c"
 Parameters:    Size  Location     Type
  nbPoints        2    7[BANK0 ] unsigned int 
 Auto vars:     Size  Location     Type
		None
 Return value:  Size  Location     Type
                  1    wreg      void 
 Registers used:
		wreg, fsr0l, fsr0h, fsr2l, fsr2h, status,2, status,0, tblptrl, tblptrh, tblptru, prodl, prodh, cstack
 Tracked objects:
		On entry : 
		On exit  : 
		Unchanged: 
 Data sizes:     COMRAM   BANK0   BANK1   BANK2   BANK3   BANK4   BANK5   BANK6   BANK7   BANK8   BANK9  BANK10  BANK11  BANK12  BANK13
      Params:         0       2       0       0       0       0       0       0       0       0       0       0       0       0       0
      Locals:         0       0       0       0       0       0       0       0       0       0       0       0       0       0       0
      Temps:          0       0       0       0       0       0       0       0       0       0       0       0       0       0       0
      Totals:         0       2       0       0       0       0       0       0       0       0       0       0       0       0       0
Total ram usage:        2 bytes
 Hardware stack levels used:    1
 Hardware stack levels required when called:    6
 This function calls:
		_moveCursor
		_printStat
 This function is called by:
		_main
 This function uses a non-reentrant model


 *************** function _printStat *****************
 Defined at:
		line 36 in file "LCD_Game_Printer.c"
 Parameters:    Size  Location     Type
  stat            2   37[COMRAM] unsigned int 
 Auto vars:     Size  Location     Type
  statArray       3   39[COMRAM] unsigned char [3]
 Return value:  Size  Location     Type
                  1    wreg      void 
 Registers used:
		wreg, fsr0l, fsr0h, fsr2l, fsr2h, status,2, status,0, tblptrl, tblptrh, tblptru, prodl, prodh, cstack
 Tracked objects:
		On entry : 
		On exit  : 
		Unchanged: 
 Data sizes:     COMRAM   BANK0   BANK1   BANK2   BANK3   BANK4   BANK5   BANK6   BANK7   BANK8   BANK9  BANK10  BANK11  BANK12  BANK13
      Params:         2       0       0       0       0       0       0       0       0       0       0       0       0       0       0
      Locals:         3       0       0       0       0       0       0       0       0       0       0       0       0       0       0
      Temps:          0       0       0       0       0       0       0       0       0       0       0       0       0       0       0
      Totals:         5       0       0       0       0       0       0       0       0       0       0       0       0       0       0
Total ram usage:        5 bytes
 Hardware stack levels used:    1
 Hardware stack levels required when called:    5
 This function calls:
		_putStringLCD
		_sprintf
 This function is called by:
		_printRemBullets
		_printRemTime
		_printPoints
 This function uses a non-reentrant model


 *************** function _printMBED *****************
 Defined at:
		line 4 in file "LCD_Game_Printer.c"
 Parameters:    Size  Location     Type
		None
 Auto vars:     Size  Location     Type
		None
 Return value:  Size  Location     Type
                  1    wreg      void 
 Registers used:
		wreg, fsr0l, fsr0h, status,2, status,0, tblptrl, tblptrh, tblptru, prodl, prodh, cstack
 Tracked objects:
		On entry : 
		On exit  : 
		Unchanged: 
 Data sizes:     COMRAM   BANK0   BANK1   BANK2   BANK3   BANK4   BANK5   BANK6   BANK7   BANK8   BANK9  BANK10  BANK11  BANK12  BANK13
      Params:         0       0       0       0       0       0       0       0       0       0       0       0       0       0       0
      Locals:         0       0       0       0       0       0       0       0       0       0       0       0       0       0       0
      Temps:          0       0       0       0       0       0       0       0       0       0       0       0       0       0       0
      Totals:         0       0       0       0       0       0       0       0       0       0       0       0       0       0       0
Total ram usage:        0 bytes
 Hardware stack levels used:    1
 Hardware stack levels required when called:    5
 This function calls:
		_clearDisplay
		_moveCursor
		_putStringLCD
		_waitASec
 This function is called by:
		_main
 This function uses a non-reentrant model


 *************** function _waitASec *****************
 Defined at:
		line 61 in file "LCD_Game_Printer.c"
 Parameters:    Size  Location     Type
		None
 Auto vars:     Size  Location     Type
  i               2   19[COMRAM] int 
 Return value:  Size  Location     Type
                  1    wreg      void 
 Registers used:
		wreg, status,2, status,0
 Tracked objects:
		On entry : 
		On exit  : 
		Unchanged: 
 Data sizes:     COMRAM   BANK0   BANK1   BANK2   BANK3   BANK4   BANK5   BANK6   BANK7   BANK8   BANK9  BANK10  BANK11  BANK12  BANK13
      Params:         0       0       0       0       0       0       0       0       0       0       0       0       0       0       0
      Locals:         2       0       0       0       0       0       0       0       0       0       0       0       0       0       0
      Temps:          1       0       0       0       0       0       0       0       0       0       0       0       0       0       0
      Totals:         3       0       0       0       0       0       0       0       0       0       0       0       0       0       0
Total ram usage:        3 bytes
 Hardware stack levels used:    1
 Hardware stack levels required when called:    1
 This function calls:
		Nothing
 This function is called by:
		_main
		_printMBED
		_printStartGame
 This function uses a non-reentrant model


 *************** function _printEndGame *****************
 Defined at:
		line 50 in file "LCD_Game_Printer.c"
 Parameters:    Size  Location     Type
  nbPoints        2   37[COMRAM] unsigned int 
 Auto vars:     Size  Location     Type
  statArray       3   39[COMRAM] unsigned char [3]
 Return value:  Size  Location     Type
                  1    wreg      void 
 Registers used:
		wreg, fsr0l, fsr0h, fsr2l, fsr2h, status,2, status,0, tblptrl, tblptrh, tblptru, prodl, prodh, cstack
 Tracked objects:
		On entry : 
		On exit  : 
		Unchanged: 
 Data sizes:     COMRAM   BANK0   BANK1   BANK2   BANK3   BANK4   BANK5   BANK6   BANK7   BANK8   BANK9  BANK10  BANK11  BANK12  BANK13
      Params:         2       0       0       0       0       0       0       0       0       0       0       0       0       0       0
      Locals:         3       0       0       0       0       0       0       0       0       0       0       0       0       0       0
      Temps:          0       0       0       0       0       0       0       0       0       0       0       0       0       0       0
      Totals:         5       0       0       0       0       0       0       0       0       0       0       0       0       0       0
Total ram usage:        5 bytes
 Hardware stack levels used:    1
 Hardware stack levels required when called:    5
 This function calls:
		_clearDisplay
		_moveCursor
		_putStringLCD
		_sprintf
 This function is called by:
		_main
 This function uses a non-reentrant model


 *************** function _sprintf *****************
 Defined at:
		line 492 in file "C:\Program Files (x86)\Microchip\xc8\v1.43\sources\common\doprnt.c"
 Parameters:    Size  Location     Type
  sp              2   30[COMRAM] PTR unsigned char 
		 -> printEndGame@statArray(3), printStat@statArray(3), 
  f               2   32[COMRAM] PTR const unsigned char 
		 -> STR_7(3), STR_4(3), 
 Auto vars:     Size  Location     Type
  tmpval          4    0        struct .
  cp              3    0        PTR const unsigned char 
  val             2    4[BANK0 ] unsigned int 
  ap              2    0[BANK0 ] PTR void [1]
		 -> ?_sprintf(2), 
  len             2    0        unsigned int 
  c               1    6[BANK0 ] char 
  prec            1    3[BANK0 ] char 
  flag            1    2[BANK0 ] unsigned char 
 Return value:  Size  Location     Type
                  2   30[COMRAM] int 
 Registers used:
		wreg, fsr2l, fsr2h, status,2, status,0, tblptrl, tblptrh, tblptru, prodl, prodh, cstack
 Tracked objects:
		On entry : 
		On exit  : 
		Unchanged: 
 Data sizes:     COMRAM   BANK0   BANK1   BANK2   BANK3   BANK4   BANK5   BANK6   BANK7   BANK8   BANK9  BANK10  BANK11  BANK12  BANK13
      Params:         6       0       0       0       0       0       0       0       0       0       0       0       0       0       0
      Locals:         0       7       0       0       0       0       0       0       0       0       0       0       0       0       0
      Temps:          1       0       0       0       0       0       0       0       0       0       0       0       0       0       0
      Totals:         7       7       0       0       0       0       0       0       0       0       0       0       0       0       0
Total ram usage:       14 bytes
 Hardware stack levels used:    1
 Hardware stack levels required when called:    2
 This function calls:
		___lwdiv
		___lwmod
 This function is called by:
		_printStat
		_printEndGame
 This function uses a non-reentrant model


 *************** function ___lwmod *****************
 Defined at:
		line 8 in file "C:\Program Files (x86)\Microchip\xc8\v1.43\sources\common\lwmod.c"
 Parameters:    Size  Location     Type
  dividend        2   25[COMRAM] unsigned int 
  divisor         2   27[COMRAM] unsigned int 
 Auto vars:     Size  Location     Type
  counter         1   29[COMRAM] unsigned char 
 Return value:  Size  Location     Type
                  2   25[COMRAM] unsigned int 
 Registers used:
		wreg, status,2, status,0
 Tracked objects:
		On entry : 
		On exit  : 
		Unchanged: 
 Data sizes:     COMRAM   BANK0   BANK1   BANK2   BANK3   BANK4   BANK5   BANK6   BANK7   BANK8   BANK9  BANK10  BANK11  BANK12  BANK13
      Params:         4       0       0       0       0       0       0       0       0       0       0       0       0       0       0
      Locals:         1       0       0       0       0       0       0       0       0       0       0       0       0       0       0
      Temps:          0       0       0       0       0       0       0       0       0       0       0       0       0       0       0
      Totals:         5       0       0       0       0       0       0       0       0       0       0       0       0       0       0
Total ram usage:        5 bytes
 Hardware stack levels used:    1
 Hardware stack levels required when called:    1
 This function calls:
		Nothing
 This function is called by:
		_sprintf
 This function uses a non-reentrant model


 *************** function ___lwdiv *****************
 Defined at:
		line 8 in file "C:\Program Files (x86)\Microchip\xc8\v1.43\sources\common\lwdiv.c"
 Parameters:    Size  Location     Type
  dividend        2   18[COMRAM] unsigned int 
  divisor         2   20[COMRAM] unsigned int 
 Auto vars:     Size  Location     Type
  quotient        2   23[COMRAM] unsigned int 
  counter         1   22[COMRAM] unsigned char 
 Return value:  Size  Location     Type
                  2   18[COMRAM] unsigned int 
 Registers used:
		wreg, status,2, status,0
 Tracked objects:
		On entry : 
		On exit  : 
		Unchanged: 
 Data sizes:     COMRAM   BANK0   BANK1   BANK2   BANK3   BANK4   BANK5   BANK6   BANK7   BANK8   BANK9  BANK10  BANK11  BANK12  BANK13
      Params:         4       0       0       0       0       0       0       0       0       0       0       0       0       0       0
      Locals:         3       0       0       0       0       0       0       0       0       0       0       0       0       0       0
      Temps:          0       0       0       0       0       0       0       0       0       0       0       0       0       0       0
      Totals:         7       0       0       0       0       0       0       0       0       0       0       0       0       0       0
Total ram usage:        7 bytes
 Hardware stack levels used:    1
 Hardware stack levels required when called:    1
 This function calls:
		Nothing
 This function is called by:
		_sprintf
 This function uses a non-reentrant model


 *************** function _putStringLCD *****************
 Defined at:
		line 49 in file "LCD_SPI.c"
 Parameters:    Size  Location     Type
  input           2   22[COMRAM] PTR const unsigned char 
		 -> STR_9(10), STR_8(22), printEndGame@statArray(3), STR_6(3), 
		 -> STR_5(2), printStat@statArray(3), STR_3(20), STR_2(16), 
		 -> STR_1(20), 
 Auto vars:     Size  Location     Type
  i               2   26[COMRAM] int 
 Return value:  Size  Location     Type
                  1    wreg      void 
 Registers used:
		wreg, fsr0l, fsr0h, status,2, status,0, tblptrl, tblptrh, tblptru, cstack
 Tracked objects:
		On entry : 
		On exit  : 
		Unchanged: 
 Data sizes:     COMRAM   BANK0   BANK1   BANK2   BANK3   BANK4   BANK5   BANK6   BANK7   BANK8   BANK9  BANK10  BANK11  BANK12  BANK13
      Params:         2       0       0       0       0       0       0       0       0       0       0       0       0       0       0
      Locals:         2       0       0       0       0       0       0       0       0       0       0       0       0       0       0
      Temps:          2       0       0       0       0       0       0       0       0       0       0       0       0       0       0
      Totals:         6       0       0       0       0       0       0       0       0       0       0       0       0       0       0
Total ram usage:        6 bytes
 Hardware stack levels used:    1
 Hardware stack levels required when called:    4
 This function calls:
		_putchLCD
 This function is called by:
		_printMBED
		_printStartGame
		_printStat
		_printEndGame
 This function uses a non-reentrant model


 *************** function _putchLCD *****************
 Defined at:
		line 58 in file "LCD_SPI.c"
 Parameters:    Size  Location     Type
  input           1    wreg     unsigned char 
 Auto vars:     Size  Location     Type
  input           1   21[COMRAM] unsigned char 
 Return value:  Size  Location     Type
                  1    wreg      void 
 Registers used:
		wreg, status,2, status,0, cstack
 Tracked objects:
		On entry : 
		On exit  : 
		Unchanged: 
 Data sizes:     COMRAM   BANK0   BANK1   BANK2   BANK3   BANK4   BANK5   BANK6   BANK7   BANK8   BANK9  BANK10  BANK11  BANK12  BANK13
      Params:         0       0       0       0       0       0       0       0       0       0       0       0       0       0       0
      Locals:         1       0       0       0       0       0       0       0       0       0       0       0       0       0       0
      Temps:          0       0       0       0       0       0       0       0       0       0       0       0       0       0       0
      Totals:         1       0       0       0       0       0       0       0       0       0       0       0       0       0       0
Total ram usage:        1 bytes
 Hardware stack levels used:    1
 Hardware stack levels required when called:    3
 This function calls:
		_fliplr
		_readBusyFlag
		_spi_Send_Read
 This function is called by:
		_putStringLCD
 This function uses a non-reentrant model


 *************** function _moveCursor *****************
 Defined at:
		line 79 in file "LCD_SPI.c"
 Parameters:    Size  Location     Type
  row             2   21[COMRAM] int 
  col             2   23[COMRAM] int 
 Auto vars:     Size  Location     Type
  address         1   25[COMRAM] unsigned char 
 Return value:  Size  Location     Type
                  1    wreg      void 
 Registers used:
		wreg, status,2, status,0, prodl, prodh, cstack
 Tracked objects:
		On entry : 
		On exit  : 
		Unchanged: 
 Data sizes:     COMRAM   BANK0   BANK1   BANK2   BANK3   BANK4   BANK5   BANK6   BANK7   BANK8   BANK9  BANK10  BANK11  BANK12  BANK13
      Params:         4       0       0       0       0       0       0       0       0       0       0       0       0       0       0
      Locals:         1       0       0       0       0       0       0       0       0       0       0       0       0       0       0
      Temps:          0       0       0       0       0       0       0       0       0       0       0       0       0       0       0
      Totals:         5       0       0       0       0       0       0       0       0       0       0       0       0       0       0
Total ram usage:        5 bytes
 Hardware stack levels used:    1
 Hardware stack levels required when called:    3
 This function calls:
		_fliplr
		_readBusyFlag
		_spi_Send_Read
 This function is called by:
		_printMBED
		_printStartGame
		_printRemBullets
		_printRemTime
		_printPoints
		_printEndGame
 This function uses a non-reentrant model


 *************** function _fliplr *****************
 Defined at:
		line 70 in file "LCD_SPI.c"
 Parameters:    Size  Location     Type
  input           1    wreg     unsigned char 
 Auto vars:     Size  Location     Type
  input           1   20[COMRAM] unsigned char 
 Return value:  Size  Location     Type
                  1    wreg      unsigned char 
 Registers used:
		wreg, status,2, status,0
 Tracked objects:
		On entry : 
		On exit  : 
		Unchanged: 
 Data sizes:     COMRAM   BANK0   BANK1   BANK2   BANK3   BANK4   BANK5   BANK6   BANK7   BANK8   BANK9  BANK10  BANK11  BANK12  BANK13
      Params:         0       0       0       0       0       0       0       0       0       0       0       0       0       0       0
      Locals:         1       0       0       0       0       0       0       0       0       0       0       0       0       0       0
      Temps:          2       0       0       0       0       0       0       0       0       0       0       0       0       0       0
      Totals:         3       0       0       0       0       0       0       0       0       0       0       0       0       0       0
Total ram usage:        3 bytes
 Hardware stack levels used:    1
 Hardware stack levels required when called:    1
 This function calls:
		Nothing
 This function is called by:
		_putchLCD
		_moveCursor
 This function uses a non-reentrant model


 *************** function _initialisation_LCD *****************
 Defined at:
		line 150 in file "LCD_SPI.c"
 Parameters:    Size  Location     Type
		None
 Auto vars:     Size  Location     Type
		None
 Return value:  Size  Location     Type
                  1    wreg      void 
 Registers used:
		wreg, status,2, status,0, cstack
 Tracked objects:
		On entry : 
		On exit  : 
		Unchanged: 
 Data sizes:     COMRAM   BANK0   BANK1   BANK2   BANK3   BANK4   BANK5   BANK6   BANK7   BANK8   BANK9  BANK10  BANK11  BANK12  BANK13
      Params:         0       0       0       0       0       0       0       0       0       0       0       0       0       0       0
      Locals:         0       0       0       0       0       0       0       0       0       0       0       0       0       0       0
      Temps:          0       0       0       0       0       0       0       0       0       0       0       0       0       0       0
      Totals:         0       0       0       0       0       0       0       0       0       0       0       0       0       0       0
Total ram usage:        0 bytes
 Hardware stack levels used:    1
 Hardware stack levels required when called:    4
 This function calls:
		_clearDisplay
		_displayCtrl
		_initialisation_PORT
		_initialisation_SPI
 This function is called by:
		_main
 This function uses a non-reentrant model


 *************** function _initialisation_SPI *****************
 Defined at:
		line 113 in file "LCD_SPI.c"
 Parameters:    Size  Location     Type
		None
 Auto vars:     Size  Location     Type
		None
 Return value:  Size  Location     Type
                  1    wreg      void 
 Registers used:
		wreg, status,2, status,0
 Tracked objects:
		On entry : 
		On exit  : 
		Unchanged: 
 Data sizes:     COMRAM   BANK0   BANK1   BANK2   BANK3   BANK4   BANK5   BANK6   BANK7   BANK8   BANK9  BANK10  BANK11  BANK12  BANK13
      Params:         0       0       0       0       0       0       0       0       0       0       0       0       0       0       0
      Locals:         0       0       0       0       0       0       0       0       0       0       0       0       0       0       0
      Temps:          0       0       0       0       0       0       0       0       0       0       0       0       0       0       0
      Totals:         0       0       0       0       0       0       0       0       0       0       0       0       0       0       0
Total ram usage:        0 bytes
 Hardware stack levels used:    1
 Hardware stack levels required when called:    1
 This function calls:
		Nothing
 This function is called by:
		_initialisation_LCD
 This function uses a non-reentrant model


 *************** function _initialisation_PORT *****************
 Defined at:
		line 135 in file "LCD_SPI.c"
 Parameters:    Size  Location     Type
		None
 Auto vars:     Size  Location     Type
		None
 Return value:  Size  Location     Type
                  1    wreg      void 
 Registers used:
		wreg, status,2, status,0
 Tracked objects:
		On entry : 
		On exit  : 
		Unchanged: 
 Data sizes:     COMRAM   BANK0   BANK1   BANK2   BANK3   BANK4   BANK5   BANK6   BANK7   BANK8   BANK9  BANK10  BANK11  BANK12  BANK13
      Params:         0       0       0       0       0       0       0       0       0       0       0       0       0       0       0
      Locals:         0       0       0       0       0       0       0       0       0       0       0       0       0       0       0
      Temps:          1       0       0       0       0       0       0       0       0       0       0       0       0       0       0
      Totals:         1       0       0       0       0       0       0       0       0       0       0       0       0       0       0
Total ram usage:        1 bytes
 Hardware stack levels used:    1
 Hardware stack levels required when called:    1
 This function calls:
		Nothing
 This function is called by:
		_initialisation_LCD
 This function uses a non-reentrant model


 *************** function _displayCtrl *****************
 Defined at:
		line 31 in file "LCD_SPI.c"
 Parameters:    Size  Location     Type
  display         1    wreg     unsigned char 
  cursor          1   20[COMRAM] unsigned char 
  blink           1   21[COMRAM] unsigned char 
 Auto vars:     Size  Location     Type
  display         1   22[COMRAM] unsigned char 
  BCD             1   23[COMRAM] unsigned char 
 Return value:  Size  Location     Type
                  1    wreg      void 
 Registers used:
		wreg, status,2, status,0, cstack
 Tracked objects:
		On entry : 
		On exit  : 
		Unchanged: 
 Data sizes:     COMRAM   BANK0   BANK1   BANK2   BANK3   BANK4   BANK5   BANK6   BANK7   BANK8   BANK9  BANK10  BANK11  BANK12  BANK13
      Params:         2       0       0       0       0       0       0       0       0       0       0       0       0       0       0
      Locals:         2       0       0       0       0       0       0       0       0       0       0       0       0       0       0
      Temps:          0       0       0       0       0       0       0       0       0       0       0       0       0       0       0
[...]
 Defined at:
		line 19 in file "LCD_SPI.c"
 Parameters:    Size  Location     Type
		None
 Auto vars:     Size  Location     Type
		None
 Return value:  Size  Location     Type
                  1    wreg      void 
 Registers used:
		wreg, status,2, status,0, cstack
 Tracked objects:
		On entry : 
		On exit  : 
		Unchanged: 
 Data sizes:     COMRAM   BANK0   BANK1   BANK2   BANK3   BANK4   BANK5   BANK6   BANK7   BANK8   BANK9  BANK10  BANK11  BANK12  BANK13
      Params:         0       0       0       0       0       0       0       0       0       0       0       0       0       0       0
      Locals:         0       0       0       0       0       0       0       0       0       0       0       0       0       0       0
      Temps:          0       0       0       0       0       0       0       0       0       0       0       0       0       0       0
      Totals:         0       0       0       0       0       0       0       0       0       0       0       0       0       0       0
Total ram usage:        0 bytes
 Hardware stack levels used:    1
 Hardware stack levels required when called:    3
 This function calls:
		_readBusyFlag
		_spi_Send_Read
 This function is called by:
		_printMBED
		_printStartGame
		_printEndGame
		_initialisation_LCD
 This function uses a non-reentrant model


 *************** function _readBusyFlag *****************
 Defined at:
		line 94 in file "LCD_SPI.c"
 Parameters:    Size  Location     Type
		None
 Auto vars:     Size  Location     Type
  retValue        1   19[COMRAM] unsigned char 
 Return value:  Size  Location     Type
                  1    wreg      unsigned char 
 Registers used:
		wreg, status,2, status,0, cstack
 Tracked objects:
		On entry : 
		On exit  : 
		Unchanged: 
 Data sizes:     COMRAM   BANK0   BANK1   BANK2   BANK3   BANK4   BANK5   BANK6   BANK7   BANK8   BANK9  BANK10  BANK11  BANK12  BANK13
      Params:         0       0       0       0       0       0       0       0       0       0       0       0       0       0       0
      Locals:         1       0       0       0       0       0       0       0       0       0       0       0       0       0       0
      Temps:          0       0       0       0       0       0       0       0       0       0       0       0       0       0       0
      Totals:         1       0       0       0       0       0       0       0       0       0       0       0       0       0       0
Total ram usage:        1 bytes
 Hardware stack levels used:    1
 Hardware stack levels required when called:    2
 This function calls:
		_spi_Send_Read
 This function is called by:
		_clearDisplay
		_displayCtrl
		_putchLCD
		_moveCursor
 This function uses a non-reentrant model


 *************** function _spi_Send_Read *****************
 Defined at:
		line 12 in file "LCD_SPI.c"
 Parameters:    Size  Location     Type
  byte            1    wreg     unsigned char 
 Auto vars:     Size  Location     Type
  byte            1   18[COMRAM] unsigned char 
 Return value:  Size  Location     Type
                  1    wreg      unsigned char 
 Registers used:
		wreg, status,2
 Tracked objects:
		On entry : 
		On exit  : 
		Unchanged: 
 Data sizes:     COMRAM   BANK0   BANK1   BANK2   BANK3   BANK4   BANK5   BANK6   BANK7   BANK8   BANK9  BANK10  BANK11  BANK12  BANK13
      Params:         0       0       0       0       0       0       0       0       0       0       0       0       0       0       0
      Locals:         1       0       0       0       0       0       0       0       0       0       0       0       0       0       0
      Temps:          0       0       0       0       0       0       0       0       0       0       0       0       0       0       0
      Totals:         1       0       0       0       0       0       0       0       0       0       0       0       0       0       0
Total ram usage:        1 bytes
 Hardware stack levels used:    1
 Hardware stack levels required when called:    1
 This function calls:
		Nothing
 This function is called by:
		_clearDisplay
		_displayCtrl
		_putchLCD
		_moveCursor
		_readBusyFlag
 This function uses a non-reentrant model


 *************** function _getRandomTarget *****************
 Defined at:
		line 360 in file "main.c"
 Parameters:    Size  Location     Type
  Target          2   38[COMRAM] PTR short 
		 -> nextTarget(4), 
 Auto vars:     Size  Location     Type
		None
 Return value:  Size  Location     Type
                  1    wreg      void 
 Registers used:
		wreg, fsr2l, fsr2h, status,2, status,0, cstack
 Tracked objects:
		On entry : 
		On exit  : 
		Unchanged: 
 Data sizes:     COMRAM   BANK0   BANK1   BANK2   BANK3   BANK4   BANK5   BANK6   BANK7   BANK8   BANK9  BANK10  BANK11  BANK12  BANK13
      Params:         2       0       0       0       0       0       0       0       0       0       0       0       0       0       0
      Locals:         0       0       0       0       0       0       0       0       0       0       0       0       0       0       0
      Temps:          0       0       0       0       0       0       0       0       0       0       0       0       0       0       0
      Totals:         2       0       0       0       0       0       0       0       0       0       0       0       0       0       0
Total ram usage:        2 bytes
 Hardware stack levels used:    1
 Hardware stack levels required when called:    3
 This function calls:
		___awmod
		_rand
 This function is called by:
		_main
 This function uses a non-reentrant model


 *************** function _rand *****************
 Defined at:
		line 12 in file "C:\Program Files (x86)\Microchip\xc8\v1.43\sources\common\rand.c"
 Parameters:    Size  Location     Type
		None
 Auto vars:     Size  Location     Type
		None
 Return value:  Size  Location     Type
                  2   30[COMRAM] int 
 Registers used:
		wreg, status,2, status,0, cstack
 Tracked objects:
		On entry : 
		On exit  : 
		Unchanged: 
 Data sizes:     COMRAM   BANK0   BANK1   BANK2   BANK3   BANK4   BANK5   BANK6   BANK7   BANK8   BANK9  BANK10  BANK11  BANK12  BANK13
      Params:         2       0       0       0       0       0       0       0       0       0       0       0       0       0       0
      Locals:         0       0       0       0       0       0       0       0       0       0       0       0       0       0       0
      Temps:          0       0       0       0       0       0       0       0       0       0       0       0       0       0       0
      Totals:         2       0       0       0       0       0       0       0       0       0       0       0       0       0       0
Total ram usage:        2 bytes
 Hardware stack levels used:    1
 Hardware stack levels required when called:    2
 This function calls:
		___lmul
 This function is called by:
		_getRandomTarget
 This function uses a non-reentrant model


 *************** function ___lmul *****************
 Defined at:
		line 15 in file "C:\Program Files (x86)\Microchip\xc8\v1.43\sources\common\Umul32.c"
 Parameters:    Size  Location     Type
  multiplier      4   18[COMRAM] unsigned long 
  multiplicand    4   22[COMRAM] unsigned long 
 Auto vars:     Size  Location     Type
  product         4   26[COMRAM] unsigned long 
 Return value:  Size  Location     Type
                  4   18[COMRAM] unsigned long 
 Registers used:
		wreg, status,2, status,0
 Tracked objects:
		On entry : 
		On exit  : 
		Unchanged: 
 Data sizes:     COMRAM   BANK0   BANK1   BANK2   BANK3   BANK4   BANK5   BANK6   BANK7   BANK8   BANK9  BANK10  BANK11  BANK12  BANK13
      Params:         8       0       0       0       0       0       0       0       0       0       0       0       0       0       0
      Locals:         4       0       0       0       0       0       0       0       0       0       0       0       0       0       0
      Temps:          0       0       0       0       0       0       0       0       0       0       0       0       0       0       0
      Totals:        12       0       0       0       0       0       0       0       0       0       0       0       0       0       0
Total ram usage:       12 bytes
 Hardware stack levels used:    1
 Hardware stack levels required when called:    1
 This function calls:
		Nothing
 This function is called by:
		_rand
 This function uses a non-reentrant model


 *************** function ___awmod *****************
 Defined at:
		line 8 in file "C:\Program Files (x86)\Microchip\xc8\v1.43\sources\common\awmod.c"
 Parameters:    Size  Location     Type
  dividend        2   32[COMRAM] int 
  divisor         2   34[COMRAM] int 
 Auto vars:     Size  Location     Type
  sign            1   37[COMRAM] unsigned char 
  counter         1   36[COMRAM] unsigned char 
 Return value:  Size  Location     Type
                  2   32[COMRAM] int 
 Registers used:
		wreg, status,2, status,0
 Tracked objects:
		On entry : 
		On exit  : 
		Unchanged: 
 Data sizes:     COMRAM   BANK0   BANK1   BANK2   BANK3   BANK4   BANK5   BANK6   BANK7   BANK8   BANK9  BANK10  BANK11  BANK12  BANK13
      Params:         4       0       0       0       0       0       0       0       0       0       0       0       0       0       0
      Locals:         2       0       0       0       0       0       0       0       0       0       0       0       0       0       0
      Temps:          0       0       0       0       0       0       0       0       0       0       0       0       0       0       0
      Totals:         6       0       0       0       0       0       0       0       0       0       0       0       0       0       0
Total ram usage:        6 bytes
 Hardware stack levels used:    1
 Hardware stack levels required when called:    1
 This function calls:
		Nothing
 This function is called by:
		_getRandomTarget
 This function uses a non-reentrant model


 *************** function _fireShot *****************
 Defined at:
		line 394 in file "main.c"
 Parameters:    Size  Location     Type
		None
 Auto vars:     Size  Location     Type
		None
 Return value:  Size  Location     Type
                  1    wreg      void 
 Registers used:
		None
 Tracked objects:
		On entry : 
		On exit  : 
		Unchanged: 
 Data sizes:     COMRAM   BANK0   BANK1   BANK2   BANK3   BANK4   BANK5   BANK6   BANK7   BANK8   BANK9  BANK10  BANK11  BANK12  BANK13
      Params:         0       0       0       0       0       0       0       0       0       0       0       0       0       0       0
      Locals:         0       0       0       0       0       0       0       0       0       0       0       0       0       0       0
      Temps:          0       0       0       0       0       0       0       0       0       0       0       0       0       0       0
      Totals:         0       0       0       0       0       0       0       0       0       0       0       0       0       0       0
Total ram usage:        0 bytes
 Hardware stack levels used:    1
 Hardware stack levels required when called:    1
 This function calls:
		Nothing
 This function is called by:
		_main
 This function uses a non-reentrant model


 *************** function _changeMode *****************
 Defined at:
		line 365 in file "main.c"
 Parameters:    Size  Location     Type
		None
 Auto vars:     Size  Location     Type
		None
 Return value:  Size  Location     Type
                  1    wreg      void 
 Registers used:
		wreg, status,2
 Tracked objects:
		On entry : 
		On exit  : 
		Unchanged: 
 Data sizes:     COMRAM   BANK0   BANK1   BANK2   BANK3   BANK4   BANK5   BANK6   BANK7   BANK8   BANK9  BANK10  BANK11  BANK12  BANK13
      Params:         0       0       0       0       0       0       0       0       0       0       0       0       0       0       0
      Locals:         0       0       0       0       0       0       0       0       0       0       0       0       0       0       0
      Temps:          0       0       0       0       0       0       0       0       0       0       0       0       0       0       0
      Totals:         0       0       0       0       0       0       0       0       0       0       0       0       0       0       0
Total ram usage:        0 bytes
 Hardware stack levels used:    1
 Hardware stack levels required when called:    1
 This function calls:
		Nothing
 This function is called by:
		_main
 This function uses a non-reentrant model


 *************** function _activateTarget *****************
 Defined at:
		line 374 in file "main.c"
 Parameters:    Size  Location     Type
  targetNbr       2   18[COMRAM] short 
 Auto vars:     Size  Location     Type
		None
 Return value:  Size  Location     Type
                  1    wreg      void 
 Registers used:
		wreg, status,2, status,0
 Tracked objects:
		On entry : 
		On exit  : 
		Unchanged: 
 Data sizes:     COMRAM   BANK0   BANK1   BANK2   BANK3   BANK4   BANK5   BANK6   BANK7   BANK8   BANK9  BANK10  BANK11  BANK12  BANK13
      Params:         2       0       0       0       0       0       0       0       0       0       0       0       0       0       0
      Locals:         0       0       0       0       0       0       0       0       0       0       0       0       0       0       0
      Temps:          0       0       0       0       0       0       0       0       0       0       0       0       0       0       0
      Totals:         2       0       0       0       0       0       0       0       0       0       0       0       0       0       0
Total ram usage:        2 bytes
 Hardware stack levels used:    1
 Hardware stack levels required when called:    1
 This function calls:
		Nothing
 This function is called by:
		_main
 This function uses a non-reentrant model


 *************** function _activateLEDTarget *****************
 Defined at:
		line 380 in file "main.c"
 Parameters:    Size  Location     Type
  targetLED       2   18[COMRAM] PTR short 
		 -> nextTarget(4), 
 Auto vars:     Size  Location     Type
  ledNBR          2   26[COMRAM] short 
 Return value:  Size  Location     Type
                  1    wreg      void 
 Registers used:
		wreg, fsr2l, fsr2h, status,2, status,0
 Tracked objects:
		On entry : 
		On exit  : 
		Unchanged: 
 Data sizes:     COMRAM   BANK0   BANK1   BANK2   BANK3   BANK4   BANK5   BANK6   BANK7   BANK8   BANK9  BANK10  BANK11  BANK12  BANK13
      Params:         2       0       0       0       0       0       0       0       0       0       0       0       0       0       0
      Locals:         2       0       0       0       0       0       0       0       0       0       0       0       0       0       0
      Temps:          6       0       0       0       0       0       0       0       0       0       0       0       0       0       0
      Totals:        10       0       0       0       0       0       0       0       0       0       0       0       0       0       0
Total ram usage:       10 bytes
 Hardware stack levels used:    1
 Hardware stack levels required when called:    1
 This function calls:
		Nothing
 This function is called by:
		_main
 This function uses a non-reentrant model


 *************** function _rxIsr *****************
 Defined at:
		line 242 in file "main.c"
 Parameters:    Size  Location     Type
		None
 Auto vars:     Size  Location     Type
		None
 Return value:  Size  Location     Type
                  1    wreg      void 
 Registers used:
		wreg, status,2, status,0
 Tracked objects:
		On entry : 
		On exit  : 
		Unchanged: 
 Data sizes:     COMRAM   BANK0   BANK1   BANK2   BANK3   BANK4   BANK5   BANK6   BANK7   BANK8   BANK9  BANK10  BANK11  BANK12  BANK13
      Params:         0       0       0       0       0       0       0       0       0       0       0       0       0       0       0
      Locals:         0       0       0       0       0       0       0       0       0       0       0       0       0       0       0
      Temps:         18       0       0       0       0       0       0       0       0       0       0       0       0       0       0
      Totals:        18       0       0       0       0       0       0       0       0       0       0       0       0       0       0
Total ram usage:       18 bytes
 Hardware stack levels used:    1
 This function calls:
		Nothing
 This function is called by:
		Interrupt level 2
 This function uses a non-reentrant model



MODULE INFORMATION

Module		Function		Class		Link	Load	Size
C:\Program Files (x86)\Microchip\xc8\v1.43\sources\common\Umul32.c
		___lmul        		CODE           	14A2	0000	87

C:\Program Files (x86)\Microchip\xc8\v1.43\sources\common\Umul32.c estimated size: 87

C:\Program Files (x86)\Microchip\xc8\v1.43\sources\common\lwdiv.c
		___lwdiv       		CODE           	14F8	0000	83

C:\Program Files (x86)\Microchip\xc8\v1.43\sources\common\lwdiv.c estimated size: 83

LCD_SPI.c
		_readBusyFlag  		CODE           	19A4	0000	27
		_displayCtrl   		CODE           	1684	0000	69
		_initialisation_SPI		CODE           	174A	0000	63
		_spi_Send_Read 		CODE           	19D2	0000	19
		_putStringLCD  		CODE           	12E6	0000	119
		_putchLCD      		CODE           	17F8	0000	49
		_fliplr        		CODE           	154A	0000	83
		_clearDisplay  		CODE           	190C	0000	35
		_moveCursor    		CODE           	15EE	0000	77
		_initialisation_LCD		CODE           	1988	0000	29
		_initialisation_PORT		CODE           	170A	0000	65

LCD_SPI.c estimated size: 635

C:\Program Files (x86)\Microchip\xc8\v1.43\sources\common\rand.c
		_rand          		CODE           	159C	0000	83

C:\Program Files (x86)\Microchip\xc8\v1.43\sources\common\rand.c estimated size: 83

LCD_Game_Printer.c
		_printStat     		CODE           	143A	0000	105
		_printEndGame  		CODE           	13CC	0000	111
		_waitASec      		CODE           	1856	0000	47
		_printStartGame		CODE           	1788	0000	59
		_printRemTime  		CODE           	18A6	0000	35
		_printMBED     		CODE           	1828	0000	47
		_printPoints   		CODE           	18EA	0000	35
		_printRemBullets		CODE           	18C8	0000	35

LCD_Game_Printer.c estimated size: 474

C:\Program Files (x86)\Microchip\xc8\v1.43\sources\common\doprnt.c
		_sprintf       		CODE           	1086	0000	389

C:\Program Files (x86)\Microchip\xc8\v1.43\sources\common\doprnt.c estimated size: 389

shared
		_dpowers       		SMALLCONST     	0E01	0000	11
		__initialization		CODE           	17C2	0000	45

shared estimated size: 56

C:\Program Files (x86)\Microchip\xc8\v1.43\sources\common\lwmod.c
		___lwmod       		CODE           	16C8	0000	67

C:\Program Files (x86)\Microchip\xc8\v1.43\sources\common\lwmod.c estimated size: 67

main.c
		_setTimerConfig		CODE           	19BE	0000	21
		_activateTarget		CODE           	1A10	0000	11
		_activateLEDTarget		CODE           	120A	0000	221
		_setModeLED    		CODE           	192E	0000	33
		_setUARTconfig 		CODE           	1884	0000	35
		_toggleGunLED  		CODE           	19F6	0000	17
		_getRandomTarget		CODE           	163A	0000	75
		_main          		CODE           	0E68	0000	543
		_setPinConfig  		CODE           	196C	0000	29
		_fireShot      		CODE           	1A1E	0000	5
		_changeMode    		CODE           	19E4	0000	19
		_setInterruptConfig		CODE           	194E	0000	31
		_rxIsr         		CODE           	0008	0000	349
		_stopShot      		CODE           	1A1A	0000	5

main.c estimated size: 1394

C:\Program Files (x86)\Microchip\xc8\v1.43\sources\common\awmod.c
		___awmod       		CODE           	135C	0000	113

C:\Program Files (x86)\Microchip\xc8\v1.43\sources\common\awmod.c estimated size: 113

