Microchip MPLAB XC8 Compiler V1.43 ()

Linker command line:

-W-3 --edf=C:\Program Files (x86)\Microchip\xc8\v1.43\dat\en_msgs.txt -cs \
  -h+dist/default/production\PIC.production.sym \
  --cmf=dist/default/production\PIC.production.cmf -z -Q18F67J94 \
  -oC:\Users\PROPRI~1\AppData\Local\Temp\s4ik.2 \
  -Mdist/default/production/PIC.production.map -E1 -ver=XC8 \
  -ASTACK=066h-0df9h -pstack=STACK -ACODE=00h-01FFEFh -ACONST=00h-01FFEFh \
  -ASMALLCONST=0E00h-0EFFhx497,01FF00h-01FFEFh \
  -AMEDIUMCONST=0E00h-0FFFFh,010E00h-01FFEFh -ACOMRAM=01h-05Fh \
  -AABS1=00h-0DF9h -ABIGRAM=01h-0DF9h \
  -ARAM=060h-0FFh,0100h-01FFhx12,0D00h-0DF9h -ABANK0=060h-0FFh \
  -ABANK1=0100h-01FFh -ABANK2=0200h-02FFh -ABANK3=0300h-03FFh \
  -ABANK4=0400h-04FFh -ABANK5=0500h-05FFh -ABANK6=0600h-06FFh \
  -ABANK7=0700h-07FFh -ABANK8=0800h-08FFh -ABANK9=0900h-09FFh \
  -ABANK10=0A00h-0AFFh -ABANK11=0B00h-0BFFh -ABANK12=0C00h-0CFFh \
  -ABANK13=0D00h-0DF9h \
  -ASFR=0DFAh-0DFFh,0E00h-0EFFh,0F00h-0F5Fh,0F60h-0FFFh \
  -preset_vec=00h,intcode=08h,intcodelo,powerup,init -pramtop=0E00h \
  -psmallconst=SMALLCONST -pmediumconst=MEDIUMCONST -pconst=CONST \
  -AFARRAM=00h-00h -ACONFIG=01FFF0h-01FFFFh -pconfig=CONFIG \
  -pjflash_buffer=01FBF8h \
  -prdata=COMRAM,nvrram=COMRAM,nvbit=COMRAM,rbss=COMRAM,rbit=COMRAM \
  -pfarbss=FARRAM,fardata=FARRAM,nvFARRAM=FARRAM \
  -pintsave_regs=BIGRAM,bigbss=BIGRAM,bigdata=BIGRAM -pbss=RAM \
  -pidata=CODE,irdata=CODE,ibigdata=CODE,ifardata=CODE -prparam=COMRAM \
  C:\Users\PROPRI~1\AppData\Local\Temp\s4ik.obj \
  dist/default/production\PIC.production.obj 

Object code version is 3.11

Machine type is 18F67J94

Call graph: (short form)




                Name                               Link     Load   Length Selector   Space Scale
C:\Users\PROPRI~1\AppData\Local\Temp\s4ik.obj
                init                                100      100        4        4       0
                reset_vec                             0        0        4        0       0
                config                            1FFF0    1FFF0       10    1FFF0       0
dist/default/production\PIC.production.obj
                intcode                               8        8       F8        4       0
                temp                                 4C       4C        1        1       1
                smallconst                          E00      E00       68      700       0
                text34                             11A6     11A6       D6      734       0
                text33                             184C     184C        8      734       0
                text32                             182A     182A       12      734       0
                text31                             185C     185C        4      734       0
                text30                             16A4     16A4       26      734       0
                text29                             1818     1818       12      734       0
                text28                             17EA     17EA       1A      734       0
                text27                             1752     1752       22      734       0
                text26                             14A4     14A4       44      734       0
                text25                             152A     152A       40      734       0
                text24                             156A     156A       3E      734       0
                text23                             17B4     17B4       1C      734       0
                text22                             1406     1406       52      734       0
                text21                             1458     1458       4C      734       0
                text20                             1618     1618       30      734       0
                text19                             127C     127C       76      734       0
                text18                             13B4     13B4       52      734       0
                text17                             14E8     14E8       42      734       0
                text16                             104A     104A      15C      734       0
                text15                             135A     135A       5A      734       0
                text14                             1676     1676       2E      734       0
                text13                             1648     1648       2E      734       0
                text12                             12F2     12F2       68      734       0
                text11                             1730     1730       22      734       0
                text10                             170E     170E       22      734       0
                text9                              16EC     16EC       22      734       0
                text8                              15A8     15A8       3A      734       0
                text7                              1794     1794       20      734       0
                text6                              1774     1774       20      734       0
                text5                              17D0     17D0       1A      734       0
                text4                              1804     1804       14      734       0
                text3                              16CA     16CA       22      734       0
                text2                              1858     1858        4      734       0
                text1                              183C     183C       10      734       0
                text0                               E68      E68      1E2      734       0
                cstackCOMRAM                          1        1       31        1       1
                cstackBANK0                          60       60        6       60       1
                dataCOMRAM                           48       48        4        1       1
                bssCOMRAM                            32       32       16        1       1
                cinit                              15E2     15E2       36      734       0
                idataCOMRAM                        1854     1854        4      734       0

TOTAL           Name                               Link     Load   Length     Space
        CLASS   STACK          

        CLASS   CODE           
                intcode                               8        8       F8         0
                init                                100      100        4         0
                reset_vec                             0        0        4         0
                text34                             11A6     11A6       D6         0
                text33                             184C     184C        8         0
                text32                             182A     182A       12         0
                text31                             185C     185C        4         0
                text30                             16A4     16A4       26         0
                text29                             1818     1818       12         0
                text28                             17EA     17EA       1A         0
                text27                             1752     1752       22         0
                text26                             14A4     14A4       44         0
                text25                             152A     152A       40         0
                text24                             156A     156A       3E         0
                text23                             17B4     17B4       1C         0
                text22                             1406     1406       52         0
                text21                             1458     1458       4C         0
                text20                             1618     1618       30         0
                text19                             127C     127C       76         0
                text18                             13B4     13B4       52         0
                text17                             14E8     14E8       42         0
                text16                             104A     104A      15C         0
                text15                             135A     135A       5A         0
                text14                             1676     1676       2E         0
                text13                             1648     1648       2E         0
                text12                             12F2     12F2       68         0
                text11                             1730     1730       22         0
                text10                             170E     170E       22         0
                text9                              16EC     16EC       22         0
                text8                              15A8     15A8       3A         0
                text7                              1794     1794       20         0
                text6                              1774     1774       20         0
                text5                              17D0     17D0       1A         0
                text4                              1804     1804       14         0
                text3                              16CA     16CA       22         0
                text2                              1858     1858        4         0
                text1                              183C     183C       10         0
                text0                               E68      E68      1E2         0
                cinit                              15E2     15E2       36         0
                idataCOMRAM                        1854     1854        4         0

        CLASS   CONST          

        CLASS   SMALLCONST     
                smallconst                          E00      E00       68         0

        CLASS   MEDIUMCONST    

        CLASS   COMRAM         
                temp                                 4C       4C        1         1
                cstackCOMRAM                          1        1       31         1
                dataCOMRAM                           48       48        4         1
                bssCOMRAM                            32       32       16         1

        CLASS   ABS1           

        CLASS   BIGRAM         

        CLASS   RAM            

        CLASS   BANK0          
                cstackBANK0                          60       60        6         1

        CLASS   BANK1          

        CLASS   BANK2          

        CLASS   BANK3          

        CLASS   BANK4          

        CLASS   BANK5          

        CLASS   BANK6          

        CLASS   BANK7          

        CLASS   BANK8          

        CLASS   BANK9          

        CLASS   BANK10         

        CLASS   BANK11         

        CLASS   BANK12         

        CLASS   BANK13         

        CLASS   SFR            

        CLASS   FARRAM         

        CLASS   CONFIG         
                config                            1FFF0    1FFF0       10         0

        CLASS   IDLOC          



SEGMENTS        Name                           Load    Length   Top    Selector   Space  Class

                reset_vec                      000000  000004  000004         0       0  CODE    
                cstackCOMRAM                   000001  00004C  00004D         1       1  COMRAM  
                intcode                        000008  0000FC  000104         4       0  CODE    
                cstackBANK0                    000060  000006  000066        60       1  BANK0   
                smallconst                     000E00  000068  000E68       700       0  SMALLCON
                text0                          000E68  0009F8  001860       734       0  CODE    
                config                         01FFF0  000010  020000     1FFF0       0  CONFIG  


UNUSED ADDRESS RANGES

        Name                Unused          Largest block    Delta
        BANK0            00066-000FF              9A
        BANK1            00100-001FF             100
        BANK10           00A00-00AFF             100
        BANK11           00B00-00BFF             100
        BANK12           00C00-00CFF             100
        BANK13           00D00-00DF9              FA
        BANK2            00200-002FF             100
        BANK3            00300-003FF             100
        BANK4            00400-004FF             100
        BANK5            00500-005FF             100
        BANK6            00600-006FF             100
        BANK7            00700-007FF             100
        BANK8            00800-008FF             100
        BANK9            00900-009FF             100
        BIGRAM           0004D-0005F              13
                         00066-00DF9             D94
        CODE             00004-00007               4
                         00104-00DFF             CFC
                         01860-1FFEF           1E790
        COMRAM           0004D-0005F              13
        CONST            00004-00007               4
                         00104-00DFF             CFC
                         01860-1FFEF           1E790
        MEDIUMCONST      01860-0FFFF            E7A0
                         10E00-1FFEF            F1F0
        RAM              00066-00DF9             100
        SFR              00DFA-00FFF             100
        SMALLCONST       01860-1FFEF             100
        STACK            00066-00DF9             D94

                                  Symbol Table

?___lwdiv                     cstackCOMRAM  00013
?___lwmod                     cstackCOMRAM  0001A
?_sprintf                     cstackCOMRAM  0001F
_ANCON1                       (abs)         00E47
_BAUDCON1                     (abs)         00F67
_ErrorUART                    bssCOMRAM     0003F
_INTCON2bits                  (abs)         00FF1
_INTCON3bits                  (abs)         00FF0
_INTCONbits                   (abs)         00FF2
_IPR1bits                     (abs)         00F9F
_LATA                         (abs)         00F89
_LATBbits                     (abs)         00F8A
_LATC                         (abs)         00F8B
_LATDbits                     (abs)         00F8C
_OSCCON                       (abs)         00FD3
_PIE1bits                     (abs)         00F9D
_PIR1bits                     (abs)         00F9E
_RCONbits                     (abs)         00FD0
_RCREG1                       (abs)         00FAE
_RCSTA1                       (abs)         00FAB
_RCSTAbits                    (abs)         00FAB
_RPINR0_1                     (abs)         00E2A
_RPINR12_13                   (abs)         00E30
_RPINR26_27                   (abs)         00E37
_RPOR22_23                    (abs)         00E1D
_RPOR24_25                    (abs)         00E1E
_RPOR26_27                    (abs)         00E1F
_SPBRG1                       (abs)         00FAF
_SSP2BUF                      (abs)         00F03
_SSP2CON1                     (abs)         00F19
_SSP2CON3                     (abs)         00F39
_SSP2STAT                     (abs)         00F1A
_SSP2STATbits                 (abs)         00F1A
_T0CONbits                    (abs)         00FD5
_TRISA                        (abs)         00F92
_TRISAbits                    (abs)         00F92
_TRISBbits                    (abs)         00F93
_TRISC                        (abs)         00F94
_TRISCbits                    (abs)         00F94
_TRISD                        (abs)         00F95
_TRISDbits                    (abs)         00F95
_TXREG1                       (abs)         00FAD
_TXSTA1                       (abs)         00FAC
__CFG_XINST$OFF               (abs)         00000
__HRAM                        (abs)         00000
__Habs1                       abs1          00000
__Hbank0                      bank0         00000
__Hbank1                      bank1         00000
__Hbank10                     bank10        00000
__Hbank11                     bank11        00000
__Hbank12                     bank12        00000
__Hbank13                     bank13        00000
__Hbank2                      bank2         00000
__Hbank3                      bank3         00000
__Hbank4                      bank4         00000
__Hbank5                      bank5         00000
__Hbank6                      bank6         00000
__Hbank7                      bank7         00000
__Hbank8                      bank8         00000
__Hbank9                      bank9         00000
__Hbigbss                     bigbss        00000
__Hbigdata                    bigdata       00000
__Hbigram                     bigram        00000
__Hbss                        bss           00000
__HbssCOMRAM                  bssCOMRAM     00000
__Hcinit                      cinit         00000
__Hclrtext                    clrtext       00000
__Hcomram                     comram        00000
__Hconfig                     config        20000
__Hconst                      const         00000
__HcstackBANK0                cstackBANK0   00000
__HcstackCOMRAM               cstackCOMRAM  00000
__Hdata                       data          00000
__HdataCOMRAM                 dataCOMRAM    00000
__Hfarbss                     farbss        00000
__Hfardata                    fardata       00000
__Hibigdata                   ibigdata      00000
__Hidata                      idata         00000
__HidataCOMRAM                idataCOMRAM   00000
__Hidloc                      idloc         00000
__Hifardata                   ifardata      00000
__Hinit                       init          00104
__Hintcode                    intcode       00100
__Hintcode_body               intcode_body  00000
__Hintcodelo                  intcodelo     00100
__Hintentry                   intentry      00000
__Hintret                     intret        00000
__Hintsave_regs               intsave_regs  00000
__Hirdata                     irdata        00000
__Hjflash_buffer              jflash_buffer 1FBF8
__Hmediumconst                mediumconst   00000
__HnvFARRAM                   nvFARRAM      00000
__Hnvbit                      nvbit         00000
__Hnvrram                     nvrram        00000
__Hparam                      rparam        00000
__Hpowerup                    powerup       00100
__Hram                        ram           00000
__Hramtop                     ramtop        00E00
__Hrbit                       rbit          00000
__Hrbss                       rbss          00000
__Hrdata                      rdata         00000
__Hreset_vec                  reset_vec     00004
__Hrparam                     rparam        00000
__Hsfr                        sfr           00000
__Hsmallconst                 smallconst    00E68
__Hspace_0                    (abs)         20000
__Hspace_1                    (abs)         00066
__Hspace_2                    (abs)         00000
__Hstack                      stack         00000
__Hstruct                     struct        00000
__Htemp                       temp          0004D
__Htext                       text          00000
__Htext0                      text0         00000
__Htext1                      text1         00000
__Htext10                     text10        00000
__Htext11                     text11        00000
__Htext12                     text12        00000
__Htext13                     text13        00000
__Htext14                     text14        00000
__Htext15                     text15        00000
__Htext16                     text16        00000
__Htext17                     text17        00000
__Htext18                     text18        00000
__Htext19                     text19        00000
__Htext2                      text2         00000
__Htext20                     text20        00000
__Htext21                     text21        00000
__Htext22                     text22        00000
__Htext23                     text23        00000
__Htext24                     text24        00000
__Htext25                     text25        00000
__Htext26                     text26        00000
__Htext27                     text27        00000
__Htext28                     text28        00000
__Htext29                     text29        00000
__Htext3                      text3         00000
__Htext30                     text30        00000
__Htext31                     text31        00000
__Htext32                     text32        00000
__Htext33                     text33        00000
__Htext34                     text34        00000
__Htext4                      text4         00000
__Htext5                      text5         00000
__Htext6                      text6         00000
__Htext7                      text7         00000
__Htext8                      text8         00000
__Htext9                      text9         00000
__LRAM                        (abs)         00001
__Labs1                       abs1          00000
__Lbank0                      bank0         00000
__Lbank1                      bank1         00000
__Lbank10                     bank10        00000
__Lbank11                     bank11        00000
__Lbank12                     bank12        00000
__Lbank13                     bank13        00000
__Lbank2                      bank2         00000
__Lbank3                      bank3         00000
__Lbank4                      bank4         00000
__Lbank5                      bank5         00000
__Lbank6                      bank6         00000
__Lbank7                      bank7         00000
__Lbank8                      bank8         00000
__Lbank9                      bank9         00000
__Lbigbss                     bigbss        00000
__Lbigdata                    bigdata       00000
__Lbigram                     bigram        00000
__Lbss                        bss           00000
__LbssCOMRAM                  bssCOMRAM     00000
__Lcinit                      cinit         00000
__Lclrtext                    clrtext       00000
__Lcomram                     comram        00000
__Lconfig                     config        1FFF0
__Lconst                      const         00000
__LcstackBANK0                cstackBANK0   00000
__LcstackCOMRAM               cstackCOMRAM  00000
__Ldata                       data          00000
__LdataCOMRAM                 dataCOMRAM    00000
__Lfarbss                     farbss        00000
__Lfardata                    fardata       00000
__Libigdata                   ibigdata      00000
__Lidata                      idata         00000
__LidataCOMRAM                idataCOMRAM   00000
__Lidloc                      idloc         00000
__Lifardata                   ifardata      00000
__Linit                       init          00100
__Lintcode                    intcode       00008
__Lintcode_body               intcode_body  00000
__Lintcodelo                  intcodelo     00100
__Lintentry                   intentry      00000
__Lintret                     intret        00000
__Lintsave_regs               intsave_regs  00000
__Lirdata                     irdata        00000
__Ljflash_buffer              jflash_buffer 1FBF8
__Lmediumconst                mediumconst   00000
__LnvFARRAM                   nvFARRAM      00000
__Lnvbit                      nvbit         00000
__Lnvrram                     nvrram        00000
__Lparam                      rparam        00000
__Lpowerup                    powerup       00100
__Lram                        ram           00000
__Lramtop                     ramtop        00E00
__Lrbit                       rbit          00000
__Lrbss                       rbss          00000
__Lrdata                      rdata         00000
__Lreset_vec                  reset_vec     00000
__Lrparam                     rparam        00000
__Lsfr                        sfr           00000
__Lsmallconst                 smallconst    00E00
__Lspace_0                    (abs)         00000
__Lspace_1                    (abs)         00000
__Lspace_2                    (abs)         00000
__Lstack                      stack         00000
__Lstruct                     struct        00000
__Ltemp                       temp          0004C
__Ltext                       text          00000
__Ltext0                      text0         00000
__Ltext1                      text1         00000
__Ltext10                     text10        00000
__Ltext11                     text11        00000
__Ltext12                     text12        00000
__Ltext13                     text13        00000
__Ltext14                     text14        00000
__Ltext15                     text15        00000
__Ltext16                     text16        00000
__Ltext17                     text17        00000
__Ltext18                     text18        00000
__Ltext19                     text19        00000
__Ltext2                      text2         00000
__Ltext20                     text20        00000
__Ltext21                     text21        00000
__Ltext22                     text22        00000
__Ltext23                     text23        00000
__Ltext24                     text24        00000
__Ltext25                     text25        00000
__Ltext26                     text26        00000
__Ltext27                     text27        00000
__Ltext28                     text28        00000
__Ltext29                     text29        00000
__Ltext3                      text3         00000
__Ltext30                     text30        00000
__Ltext31                     text31        00000
__Ltext32                     text32        00000
__Ltext33                     text33        00000
__Ltext34                     text34        00000
__Ltext4                      text4         00000
__Ltext5                      text5         00000
__Ltext6                      text6         00000
__Ltext7                      text7         00000
__Ltext8                      text8         00000
__Ltext9                      text9         00000
__S0                          (abs)         20000
__S1                          (abs)         00066
__S2                          (abs)         00000
___inthi_sp                   stack         00000
___intlo_sp                   stack         00000
___lwdiv                      text18        013B4
___lwdiv@counter              cstackCOMRAM  00017
___lwdiv@dividend             cstackCOMRAM  00013
___lwdiv@divisor              cstackCOMRAM  00015
___lwdiv@quotient             cstackCOMRAM  00018
___lwmod                      text17        014E8
___lwmod@counter              cstackCOMRAM  0001E
___lwmod@dividend             cstackCOMRAM  0001A
___lwmod@divisor              cstackCOMRAM  0001C
___param_bank                 (abs)         00000
___rparam_used                (abs)         00001
___sp                         stack         00000
__accesstop                   (abs)         00060
__activetblptr                (abs)         00003
__end_of___lwdiv              text18        01406
__end_of___lwmod              text17        0152A
__end_of__initialization      cinit         0160E
__end_of_activateLEDTarget    text34        0127C
__end_of_activateTarget       text33        01854
__end_of_changeMode           text32        0183C
__end_of_clearDisplay         text27        01774
__end_of_displayCtrl          text26        014E8
__end_of_dpowers              smallconst    00E0B
__end_of_fireShot             text31        01860
__end_of_fliplr               text22        01458
__end_of_getRandomTarget      text30        016CA
__end_of_initialisation_LCD   text23        017D0
__end_of_initialisation_PORT  text25        0156A
__end_of_initialisation_SPI   text24        015A8
__end_of_main                 text0         0104A
__end_of_moveCursor           text21        014A4
__end_of_printEndGame         text15        013B4
__end_of_printMBED            text13        01676
__end_of_printPoints          text11        01752
__end_of_printRemBullets      text10        01730
__end_of_printRemTime         text9         0170E
__end_of_printStartGame       text8         015E2
__end_of_printStat            text12        0135A
__end_of_putStringLCD         text19        012F2
__end_of_putchLCD             text20        01648
__end_of_readBusyFlag         text28        01804
__end_of_rxIsr                intcode       00100
__end_of_setInterruptConfig   text7         017B4
__end_of_setModeLED           text6         01794
__end_of_setPinConfig         text5         017EA
__end_of_setTimerConfig       text4         01818
__end_of_setUARTconfig        text3         016EC
__end_of_spi_Send_Read        text29        0182A
__end_of_sprintf              text16        011A6
__end_of_stopShot             text2         0185C
__end_of_toggleGunLED         text1         0184C
__end_of_waitASec             text14        016A4
__initialization              cinit         015E2
__mediumconst                 mediumconst   00000
__pbssCOMRAM                  bssCOMRAM     00032
__pcinit                      cinit         015E2
__pcstackBANK0                cstackBANK0   00060
__pcstackCOMRAM               cstackCOMRAM  00001
__pdataCOMRAM                 dataCOMRAM    00048
__pidataCOMRAM                idataCOMRAM   01854
__pintcode                    intcode       00008
__psmallconst                 smallconst    00E00
__ptext0                      text0         00E68
__ptext1                      text1         0183C
__ptext10                     text10        0170E
__ptext11                     text11        01730
__ptext12                     text12        012F2
__ptext13                     text13        01648
__ptext14                     text14        01676
__ptext15                     text15        0135A
__ptext16                     text16        0104A
__ptext17                     text17        014E8
__ptext18                     text18        013B4
__ptext19                     text19        0127C
__ptext2                      text2         01858
__ptext20                     text20        01618
__ptext21                     text21        01458
__ptext22                     text22        01406
__ptext23                     text23        017B4
__ptext24                     text24        0156A
__ptext25                     text25        0152A
__ptext26                     text26        014A4
__ptext27                     text27        01752
__ptext28                     text28        017EA
__ptext29                     text29        01818
__ptext3                      text3         016CA
__ptext30                     text30        016A4
__ptext31                     text31        0185C
__ptext32                     text32        0182A
__ptext33                     text33        0184C
__ptext34                     text34        011A6
__ptext4                      text4         01804
__ptext5                      text5         017D0
__ptext6                      text6         01774
__ptext7                      text7         01794
__ptext8                      text8         015A8
__ptext9                      text9         016EC
__ramtop                      ramtop        00E00
__size_of___lwdiv             (abs)         00000
__size_of___lwmod             (abs)         00000
__size_of_activateLEDTarget   (abs)         00000
__size_of_activateTarget      (abs)         00000
__size_of_changeMode          (abs)         00000
__size_of_clearDisplay        (abs)         00000
__size_of_displayCtrl         (abs)         00000
__size_of_fireShot            (abs)         00000
__size_of_fliplr              (abs)         00000
__size_of_getRandomTarget     (abs)         00000
__size_of_initialisation_LCD  (abs)         00000
__size_of_initialisation_PORT (abs)         00000
__size_of_initialisation_SPI  (abs)         00000
__size_of_main                (abs)         00000
__size_of_moveCursor          (abs)         00000
__size_of_printEndGame        (abs)         00000
__size_of_printMBED           (abs)         00000
__size_of_printPoints         (abs)         00000
__size_of_printRemBullets     (abs)         00000
__size_of_printRemTime        (abs)         00000
__size_of_printStartGame      (abs)         00000
__size_of_printStat           (abs)         00000
__size_of_putStringLCD        (abs)         00000
__size_of_putchLCD            (abs)         00000
__size_of_readBusyFlag        (abs)         00000
__size_of_rxIsr               (abs)         00000
__size_of_setInterruptConfig  (abs)         00000
__size_of_setModeLED          (abs)         00000
__size_of_setPinConfig        (abs)         00000
__size_of_setTimerConfig      (abs)         00000
__size_of_setUARTconfig       (abs)         00000
__size_of_spi_Send_Read       (abs)         00000
__size_of_sprintf             (abs)         00000
__size_of_stopShot            (abs)         00000
__size_of_toggleGunLED        (abs)         00000
__size_of_waitASec            (abs)         00000
__smallconst                  smallconst    00E00
_activateLEDTarget            text34        011A6
_activateTarget               text33        0184C
_ammoLeft                     dataCOMRAM    0004A
_capteurFlag                  bssCOMRAM     0003A
_changeMode                   text32        0182A
_clearDisplay                 text27        01752
_displayCtrl                  text26        014A4
_dpowers                      smallconst    00E01
_endFlag                      bssCOMRAM     00038
_fireShot                     text31        0185C
_fliplr                       text22        01406
_getRandomTarget              text30        016A4
_globalTimer                  bssCOMRAM     00034
_initialisation_LCD           text23        017B4
_initialisation_PORT          text25        0152A
_initialisation_SPI           text24        0156A
_main                         text0         00E68
_modeFlag                     bssCOMRAM     0003C
_moveCursor                   text21        01458
_myModeState                  bssCOMRAM     00042
_myState                      bssCOMRAM     00043
_nextTarget                   bssCOMRAM     00044
_pewFlag                      bssCOMRAM     0003B
_printEndGame                 text15        0135A
_printMBED                    text13        01648
_printPoints                  text11        01730
_printRemBullets              text10        0170E
_printRemTime                 text9         016EC
_printStartGame               text8         015A8
_printStat                    text12        012F2
_putStringLCD                 text19        0127C
_putchLCD                     text20        01618
_readBusyFlag                 text28        017EA
_reloadFlag                   bssCOMRAM     0003D
_rxChar                       bssCOMRAM     00041
_rxFlag                       bssCOMRAM     0003E
_rxIsr                        intcode       00008
_setInterruptConfig           text7         01794
_setModeLED                   text6         01774
_setPinConfig                 text5         017D0
_setTimerConfig               text4         01804
_setUARTconfig                text3         016CA
_singleGameTime               dataCOMRAM    00048
_spi_Send_Read                text29        01818
_sprintf                      text16        0104A
_stopShot                     text2         01858
_timerFlag                    bssCOMRAM     00039
_toggleCounter                bssCOMRAM     00036
_toggleGunLED                 text1         0183C
_totalPoints                  bssCOMRAM     00032
_transferedData               bssCOMRAM     00040
_waitASec                     text14        01676
activateLEDTarget@ledNBR      cstackCOMRAM  0001B
activateLEDTarget@targetLED   cstackCOMRAM  00013
activateTarget@targetNbr      cstackCOMRAM  00013
btemp                         temp          0004C
displayCtrl@BCD               cstackCOMRAM  00018
displayCtrl@blink             cstackCOMRAM  00016
displayCtrl@cursor            cstackCOMRAM  00015
displayCtrl@display           cstackCOMRAM  00017
end_of_initialization         cinit         0160E
fliplr@input                  cstackCOMRAM  00015
getRandomTarget@Target        cstackCOMRAM  00013
int$flags                     temp          0004C
intlevel0                     text          00000
intlevel1                     text          00000
intlevel2                     text          00000
intlevel3                     text          00000
main@i                        cstackBANK0   00064
moveCursor@address            cstackCOMRAM  0001A
moveCursor@col                cstackCOMRAM  00018
moveCursor@row                cstackCOMRAM  00016
printEndGame@nbPoints         cstackCOMRAM  0002D
printEndGame@statArray        cstackCOMRAM  0002F
printPoints@nbPoints          cstackBANK0   00060
printRemBullets@nbBullets     cstackBANK0   00060
printRemTime@nbSeconds        cstackBANK0   00060
printStat@stat                cstackCOMRAM  0002D
printStat@statArray           cstackCOMRAM  0002F
putStringLCD@i                cstackCOMRAM  0001B
putStringLCD@input            cstackCOMRAM  00017
putchLCD@input                cstackCOMRAM  00016
readBusyFlag@retValue         cstackCOMRAM  00014
setModeLED@Mode               cstackCOMRAM  00013
spi_Send_Read@byte            cstackCOMRAM  00013
sprintf@ap                    cstackCOMRAM  00026
sprintf@c                     cstackCOMRAM  0002C
sprintf@f                     cstackCOMRAM  00021
sprintf@flag                  cstackCOMRAM  00028
sprintf@prec                  cstackCOMRAM  00029
sprintf@sp                    cstackCOMRAM  0001F
sprintf@val                   cstackCOMRAM  0002A
stackhi                       (abs)         00DF9
stacklo                       (abs)         00066
start                         init          00100
start_initialization          cinit         015E2
waitASec@i                    cstackCOMRAM  00014
wtemp6                        temp          0004D


FUNCTION INFORMATION:

 *************** function _main *****************
 Defined at:
		line 80 in file "main.c"
 Parameters:    Size  Location     Type
		None
 Auto vars:     Size  Location     Type
  i               2    4[BANK0 ] int 
 Return value:  Size  Location     Type
                  1    wreg      void 
 Registers used:
		wreg, fsr0l, fsr0h, fsr2l, fsr2h, status,2, status,0, tblptrl, tblptrh, tblptru, prodl, prodh, cstack
 Tracked objects:
		On entry : 
		On exit  : 
		Unchanged: 
 Data sizes:     COMRAM   BANK0   BANK1   BANK2   BANK3   BANK4   BANK5   BANK6   BANK7   BANK8   BANK9  BANK10  BANK11  BANK12  BANK13
      Params:         0       0       0       0       0       0       0       0       0       0       0       0       0       0       0
      Locals:         0       2       0       0       0       0       0       0       0       0       0       0       0       0       0
      Temps:          0       2       0       0       0       0       0       0       0       0       0       0       0       0       0
      Totals:         0       4       0       0       0       0       0       0       0       0       0       0       0       0       0
Total ram usage:        4 bytes
 Hardware stack levels required when called:    7
 This function calls:
		_activateLEDTarget
		_activateTarget
		_changeMode
		_fireShot
		_getRandomTarget
		_initialisation_LCD
		_printEndGame
		_printMBED
		_printPoints
		_printRemBullets
		_printRemTime
		_printStartGame
		_setInterruptConfig
		_setModeLED
		_setPinConfig
		_setTimerConfig
		_setUARTconfig
		_stopShot
		_toggleGunLED
 This function is called by:
		Startup code after reset
 This function uses a non-reentrant model


 *************** function _toggleGunLED *****************
 Defined at:
		line 359 in file "main.c"
 Parameters:    Size  Location     Type
		None
 Auto vars:     Size  Location     Type
		None
 Return value:  Size  Location     Type
                  1    wreg      void 
 Registers used:
		None
 Tracked objects:
		On entry : 
		On exit  : 
		Unchanged: 
 Data sizes:     COMRAM   BANK0   BANK1   BANK2   BANK3   BANK4   BANK5   BANK6   BANK7   BANK8   BANK9  BANK10  BANK11  BANK12  BANK13
      Params:         0       0       0       0       0       0       0       0       0       0       0       0       0       0       0
      Locals:         0       0       0       0       0       0       0       0       0       0       0       0       0       0       0
      Temps:          0       0       0       0       0       0       0       0       0       0       0       0       0       0       0
      Totals:         0       0       0       0       0       0       0       0       0       0       0       0       0       0       0
Total ram usage:        0 bytes
 Hardware stack levels used:    1
 Hardware stack levels required when called:    1
 This function calls:
		Nothing
 This function is called by:
		_main
 This function uses a non-reentrant model


 *************** function _stopShot *****************
 Defined at:
		line 341 in file "main.c"
 Parameters:    Size  Location     Type
		None
 Auto vars:     Size  Location     Type
		None
 Return value:  Size  Location     Type
                  1    wreg      void 
 Registers used:
		None
 Tracked objects:
		On entry : 
		On exit  : 
		Unchanged: 
 Data sizes:     COMRAM   BANK0   BANK1   BANK2   BANK3   BANK4   BANK5   BANK6   BANK7   BANK8   BANK9  BANK10  BANK11  BANK12  BANK13
      Params:         0       0       0       0       0       0       0       0       0       0       0       0       0       0       0
      Locals:         0       0       0       0       0       0       0       0       0       0       0       0       0       0       0
      Temps:          0       0       0       0       0       0       0       0       0       0       0       0       0       0       0
      Totals:         0       0       0       0       0       0       0       0       0       0       0       0       0       0       0
Total ram usage:        0 bytes
 Hardware stack levels used:    1
 Hardware stack levels required when called:    1
 This function calls:
		Nothing
 This function is called by:
		_main
 This function uses a non-reentrant model


 *************** function _setUARTconfig *****************
 Defined at:
		line 250 in file "main.c"
 Parameters:    Size  Location     Type
		None
 Auto vars:     Size  Location     Type
		None
 Return value:  Size  Location     Type
                  1    wreg      void 
 Registers used:
		wreg, status,2
 Tracked objects:
		On entry : 
		On exit  : 
		Unchanged: 
 Data sizes:     COMRAM   BANK0   BANK1   BANK2   BANK3   BANK4   BANK5   BANK6   BANK7   BANK8   BANK9  BANK10  BANK11  BANK12  BANK13
      Params:         0       0       0       0       0       0       0       0       0       0       0       0       0       0       0
      Locals:         0       0       0       0       0       0       0       0       0       0       0       0       0       0       0
      Temps:          0       0       0       0       0       0       0       0       0       0       0       0       0       0       0
      Totals:         0       0       0       0       0       0       0       0       0       0       0       0       0       0       0
Total ram usage:        0 bytes
 Hardware stack levels used:    1
 Hardware stack levels required when called:    1
 This function calls:
		Nothing
 This function is called by:
		_main
 This function uses a non-reentrant model


 *************** function _setTimerConfig *****************
 Defined at:
		line 295 in file "main.c"
 Parameters:    Size  Location     Type
		None
 Auto vars:     Size  Location     Type
		None
 Return value:  Size  Location     Type
                  1    wreg      void 
 Registers used:
		wreg, status,2
 Tracked objects:
		On entry : 
		On exit  : 
		Unchanged: 
 Data sizes:     COMRAM   BANK0   BANK1   BANK2   BANK3   BANK4   BANK5   BANK6   BANK7   BANK8   BANK9  BANK10  BANK11  BANK12  BANK13
      Params:         0       0       0       0       0       0       0       0       0       0       0       0       0       0       0
      Locals:         0       0       0       0       0       0       0       0       0       0       0       0       0       0       0
      Temps:          0       0       0       0       0       0       0       0       0       0       0       0       0       0       0
      Totals:         0       0       0       0       0       0       0       0       0       0       0       0       0       0       0
Total ram usage:        0 bytes
 Hardware stack levels used:    1
 Hardware stack levels required when called:    1
 This function calls:
		Nothing
 This function is called by:
		_main
 This function uses a non-reentrant model


 *************** function _setPinConfig *****************
 Defined at:
		line 285 in file "main.c"
 Parameters:    Size  Location     Type
		None
 Auto vars:     Size  Location     Type
		None
 Return value:  Size  Location     Type
                  1    wreg      void 
 Registers used:
		wreg, status,2, status,0
 Tracked objects:
		On entry : 
		On exit  : 
		Unchanged: 
 Data sizes:     COMRAM   BANK0   BANK1   BANK2   BANK3   BANK4   BANK5   BANK6   BANK7   BANK8   BANK9  BANK10  BANK11  BANK12  BANK13
      Params:         0       0       0       0       0       0       0       0       0       0       0       0       0       0       0
      Locals:         0       0       0       0       0       0       0       0       0       0       0       0       0       0       0
      Temps:          0       0       0       0       0       0       0       0       0       0       0       0       0       0       0
      Totals:         0       0       0       0       0       0       0       0       0       0       0       0       0       0       0
Total ram usage:        0 bytes
 Hardware stack levels used:    1
 Hardware stack levels required when called:    1
 This function calls:
		Nothing
 This function is called by:
		_main
 This function uses a non-reentrant model


 *************** function _setModeLED *****************
 Defined at:
		line 345 in file "main.c"
 Parameters:    Size  Location     Type
  Mode            1    wreg     enum E13823
 Auto vars:     Size  Location     Type
  Mode            1   18[COMRAM] enum E13823
 Return value:  Size  Location     Type
                  1    wreg      void 
 Registers used:
		wreg, status,2, status,0
 Tracked objects:
		On entry : 
		On exit  : 
		Unchanged: 
 Data sizes:     COMRAM   BANK0   BANK1   BANK2   BANK3   BANK4   BANK5   BANK6   BANK7   BANK8   BANK9  BANK10  BANK11  BANK12  BANK13
      Params:         0       0       0       0       0       0       0       0       0       0       0       0       0       0       0
      Locals:         1       0       0       0       0       0       0       0       0       0       0       0       0       0       0
      Temps:          0       0       0       0       0       0       0       0       0       0       0       0       0       0       0
      Totals:         1       0       0       0       0       0       0       0       0       0       0       0       0       0       0
Total ram usage:        1 bytes
 Hardware stack levels used:    1
 Hardware stack levels required when called:    1
 This function calls:
		Nothing
 This function is called by:
		_main
 This function uses a non-reentrant model


 *************** function _setInterruptConfig *****************
 Defined at:
		line 262 in file "main.c"
 Parameters:    Size  Location     Type
		None
 Auto vars:     Size  Location     Type
		None
 Return value:  Size  Location     Type
                  1    wreg      void 
 Registers used:
		wreg, status,2
 Tracked objects:
		On entry : 
		On exit  : 
		Unchanged: 
 Data sizes:     COMRAM   BANK0   BANK1   BANK2   BANK3   BANK4   BANK5   BANK6   BANK7   BANK8   BANK9  BANK10  BANK11  BANK12  BANK13
      Params:         0       0       0       0       0       0       0       0       0       0       0       0       0       0       0
      Locals:         0       0       0       0       0       0       0       0       0       0       0       0       0       0       0
      Temps:          0       0       0       0       0       0       0       0       0       0       0       0       0       0       0
      Totals:         0       0       0       0       0       0       0       0       0       0       0       0       0       0       0
Total ram usage:        0 bytes
 Hardware stack levels used:    1
 Hardware stack levels required when called:    1
 This function calls:
		Nothing
 This function is called by:
		_main
 This function uses a non-reentrant model


 *************** function _printStartGame *****************
 Defined at:
		line 12 in file "LCD_Game_Printer.c"
 Parameters:    Size  Location     Type
		None
 Auto vars:     Size  Location     Type
		None
 Return value:  Size  Location     Type
                  1    wreg      void 
 Registers used:
		wreg, fsr0l, fsr0h, status,2, status,0, tblptrl, tblptrh, tblptru, prodl, prodh, cstack
 Tracked objects:
		On entry : 
		On exit  : 
		Unchanged: 
 Data sizes:     COMRAM   BANK0   BANK1   BANK2   BANK3   BANK4   BANK5   BANK6   BANK7   BANK8   BANK9  BANK10  BANK11  BANK12  BANK13
      Params:         0       0       0       0       0       0       0       0       0       0       0       0       0       0       0
      Locals:         0       0       0       0       0       0       0       0       0       0       0       0       0       0       0
      Temps:          0       0       0       0       0       0       0       0       0       0       0       0       0       0       0
      Totals:         0       0       0       0       0       0       0       0       0       0       0       0       0       0       0
Total ram usage:        0 bytes
 Hardware stack levels used:    1
 Hardware stack levels required when called:    5
 This function calls:
		_clearDisplay
		_moveCursor
		_putStringLCD
		_waitASec
 This function is called by:
		_main
 This function uses a non-reentrant model


 *************** function _printRemTime *****************
 Defined at:
		line 26 in file "LCD_Game_Printer.c"
 Parameters:    Size  Location     Type
  nbSeconds       2    0[BANK0 ] unsigned int 
 Auto vars:     Size  Location     Type
		None
 Return value:  Size  Location     Type
                  1    wreg      void 
 Registers used:
		wreg, fsr0l, fsr0h, fsr2l, fsr2h, status,2, status,0, tblptrl, tblptrh, tblptru, prodl, prodh, cstack
 Tracked objects:
		On entry : 
		On exit  : 
		Unchanged: 
 Data sizes:     COMRAM   BANK0   BANK1   BANK2   BANK3   BANK4   BANK5   BANK6   BANK7   BANK8   BANK9  BANK10  BANK11  BANK12  BANK13
      Params:         0       2       0       0       0       0       0       0       0       0       0       0       0       0       0
      Locals:         0       0       0       0       0       0       0       0       0       0       0       0       0       0       0
      Temps:          0       0       0       0       0       0       0       0       0       0       0       0       0       0       0
      Totals:         0       2       0       0       0       0       0       0       0       0       0       0       0       0       0
Total ram usage:        2 bytes
 Hardware stack levels used:    1
 Hardware stack levels required when called:    6
 This function calls:
		_moveCursor
		_printStat
 This function is called by:
		_main
 This function uses a non-reentrant model


 *************** function _printRemBullets *****************
 Defined at:
		line 21 in file "LCD_Game_Printer.c"
 Parameters:    Size  Location     Type
  nbBullets       2    0[BANK0 ] unsigned int 
 Auto vars:     Size  Location     Type
		None
 Return value:  Size  Location     Type
                  1    wreg      void 
 Registers used:
		wreg, fsr0l, fsr0h, fsr2l, fsr2h, status,2, status,0, tblptrl, tblptrh, tblptru, prodl, prodh, cstack
 Tracked objects:
		On entry : 
		On exit  : 
		Unchanged: 
 Data sizes:     COMRAM   BANK0   BANK1   BANK2   BANK3   BANK4   BANK5   BANK6   BANK7   BANK8   BANK9  BANK10  BANK11  BANK12  BANK13
      Params:         0       2       0       0       0       0       0       0       0       0       0       0       0       0       0
      Locals:         0       0       0       0       0       0       0       0       0       0       0       0       0       0       0
      Temps:          0       0       0       0       0       0       0       0       0       0       0       0       0       0       0
      Totals:         0       2       0       0       0       0       0       0       0       0       0       0       0       0       0
Total ram usage:        2 bytes
 Hardware stack levels used:    1
 Hardware stack levels required when called:    6
 This function calls:
		_moveCursor
		_printStat
 This function is called by:
		_main
 This function uses a non-reentrant model


 *************** function _printPoints *****************
 Defined at:
		line 31 in file "LCD_Game_Printer.c"
 Parameters:    Size  Location     Type
  nbPoints        2    0[BANK0 ] unsigned int 
 Auto vars:     Size  Location     Type
		None
 Return value:  Size  Location     Type
                  1    wreg      void 
 Registers used:
		wreg, fsr0l, fsr0h, fsr2l, fsr2h, status,2, status,0, tblptrl, tblptrh, tblptru, prodl, prodh, cstack
 Tracked objects:
		On entry : 
		On exit  : 
		Unchanged: 
 Data sizes:     COMRAM   BANK0   BANK1   BANK2   BANK3   BANK4   BANK5   BANK6   BANK7   BANK8   BANK9  BANK10  BANK11  BANK12  BANK13
      Params:         0       2       0       0       0       0       0       0       0       0       0       0       0       0       0
      Locals:         0       0       0       0       0       0       0       0       0       0       0       0       0       0       0
      Temps:          0       0       0       0       0       0       0       0       0       0       0       0       0       0       0
      Totals:         0       2       0       0       0       0       0       0       0       0       0       0       0       0       0
Total ram usage:        2 bytes
 Hardware stack levels used:    1
 Hardware stack levels required when called:    6
 This function calls:
		_moveCursor
		_printStat
 This function is called by:
		_main
 This function uses a non-reentrant model


 *************** function _printStat *****************
 Defined at:
		line 36 in file "LCD_Game_Printer.c"
 Parameters:    Size  Location     Type
  stat            2   44[COMRAM] unsigned int 
 Auto vars:     Size  Location     Type
  statArray       3   46[COMRAM] unsigned char [3]
 Return value:  Size  Location     Type
                  1    wreg      void 
 Registers used:
		wreg, fsr0l, fsr0h, fsr2l, fsr2h, status,2, status,0, tblptrl, tblptrh, tblptru, prodl, prodh, cstack
 Tracked objects:
		On entry : 
		On exit  : 
		Unchanged: 
 Data sizes:     COMRAM   BANK0   BANK1   BANK2   BANK3   BANK4   BANK5   BANK6   BANK7   BANK8   BANK9  BANK10  BANK11  BANK12  BANK13
      Params:         2       0       0       0       0       0       0       0       0       0       0       0       0       0       0
      Locals:         3       0       0       0       0       0       0       0       0       0       0       0       0       0       0
      Temps:          0       0       0       0       0       0       0       0       0       0       0       0       0       0       0
      Totals:         5       0       0       0       0       0       0       0       0       0       0       0       0       0       0
Total ram usage:        5 bytes
 Hardware stack levels used:    1
 Hardware stack levels required when called:    5
 This function calls:
		_putStringLCD
		_sprintf
 This function is called by:
		_printRemBullets
		_printRemTime
		_printPoints
 This function uses a non-reentrant model


 *************** function _printMBED *****************
 Defined at:
		line 4 in file "LCD_Game_Printer.c"
 Parameters:    Size  Location     Type
		None
 Auto vars:     Size  Location     Type
		None
 Return value:  Size  Location     Type
                  1    wreg      void 
 Registers used:
		wreg, fsr0l, fsr0h, status,2, status,0, tblptrl, tblptrh, tblptru, prodl, prodh, cstack
 Tracked objects:
		On entry : 
		On exit  : 
		Unchanged: 
 Data sizes:     COMRAM   BANK0   BANK1   BANK2   BANK3   BANK4   BANK5   BANK6   BANK7   BANK8   BANK9  BANK10  BANK11  BANK12  BANK13
      Params:         0       0       0       0       0       0       0       0       0       0       0       0       0       0       0
      Locals:         0       0       0       0       0       0       0       0       0       0       0       0       0       0       0
      Temps:          0       0       0       0       0       0       0       0       0       0       0       0       0       0       0
      Totals:         0       0       0       0       0       0       0       0       0       0       0       0       0       0       0
Total ram usage:        0 bytes
 Hardware stack levels used:    1
 Hardware stack levels required when called:    5
 This function calls:
		_clearDisplay
		_moveCursor
		_putStringLCD
		_waitASec
 This function is called by:
		_main
 This function uses a non-reentrant model


 *************** function _waitASec *****************
 Defined at:
		line 62 in file "LCD_Game_Printer.c"
 Parameters:    Size  Location     Type
		None
 Auto vars:     Size  Location     Type
  i               2   19[COMRAM] int 
 Return value:  Size  Location     Type
                  1    wreg      void 
 Registers used:
		wreg, status,2, status,0
 Tracked objects:
		On entry : 
		On exit  : 
		Unchanged: 
 Data sizes:     COMRAM   BANK0   BANK1   BANK2   BANK3   BANK4   BANK5   BANK6   BANK7   BANK8   BANK9  BANK10  BANK11  BANK12  BANK13
      Params:         0       0       0       0       0       0       0       0       0       0       0       0       0       0       0
      Locals:         2       0       0       0       0       0       0       0       0       0       0       0       0       0       0
      Temps:          1       0       0       0       0       0       0       0       0       0       0       0       0       0       0
      Totals:         3       0       0       0       0       0       0       0       0       0       0       0       0       0       0
Total ram usage:        3 bytes
 Hardware stack levels used:    1
 Hardware stack levels required when called:    1
 This function calls:
		Nothing
 This function is called by:
		_printMBED
		_printStartGame
 This function uses a non-reentrant model


 *************** function _printEndGame *****************
 Defined at:
		line 50 in file "LCD_Game_Printer.c"
 Parameters:    Size  Location     Type
  nbPoints        2   44[COMRAM] unsigned int 
 Auto vars:     Size  Location     Type
  statArray       3   46[COMRAM] unsigned char [3]
 Return value:  Size  Location     Type
                  1    wreg      void 
 Registers used:
		wreg, fsr0l, fsr0h, fsr2l, fsr2h, status,2, status,0, tblptrl, tblptrh, tblptru, prodl, prodh, cstack
 Tracked objects:
		On entry : 
		On exit  : 
		Unchanged: 
 Data sizes:     COMRAM   BANK0   BANK1   BANK2   BANK3   BANK4   BANK5   BANK6   BANK7   BANK8   BANK9  BANK10  BANK11  BANK12  BANK13
      Params:         2       0       0       0       0       0       0       0       0       0       0       0       0       0       0
      Locals:         3       0       0       0       0       0       0       0       0       0       0       0       0       0       0
      Temps:          0       0       0       0       0       0       0       0       0       0       0       0       0       0       0
      Totals:         5       0       0       0       0       0       0       0       0       0       0       0       0       0       0
Total ram usage:        5 bytes
 Hardware stack levels used:    1
 Hardware stack levels required when called:    5
 This function calls:
		_clearDisplay
		_moveCursor
		_putStringLCD
		_sprintf
 This function is called by:
		_main
 This function uses a non-reentrant model


 *************** function _sprintf *****************
 Defined at:
		line 492 in file "C:\Program Files (x86)\Microchip\xc8\v1.43\sources\common\doprnt.c"
 Parameters:    Size  Location     Type
  sp              2   30[COMRAM] PTR unsigned char 
		 -> printEndGame@statArray(3), printStat@statArray(3), 
  f               2   32[COMRAM] PTR const unsigned char 
		 -> STR_7(3), STR_4(3), 
 Auto vars:     Size  Location     Type
  tmpval          4    0        struct .
  cp              3    0        PTR const unsigned char 
  val             2   41[COMRAM] unsigned int 
  ap              2   37[COMRAM] PTR void [1]
		 -> ?_sprintf(2), 
  len             2    0        unsigned int 
  c               1   43[COMRAM] char 
  prec            1   40[COMRAM] char 
  flag            1   39[COMRAM] unsigned char 
 Return value:  Size  Location     Type
                  2   30[COMRAM] int 
 Registers used:
		wreg, fsr2l, fsr2h, status,2, status,0, tblptrl, tblptrh, tblptru, prodl, prodh, cstack
 Tracked objects:
		On entry : 
		On exit  : 
		Unchanged: 
 Data sizes:     COMRAM   BANK0   BANK1   BANK2   BANK3   BANK4   BANK5   BANK6   BANK7   BANK8   BANK9  BANK10  BANK11  BANK12  BANK13
      Params:         6       0       0       0       0       0       0       0       0       0       0       0       0       0       0
      Locals:         7       0       0       0       0       0       0       0       0       0       0       0       0       0       0
      Temps:          1       0       0       0       0       0       0       0       0       0       0       0       0       0       0
      Totals:        14       0       0       0       0       0       0       0       0       0       0       0       0       0       0
Total ram usage:       14 bytes
 Hardware stack levels used:    1
 Hardware stack levels required when called:    2
 This function calls:
		___lwdiv
		___lwmod
 This function is called by:
		_printStat
		_printEndGame
 This function uses a non-reentrant model


 *************** function ___lwmod *****************
 Defined at:
		line 8 in file "C:\Program Files (x86)\Microchip\xc8\v1.43\sources\common\lwmod.c"
 Parameters:    Size  Location     Type
  dividend        2   25[COMRAM] unsigned int 
  divisor         2   27[COMRAM] unsigned int 
 Auto vars:     Size  Location     Type
  counter         1   29[COMRAM] unsigned char 
 Return value:  Size  Location     Type
                  2   25[COMRAM] unsigned int 
 Registers used:
		wreg, status,2, status,0
 Tracked objects:
		On entry : 
		On exit  : 
		Unchanged: 
 Data sizes:     COMRAM   BANK0   BANK1   BANK2   BANK3   BANK4   BANK5   BANK6   BANK7   BANK8   BANK9  BANK10  BANK11  BANK12  BANK13
      Params:         4       0       0       0       0       0       0       0       0       0       0       0       0       0       0
      Locals:         1       0       0       0       0       0       0       0       0       0       0       0       0       0       0
      Temps:          0       0       0       0       0       0       0       0       0       0       0       0       0       0       0
      Totals:         5       0       0       0       0       0       0       0       0       0       0       0       0       0       0
Total ram usage:        5 bytes
 Hardware stack levels used:    1
 Hardware stack levels required when called:    1
 This function calls:
		Nothing
 This function is called by:
		_sprintf
 This function uses a non-reentrant model


 *************** function ___lwdiv *****************
 Defined at:
		line 8 in file "C:\Program Files (x86)\Microchip\xc8\v1.43\sources\common\lwdiv.c"
 Parameters:    Size  Location     Type
  dividend        2   18[COMRAM] unsigned int 
  divisor         2   20[COMRAM] unsigned int 
 Auto vars:     Size  Location     Type
  quotient        2   23[COMRAM] unsigned int 
  counter         1   22[COMRAM] unsigned char 
 Return value:  Size  Location     Type
                  2   18[COMRAM] unsigned int 
 Registers used:
		wreg, status,2, status,0
 Tracked objects:
		On entry : 
		On exit  : 
		Unchanged: 
 Data sizes:     COMRAM   BANK0   BANK1   BANK2   BANK3   BANK4   BANK5   BANK6   BANK7   BANK8   BANK9  BANK10  BANK11  BANK12  BANK13
      Params:         4       0       0       0       0       0       0       0       0       0       0       0       0       0       0
      Locals:         3       0       0       0       0       0       0       0       0       0       0       0       0       0       0
      Temps:          0       0       0       0       0       0       0       0       0       0       0       0       0       0       0
      Totals:         7       0       0       0       0       0       0       0       0       0       0       0       0       0       0
Total ram usage:        7 bytes
 Hardware stack levels used:    1
 Hardware stack levels required when called:    1
 This function calls:
		Nothing
 This function is called by:
		_sprintf
 This function uses a non-reentrant model


 *************** function _putStringLCD *****************
 Defined at:
		line 49 in file "LCD_SPI.c"
 Parameters:    Size  Location     Type
  input           2   22[COMRAM] PTR const unsigned char 
		 -> STR_9(8), STR_8(22), printEndGame@statArray(3), STR_6(3), 
		 -> STR_5(2), printStat@statArray(3), STR_3(20), STR_2(16), 
		 -> STR_1(20), 
 Auto vars:     Size  Location     Type
  i               2   26[COMRAM] int 
 Return value:  Size  Location     Type
                  1    wreg      void 
 Registers used:
		wreg, fsr0l, fsr0h, status,2, status,0, tblptrl, tblptrh, tblptru, cstack
 Tracked objects:
		On entry : 
		On exit  : 
		Unchanged: 
 Data sizes:     COMRAM   BANK0   BANK1   BANK2   BANK3   BANK4   BANK5   BANK6   BANK7   BANK8   BANK9  BANK10  BANK11  BANK12  BANK13
      Params:         2       0       0       0       0       0       0       0       0       0       0       0       0       0       0
      Locals:         2       0       0       0       0       0       0       0       0       0       0       0       0       0       0
      Temps:          2       0       0       0       0       0       0       0       0       0       0       0       0       0       0
      Totals:         6       0       0       0       0       0       0       0       0       0       0       0       0       0       0
Total ram usage:        6 bytes
 Hardware stack levels used:    1
 Hardware stack levels required when called:    4
 This function calls:
		_putchLCD
 This function is called by:
		_printMBED
		_printStartGame
		_printStat
		_printEndGame
 This function uses a non-reentrant model


 *************** function _putchLCD *****************
 Defined at:
		line 58 in file "LCD_SPI.c"
 Parameters:    Size  Location     Type
  input           1    wreg     unsigned char 
 Auto vars:     Size  Location     Type
  input           1   21[COMRAM] unsigned char 
 Return value:  Size  Location     Type
                  1    wreg      void 
 Registers used:
		wreg, status,2, status,0, cstack
 Tracked objects:
		On entry : 
		On exit  : 
		Unchanged: 
 Data sizes:     COMRAM   BANK0   BANK1   BANK2   BANK3   BANK4   BANK5   BANK6   BANK7   BANK8   BANK9  BANK10  BANK11  BANK12  BANK13
      Params:         0       0       0       0       0       0       0       0       0       0       0       0       0       0       0
      Locals:         1       0       0       0       0       0       0       0       0       0       0       0       0       0       0
      Temps:          0       0       0       0       0       0       0       0       0       0       0       0       0       0       0
      Totals:         1       0       0       0       0       0       0       0       0       0       0       0       0       0       0
Total ram usage:        1 bytes
 Hardware stack levels used:    1
 Hardware stack levels required when called:    3
 This function calls:
		_fliplr
		_readBusyFlag
		_spi_Send_Read
 This function is called by:
		_putStringLCD
 This function uses a non-reentrant model


 *************** function _moveCursor *****************
 Defined at:
		line 79 in file "LCD_SPI.c"
 Parameters:    Size  Location     Type
  row             2   21[COMRAM] int 
  col             2   23[COMRAM] int 
 Auto vars:     Size  Location     Type
  address         1   25[COMRAM] unsigned char 
 Return value:  Size  Location     Type
                  1    wreg      void 
 Registers used:
		wreg, status,2, status,0, prodl, prodh, cstack
 Tracked objects:
		On entry : 
		On exit  : 
		Unchanged: 
 Data sizes:     COMRAM   BANK0   BANK1   BANK2   BANK3   BANK4   BANK5   BANK6   BANK7   BANK8   BANK9  BANK10  BANK11  BANK12  BANK13
      Params:         4       0       0       0       0       0       0       0       0       0       0       0       0       0       0
      Locals:         1       0       0       0       0       0       0       0       0       0       0       0       0       0       0
      Temps:          0       0       0       0       0       0       0       0       0       0       0       0       0       0       0
      Totals:         5       0       0       0       0       0       0       0       0       0       0       0       0       0       0
Total ram usage:        5 bytes
 Hardware stack levels used:    1
 Hardware stack levels required when called:    3
 This function calls:
		_fliplr
		_readBusyFlag
		_spi_Send_Read
 This function is called by:
		_printMBED
		_printStartGame
		_printRemBullets
		_printRemTime
		_printPoints
		_printEndGame
 This function uses a non-reentrant model


 *************** function _fliplr *****************
 Defined at:
		line 70 in file "LCD_SPI.c"
 Parameters:    Size  Location     Type
  input           1    wreg     unsigned char 
 Auto vars:     Size  Location     Type
  input           1   20[COMRAM] unsigned char 
 Return value:  Size  Location     Type
                  1    wreg      unsigned char 
 Registers used:
		wreg, status,2, status,0
 Tracked objects:
		On entry : 
		On exit  : 
		Unchanged: 
 Data sizes:     COMRAM   BANK0   BANK1   BANK2   BANK3   BANK4   BANK5   BANK6   BANK7   BANK8   BANK9  BANK10  BANK11  BANK12  BANK13
      Params:         0       0       0       0       0       0       0       0       0       0       0       0       0       0       0
      Locals:         1       0       0       0       0       0       0       0       0       0       0       0       0       0       0
      Temps:          2       0       0       0       0       0       0       0       0       0       0       0       0       0       0
      Totals:         3       0       0       0       0       0       0       0       0       0       0       0       0       0       0
Total ram usage:        3 bytes
 Hardware stack levels used:    1
 Hardware stack levels required when called:    1
 This function calls:
		Nothing
 This function is called by:
		_putchLCD
		_moveCursor
 This function uses a non-reentrant model


 *************** function _initialisation_LCD *****************
 Defined at:
		line 150 in file "LCD_SPI.c"
 Parameters:    Size  Location     Type
		None
 Auto vars:     Size  Location     Type
		None
 Return value:  Size  Location     Type
                  1    wreg      void 
 Registers used:
		wreg, status,2, status,0, cstack
 Tracked objects:
		On entry : 
		On exit  : 
		Unchanged: 
 Data sizes:     COMRAM   BANK0   BANK1   BANK2   BANK3   BANK4   BANK5   BANK6   BANK7   BANK8   BANK9  BANK10  BANK11  BANK12  BANK13
      Params:         0       0       0       0       0       0       0       0       0       0       0       0       0       0       0
      Locals:         0       0       0       0       0       0       0       0       0       0       0       0       0       0       0
      Temps:          0       0       0       0       0       0       0       0       0       0       0       0       0       0       0
      Totals:         0       0       0       0       0       0       0       0       0       0       0       0       0       0       0
Total ram usage:        0 bytes
 Hardware stack levels used:    1
 Hardware stack levels required when called:    4
 This function calls:
		_clearDisplay
		_displayCtrl
		_initialisation_PORT
		_initialisation_SPI
 This function is called by:
		_main
 This function uses a non-reentrant model


 *************** function _initialisation_SPI *****************
 Defined at:
		line 113 in file "LCD_SPI.c"
 Parameters:    Size  Location     Type
		None
 Auto vars:     Size  Location     Type
		None
 Return value:  Size  Location     Type
                  1    wreg      void 
 Registers used:
		wreg, status,2, status,0
 Tracked objects:
		On entry : 
		On exit  : 
		Unchanged: 
 Data sizes:     COMRAM   BANK0   BANK1   BANK2   BANK3   BANK4   BANK5   BANK6   BANK7   BANK8   BANK9  BANK10  BANK11  BANK12  BANK13
      Params:         0       0       0       0       0       0       0       0       0       0       0       0       0       0       0
      Locals:         0       0       0       0       0       0       0       0       0       0       0       0       0       0       0
      Temps:          0       0       0       0       0       0       0       0       0       0       0       0       0       0       0
      Totals:         0       0       0       0       0       0       0       0       0       0       0       0       0       0       0
Total ram usage:        0 bytes
 Hardware stack levels used:    1
 Hardware stack levels required when called:    1
 This function calls:
		Nothing
 This function is called by:
		_initialisation_LCD
 This function uses a non-reentrant model


 *************** function _initialisation_PORT *****************
 Defined at:
		line 135 in file "LCD_SPI.c"
 Parameters:    Size  Location     Type
		None
 Auto vars:     Size  Location     Type
		None
 Return value:  Size  Location     Type
                  1    wreg      void 
 Registers used:
		wreg, status,2, status,0
 Tracked objects:
		On entry : 
		On exit  : 
		Unchanged: 
 Data sizes:     COMRAM   BANK0   BANK1   BANK2   BANK3   BANK4   BANK5   BANK6   BANK7   BANK8   BANK9  BANK10  BANK11  BANK12  BANK13
      Params:         0       0       0       0       0       0       0       0       0       0       0       0       0       0       0
      Locals:         0       0       0       0       0       0       0       0       0       0       0       0       0       0       0
      Temps:          1       0       0       0       0       0       0       0       0       0       0       0       0       0       0
      Totals:         1       0       0       0       0       0       0       0       0       0       0       0       0       0       0
Total ram usage:        1 bytes
 Hardware stack levels used:    1
 Hardware stack levels required when called:    1
 This function calls:
		Nothing
 This function is called by:
		_initialisation_LCD
 This function uses a non-reentrant model


 *************** function _displayCtrl *****************
 Defined at:
		line 31 in file "LCD_SPI.c"
 Parameters:    Size  Location     Type
  display         1    wreg     unsigned char 
  cursor          1   20[COMRAM] unsigned char 
  blink           1   21[COMRAM] unsigned char 
 Auto vars:     Size  Location     Type
  display         1   22[COMRAM] unsigned char 
  BCD             1   23[COMRAM] unsigned char 
 Return value:  Size  Location     Type
                  1    wreg      void 
 Registers used:
		wreg, status,2, status,0, cstack
 Tracked objects:
		On entry : 
		On exit  : 
		Unchanged: 
 Data sizes:     COMRAM   BANK0   BANK1   BANK2   BANK3   BANK4   BANK5   BANK6   BANK7   BANK8   BANK9  BANK10  BANK11  BANK12  BANK13
      Params:         2       0       0       0       0       0       0       0       0       0       0       0       0       0       0
      Locals:         2       0       0       0       0       0       0       0       0       0       0       0       0       0       0
      Temps:          0       0       0       0       0       0       0       0       0       0       0       0       0       0       0
      Totals:         4       0       0       0       0       0       0       0       0       0       0       0       0       0       0
Total ram usage:        4 bytes
 Hardware stack levels used:    1
 Hardware stack levels required when called:    3
 This function calls:
		_readBusyFlag
		_spi_Send_Read
 This function is called by:
		_initialisation_LCD
 This function uses a non-reentrant model


 *************** function _clearDisplay *****************
 Defined at:
		line 19 in file "LCD_SPI.c"
 Parameters:    Size  Location     Type
		None
 Auto vars:     Size  Location     Type
		None
 Return value:  Size  Location     Type
                  1    wreg      void 
 Registers used:
		wreg, status,2, status,0, cstack
 Tracked objects:
		On entry : 
		On exit  : 
		Unchanged: 
 Data sizes:     COMRAM   BANK0   BANK1   BANK2   BANK3   BANK4   BANK5   BANK6   BANK7   BANK8   BANK9  BANK10  BANK11  BANK12  BANK13
      Params:         0       0       0       0       0       0       0       0       0       0       0       0       0       0       0
      Locals:         0       0       0       0       0       0       0       0       0       0       0       0       0       0       0
      Temps:          0       0       0       0       0       0       0       0       0       0       0       0       0       0       0
      Totals:         0       0       0       0       0       0       0       0       0       0       0       0       0       0       0
Total ram usage:        0 bytes
 Hardware stack levels used:    1
 Hardware stack levels required when called:    3
 This function calls:
		_readBusyFlag
		_spi_Send_Read
 This function is called by:
		_printMBED
		_printStartGame
		_printEndGame
		_initialisation_LCD
 This function uses a non-reentrant model


 *************** function _readBusyFlag *****************
 Defined at:
		line 94 in file "LCD_SPI.c"
 Parameters:    Size  Location     Type
		None
 Auto vars:     Size  Location     Type
  retValue        1   19[COMRAM] unsigned char 
 Return value:  Size  Location     Type
                  1    wreg      unsigned char 
 Registers used:
		wreg, status,2, status,0, cstack
 Tracked objects:
		On entry : 
		On exit  : 
		Unchanged: 
 Data sizes:     COMRAM   BANK0   BANK1   BANK2   BANK3   BANK4   BANK5   BANK6   BANK7   BANK8   BANK9  BANK10  BANK11  BANK12  BANK13
      Params:         0       0       0       0       0       0       0       0       0       0       0       0       0       0       0
      Locals:         1       0       0       0       0       0       0       0       0       0       0       0       0       0       0
      Temps:          0       0       0       0       0       0       0       0       0       0       0       0       0       0       0
      Totals:         1       0       0       0       0       0       0       0       0       0       0       0       0       0       0
Total ram usage:        1 bytes
 Hardware stack levels used:    1
 Hardware stack levels required when called:    2
 This function calls:
		_spi_Send_Read
 This function is called by:
		_clearDisplay
		_displayCtrl
		_putchLCD
		_moveCursor
 This function uses a non-reentrant model


 *************** function _spi_Send_Read *****************
 Defined at:
		line 12 in file "LCD_SPI.c"
 Parameters:    Size  Location     Type
  byte            1    wreg     unsigned char 
 Auto vars:     Size  Location     Type
  byte            1   18[COMRAM] unsigned char 
 Return value:  Size  Location     Type
                  1    wreg      unsigned char 
 Registers used:
		wreg, status,2
 Tracked objects:
		On entry : 
		On exit  : 
		Unchanged: 
 Data sizes:     COMRAM   BANK0   BANK1   BANK2   BANK3   BANK4   BANK5   BANK6   BANK7   BANK8   BANK9  BANK10  BANK11  BANK12  BANK13
      Params:         0       0       0       0       0       0       0       0       0       0       0       0       0       0       0
      Locals:         1       0       0       0       0       0       0       0       0       0       0       0       0       0       0
      Temps:          0       0       0       0       0       0       0       0       0       0       0       0       0       0       0
      Totals:         1       0       0       0       0       0       0       0       0       0       0       0       0       0       0
Total ram usage:        1 bytes
 Hardware stack levels used:    1
 Hardware stack levels required when called:    1
 This function calls:
		Nothing
 This function is called by:
		_clearDisplay
		_displayCtrl
		_putchLCD
		_moveCursor
		_readBusyFlag
 This function uses a non-reentrant model


 *************** function _getRandomTarget *****************
 Defined at:
		line 304 in file "main.c"
 Parameters:    Size  Location     Type
  Target          2   18[COMRAM] PTR short 
		 -> nextTarget(4), 
 Auto vars:     Size  Location     Type
		None
 Return value:  Size  Location     Type
                  1    wreg      void 
 Registers used:
		wreg, fsr2l, fsr2h, status,2, status,0
 Tracked objects:
		On entry : 
		On exit  : 
		Unchanged: 
 Data sizes:     COMRAM   BANK0   BANK1   BANK2   BANK3   BANK4   BANK5   BANK6   BANK7   BANK8   BANK9  BANK10  BANK11  BANK12  BANK13
      Params:         2       0       0       0       0       0       0       0       0       0       0       0       0       0       0
      Locals:         0       0       0       0       0       0       0       0       0       0       0       0       0       0       0
      Temps:          0       0       0       0       0       0       0       0       0       0       0       0       0       0       0
      Totals:         2       0       0       0       0       0       0       0       0       0       0       0       0       0       0
Total ram usage:        2 bytes
 Hardware stack levels used:    1
 Hardware stack levels required when called:    1
 This function calls:
		Nothing
 This function is called by:
		_main
 This function uses a non-reentrant model


 *************** function _fireShot *****************
 Defined at:
		line 337 in file "main.c"
 Parameters:    Size  Location     Type
		None
 Auto vars:     Size  Location     Type
		None
 Return value:  Size  Location     Type
                  1    wreg      void 
 Registers used:
		None
 Tracked objects:
		On entry : 
		On exit  : 
		Unchanged: 
 Data sizes:     COMRAM   BANK0   BANK1   BANK2   BANK3   BANK4   BANK5   BANK6   BANK7   BANK8   BANK9  BANK10  BANK11  BANK12  BANK13
      Params:         0       0       0       0       0       0       0       0       0       0       0       0       0       0       0
      Locals:         0       0       0       0       0       0       0       0       0       0       0       0       0       0       0
      Temps:          0       0       0       0       0       0       0       0       0       0       0       0       0       0       0
      Totals:         0       0       0       0       0       0       0       0       0       0       0       0       0       0       0
Total ram usage:        0 bytes
 Hardware stack levels used:    1
 Hardware stack levels required when called:    1
 This function calls:
		Nothing
 This function is called by:
		_main
 This function uses a non-reentrant model


 *************** function _changeMode *****************
 Defined at:
		line 309 in file "main.c"
 Parameters:    Size  Location     Type
		None
 Auto vars:     Size  Location     Type
		None
 Return value:  Size  Location     Type
                  1    wreg      void 
 Registers used:
		wreg, status,2
 Tracked objects:
		On entry : 
		On exit  : 
		Unchanged: 
 Data sizes:     COMRAM   BANK0   BANK1   BANK2   BANK3   BANK4   BANK5   BANK6   BANK7   BANK8   BANK9  BANK10  BANK11  BANK12  BANK13
      Params:         0       0       0       0       0       0       0       0       0       0       0       0       0       0       0
      Locals:         0       0       0       0       0       0       0       0       0       0       0       0       0       0       0
      Temps:          0       0       0       0       0       0       0       0       0       0       0       0       0       0       0
      Totals:         0       0       0       0       0       0       0       0       0       0       0       0       0       0       0
Total ram usage:        0 bytes
 Hardware stack levels used:    1
 Hardware stack levels required when called:    1
 This function calls:
		Nothing
 This function is called by:
		_main
 This function uses a non-reentrant model


 *************** function _activateTarget *****************
 Defined at:
		line 318 in file "main.c"
 Parameters:    Size  Location     Type
  targetNbr       2   18[COMRAM] short 
 Auto vars:     Size  Location     Type
		None
 Return value:  Size  Location     Type
                  1    wreg      void 
 Registers used:
		wreg, status,2, status,0
 Tracked objects:
		On entry : 
		On exit  : 
		Unchanged: 
 Data sizes:     COMRAM   BANK0   BANK1   BANK2   BANK3   BANK4   BANK5   BANK6   BANK7   BANK8   BANK9  BANK10  BANK11  BANK12  BANK13
      Params:         2       0       0       0       0       0       0       0       0       0       0       0       0       0       0
      Locals:         0       0       0       0       0       0       0       0       0       0       0       0       0       0       0
      Temps:          0       0       0       0       0       0       0       0       0       0       0       0       0       0       0
      Totals:         2       0       0       0       0       0       0       0       0       0       0       0       0       0       0
Total ram usage:        2 bytes
 Hardware stack levels used:    1
 Hardware stack levels required when called:    1
 This function calls:
		Nothing
 This function is called by:
		_main
 This function uses a non-reentrant model


 *************** function _activateLEDTarget *****************
 Defined at:
		line 323 in file "main.c"
 Parameters:    Size  Location     Type
  targetLED       2   18[COMRAM] PTR short 
		 -> nextTarget(4), 
 Auto vars:     Size  Location     Type
  ledNBR          2   26[COMRAM] short 
 Return value:  Size  Location     Type
                  1    wreg      void 
 Registers used:
		wreg, fsr2l, fsr2h, status,2, status,0
 Tracked objects:
		On entry : 
		On exit  : 
		Unchanged: 
 Data sizes:     COMRAM   BANK0   BANK1   BANK2   BANK3   BANK4   BANK5   BANK6   BANK7   BANK8   BANK9  BANK10  BANK11  BANK12  BANK13
      Params:         2       0       0       0       0       0       0       0       0       0       0       0       0       0       0
      Locals:         2       0       0       0       0       0       0       0       0       0       0       0       0       0       0
      Temps:          6       0       0       0       0       0       0       0       0       0       0       0       0       0       0
      Totals:        10       0       0       0       0       0       0       0       0       0       0       0       0       0       0
Total ram usage:       10 bytes
 Hardware stack levels used:    1
 Hardware stack levels required when called:    1
 This function calls:
		Nothing
 This function is called by:
		_main
 This function uses a non-reentrant model


 *************** function _rxIsr *****************
 Defined at:
		line 210 in file "main.c"
 Parameters:    Size  Location     Type
		None
 Auto vars:     Size  Location     Type
		None
 Return value:  Size  Location     Type
                  1    wreg      void 
 Registers used:
		wreg, status,2, status,0
 Tracked objects:
		On entry : 
		On exit  : 
		Unchanged: 
 Data sizes:     COMRAM   BANK0   BANK1   BANK2   BANK3   BANK4   BANK5   BANK6   BANK7   BANK8   BANK9  BANK10  BANK11  BANK12  BANK13
      Params:         0       0       0       0       0       0       0       0       0       0       0       0       0       0       0
      Locals:         0       0       0       0       0       0       0       0       0       0       0       0       0       0       0
      Temps:         18       0       0       0       0       0       0       0       0       0       0       0       0       0       0
      Totals:        18       0       0       0       0       0       0       0       0       0       0       0       0       0       0
Total ram usage:       18 bytes
 Hardware stack levels used:    1
 This function calls:
		Nothing
 This function is called by:
		Interrupt level 2
 This function uses a non-reentrant model



MODULE INFORMATION

Module		Function		Class		Link	Load	Size
C:\Program Files (x86)\Microchip\xc8\v1.43\sources\common\lwdiv.c
		___lwdiv       		CODE           	13B4	0000	83

C:\Program Files (x86)\Microchip\xc8\v1.43\sources\common\lwdiv.c estimated size: 83

LCD_SPI.c
		_readBusyFlag  		CODE           	17EA	0000	27
		_displayCtrl   		CODE           	14A4	0000	69
		_initialisation_SPI		CODE           	156A	0000	63
		_spi_Send_Read 		CODE           	1818	0000	19
		_putStringLCD  		CODE           	127C	0000	119
		_putchLCD      		CODE           	1618	0000	49
		_fliplr        		CODE           	1406	0000	83
		_clearDisplay  		CODE           	1752	0000	35
		_moveCursor    		CODE           	1458	0000	77
		_initialisation_LCD		CODE           	17B4	0000	29
		_initialisation_PORT		CODE           	152A	0000	65

LCD_SPI.c estimated size: 635

LCD_Game_Printer.c
		_printStat     		CODE           	12F2	0000	105
		_printEndGame  		CODE           	135A	0000	91
		_waitASec      		CODE           	1676	0000	47
		_printStartGame		CODE           	15A8	0000	59
		_printRemTime  		CODE           	16EC	0000	35
		_printMBED     		CODE           	1648	0000	47
		_printPoints   		CODE           	1730	0000	35
		_printRemBullets		CODE           	170E	0000	35

LCD_Game_Printer.c estimated size: 454

C:\Program Files (x86)\Microchip\xc8\v1.43\sources\common\doprnt.c
		_sprintf       		CODE           	104A	0000	349

C:\Program Files (x86)\Microchip\xc8\v1.43\sources\common\doprnt.c estimated size: 349

shared
		_dpowers       		SMALLCONST     	0E01	0000	11
		__initialization		CODE           	15E2	0000	45

shared estimated size: 56

C:\Program Files (x86)\Microchip\xc8\v1.43\sources\common\lwmod.c
		___lwmod       		CODE           	14E8	0000	67

C:\Program Files (x86)\Microchip\xc8\v1.43\sources\common\lwmod.c estimated size: 67

main.c
		_setTimerConfig		CODE           	1804	0000	21
		_activateTarget		CODE           	184C	0000	9
		_activateLEDTarget		CODE           	11A6	0000	215
		_setModeLED    		CODE           	1774	0000	33
		_setUARTconfig 		CODE           	16CA	0000	35
		_toggleGunLED  		CODE           	183C	0000	17
		_getRandomTarget		CODE           	16A4	0000	39
		_main          		CODE           	0E68	0000	483
		_setPinConfig  		CODE           	17D0	0000	27
		_fireShot      		CODE           	185C	0000	5
		_changeMode    		CODE           	182A	0000	19
		_setInterruptConfig		CODE           	1794	0000	33
		_rxIsr         		CODE           	0008	0000	249
		_stopShot      		CODE           	1858	0000	5

main.c estimated size: 1190

